Archive member included to satisfy reference by file (symbol)

C:/Program Files (x86)/Arm GNU Toolchain arm-none-eabi/13.2 Rel1/bin/../lib/gcc/arm-none-eabi/13.2.1/thumb/v8-m.main+fp/hard\libc.a(libc_a-exit.o)
                              C:/Program Files (x86)/Arm GNU Toolchain arm-none-eabi/13.2 Rel1/bin/../lib/gcc/arm-none-eabi/13.2.1/thumb/v8-m.main+fp/hard/crt0.o (exit)
C:/Program Files (x86)/Arm GNU Toolchain arm-none-eabi/13.2 Rel1/bin/../lib/gcc/arm-none-eabi/13.2.1/thumb/v8-m.main+fp/hard\libc.a(libc_a-findfp.o)
                              C:/Program Files (x86)/Arm GNU Toolchain arm-none-eabi/13.2 Rel1/bin/../lib/gcc/arm-none-eabi/13.2.1/thumb/v8-m.main+fp/hard\libc.a(libc_a-exit.o) (__stdio_exit_handler)
C:/Program Files (x86)/Arm GNU Toolchain arm-none-eabi/13.2 Rel1/bin/../lib/gcc/arm-none-eabi/13.2.1/thumb/v8-m.main+fp/hard\libc.a(libc_a-fwalk.o)
                              C:/Program Files (x86)/Arm GNU Toolchain arm-none-eabi/13.2 Rel1/bin/../lib/gcc/arm-none-eabi/13.2.1/thumb/v8-m.main+fp/hard\libc.a(libc_a-findfp.o) (_fwalk_sglue)
C:/Program Files (x86)/Arm GNU Toolchain arm-none-eabi/13.2 Rel1/bin/../lib/gcc/arm-none-eabi/13.2.1/thumb/v8-m.main+fp/hard\libc.a(libc_a-printf.o)
                              ./objects/main.o (printf)
C:/Program Files (x86)/Arm GNU Toolchain arm-none-eabi/13.2 Rel1/bin/../lib/gcc/arm-none-eabi/13.2.1/thumb/v8-m.main+fp/hard\libc.a(libc_a-putchar.o)
                              ./objects/core_main.o (putchar)
C:/Program Files (x86)/Arm GNU Toolchain arm-none-eabi/13.2 Rel1/bin/../lib/gcc/arm-none-eabi/13.2.1/thumb/v8-m.main+fp/hard\libc.a(libc_a-puts.o)
                              ./objects/main.o (puts)
C:/Program Files (x86)/Arm GNU Toolchain arm-none-eabi/13.2 Rel1/bin/../lib/gcc/arm-none-eabi/13.2.1/thumb/v8-m.main+fp/hard\libc.a(libc_a-stdio.o)
                              C:/Program Files (x86)/Arm GNU Toolchain arm-none-eabi/13.2 Rel1/bin/../lib/gcc/arm-none-eabi/13.2.1/thumb/v8-m.main+fp/hard\libc.a(libc_a-findfp.o) (__sread)
C:/Program Files (x86)/Arm GNU Toolchain arm-none-eabi/13.2 Rel1/bin/../lib/gcc/arm-none-eabi/13.2.1/thumb/v8-m.main+fp/hard\libc.a(libc_a-memset.o)
                              C:/Program Files (x86)/Arm GNU Toolchain arm-none-eabi/13.2 Rel1/bin/../lib/gcc/arm-none-eabi/13.2.1/thumb/v8-m.main+fp/hard/crt0.o (memset)
C:/Program Files (x86)/Arm GNU Toolchain arm-none-eabi/13.2 Rel1/bin/../lib/gcc/arm-none-eabi/13.2.1/thumb/v8-m.main+fp/hard\libc.a(libc_a-closer.o)
                              C:/Program Files (x86)/Arm GNU Toolchain arm-none-eabi/13.2 Rel1/bin/../lib/gcc/arm-none-eabi/13.2.1/thumb/v8-m.main+fp/hard\libc.a(libc_a-stdio.o) (_close_r)
C:/Program Files (x86)/Arm GNU Toolchain arm-none-eabi/13.2 Rel1/bin/../lib/gcc/arm-none-eabi/13.2.1/thumb/v8-m.main+fp/hard\libc.a(libc_a-reent.o)
                              C:/Program Files (x86)/Arm GNU Toolchain arm-none-eabi/13.2 Rel1/bin/../lib/gcc/arm-none-eabi/13.2.1/thumb/v8-m.main+fp/hard\libc.a(libc_a-closer.o) (errno)
C:/Program Files (x86)/Arm GNU Toolchain arm-none-eabi/13.2 Rel1/bin/../lib/gcc/arm-none-eabi/13.2.1/thumb/v8-m.main+fp/hard\libc.a(libc_a-impure.o)
                              C:/Program Files (x86)/Arm GNU Toolchain arm-none-eabi/13.2 Rel1/bin/../lib/gcc/arm-none-eabi/13.2.1/thumb/v8-m.main+fp/hard\libc.a(libc_a-printf.o) (_impure_ptr)
C:/Program Files (x86)/Arm GNU Toolchain arm-none-eabi/13.2 Rel1/bin/../lib/gcc/arm-none-eabi/13.2.1/thumb/v8-m.main+fp/hard\libc.a(libc_a-lseekr.o)
                              C:/Program Files (x86)/Arm GNU Toolchain arm-none-eabi/13.2 Rel1/bin/../lib/gcc/arm-none-eabi/13.2.1/thumb/v8-m.main+fp/hard\libc.a(libc_a-stdio.o) (_lseek_r)
C:/Program Files (x86)/Arm GNU Toolchain arm-none-eabi/13.2 Rel1/bin/../lib/gcc/arm-none-eabi/13.2.1/thumb/v8-m.main+fp/hard\libc.a(libc_a-readr.o)
                              C:/Program Files (x86)/Arm GNU Toolchain arm-none-eabi/13.2 Rel1/bin/../lib/gcc/arm-none-eabi/13.2.1/thumb/v8-m.main+fp/hard\libc.a(libc_a-stdio.o) (_read_r)
C:/Program Files (x86)/Arm GNU Toolchain arm-none-eabi/13.2 Rel1/bin/../lib/gcc/arm-none-eabi/13.2.1/thumb/v8-m.main+fp/hard\libc.a(libc_a-writer.o)
                              C:/Program Files (x86)/Arm GNU Toolchain arm-none-eabi/13.2 Rel1/bin/../lib/gcc/arm-none-eabi/13.2.1/thumb/v8-m.main+fp/hard\libc.a(libc_a-stdio.o) (_write_r)
C:/Program Files (x86)/Arm GNU Toolchain arm-none-eabi/13.2 Rel1/bin/../lib/gcc/arm-none-eabi/13.2.1/thumb/v8-m.main+fp/hard\libc.a(libc_a-init.o)
                              C:/Program Files (x86)/Arm GNU Toolchain arm-none-eabi/13.2 Rel1/bin/../lib/gcc/arm-none-eabi/13.2.1/thumb/v8-m.main+fp/hard/crt0.o (__libc_init_array)
C:/Program Files (x86)/Arm GNU Toolchain arm-none-eabi/13.2 Rel1/bin/../lib/gcc/arm-none-eabi/13.2.1/thumb/v8-m.main+fp/hard\libc.a(libc_a-lock.o)
[...]
Memory Configuration

Name             Origin             Length             Attributes
FLASH            0x10000000         0x00200000         xr
RAM              0x38000000         0x00200000         xrw
*default*        0x00000000         0xffffffff

Linker script and memory map

LOAD C:/Program Files (x86)/Arm GNU Toolchain arm-none-eabi/13.2 Rel1/bin/../lib/gcc/arm-none-eabi/13.2.1/thumb/v8-m.main+fp/hard/crtfastmath.o
LOAD C:/Program Files (x86)/Arm GNU Toolchain arm-none-eabi/13.2 Rel1/bin/../lib/gcc/arm-none-eabi/13.2.1/thumb/v8-m.main+fp/hard/crti.o
LOAD C:/Program Files (x86)/Arm GNU Toolchain arm-none-eabi/13.2 Rel1/bin/../lib/gcc/arm-none-eabi/13.2.1/thumb/v8-m.main+fp/hard/crtbegin.o
LOAD C:/Program Files (x86)/Arm GNU Toolchain arm-none-eabi/13.2 Rel1/bin/../lib/gcc/arm-none-eabi/13.2.1/thumb/v8-m.main+fp/hard/crt0.o
LOAD ./objects/platform.o
LOAD ./objects/serial.o
LOAD ./objects/main.o
LOAD ./objects/eventrecorder.o
LOAD ./objects/startup_iotkit_cm33.o
LOAD ./objects/system_iotkit_cm33.o
LOAD ./objects/core_list_join.o
LOAD ./objects/core_matrix.o
LOAD ./objects/core_state.o
LOAD ./objects/core_util.o
LOAD ./objects/core_main.o
LOAD ./objects/perf_counter.o
LOAD ./objects/perfc_port_default.o
LOAD ./objects/systick_wrapper_gcc.o
LOAD ./objects/core_portme.o
LOAD C:/Program Files (x86)/Arm GNU Toolchain arm-none-eabi/13.2 Rel1/bin/../lib/gcc/arm-none-eabi/13.2.1/thumb/v8-m.main+fp/hard\libm.a
LOAD C:/Program Files (x86)/Arm GNU Toolchain arm-none-eabi/13.2 Rel1/bin/../lib/gcc/arm-none-eabi/13.2.1/thumb/v8-m.main+fp/hard\libc.a
START GROUP
LOAD C:/Program Files (x86)/Arm GNU Toolchain arm-none-eabi/13.2 Rel1/bin/../lib/gcc/arm-none-eabi/13.2.1/thumb/v8-m.main+fp/hard\libgcc.a
LOAD C:/Program Files (x86)/Arm GNU Toolchain arm-none-eabi/13.2 Rel1/bin/../lib/gcc/arm-none-eabi/13.2.1/thumb/v8-m.main+fp/hard\libc.a
END GROUP
START GROUP
LOAD C:/Program Files (x86)/Arm GNU Toolchain arm-none-eabi/13.2 Rel1/bin/../lib/gcc/arm-none-eabi/13.2.1/thumb/v8-m.main+fp/hard\libgcc.a
LOAD C:/Program Files (x86)/Arm GNU Toolchain arm-none-eabi/13.2 Rel1/bin/../lib/gcc/arm-none-eabi/13.2.1/thumb/v8-m.main+fp/hard\libc.a
LOAD C:/Program Files (x86)/Arm GNU Toolchain arm-none-eabi/13.2 Rel1/bin/../lib/gcc/arm-none-eabi/13.2.1/thumb/v8-m.main+fp/hard\libnosys.a
END GROUP
LOAD C:/Program Files (x86)/Arm GNU Toolchain arm-none-eabi/13.2 Rel1/bin/../lib/gcc/arm-none-eabi/13.2.1/thumb/v8-m.main+fp/hard/crtend.o
LOAD C:/Program Files (x86)/Arm GNU Toolchain arm-none-eabi/13.2 Rel1/bin/../lib/gcc/arm-none-eabi/13.2.1/thumb/v8-m.main+fp/hard/crtn.o
                0x10000000                        __ROM_BASE = 0x10000000
                0x00200000                        __ROM_SIZE = 0x200000
                0x38000000                        __RAM_BASE = 0x38000000
                0x00200000                        __RAM_SIZE = 0x200000
                0x00001000                        __STACK_SIZE = 0x1000
                0x00001000                        __HEAP_SIZE = 0x1000
                0x00000000                        __STACKSEAL_SIZE = 0x0

.text           0x10000000     0xd4cc
 *(.vectors)
 .vectors       0x10000000      0x400 ./objects/startup_iotkit_cm33.o
                0x10000000                __Vectors
 *(.text*)
 .text.startup.__arm_set_fast_math
                0x10000400       0x10 C:/Program Files (x86)/Arm GNU Toolchain arm-none-eabi/13.2 Rel1/bin/../lib/gcc/arm-none-eabi/13.2.1/thumb/v8-m.main+fp/hard/crtfastmath.o
 .text.deregister_tm_clones
                0x10000410       0x1c C:/Program Files (x86)/Arm GNU Toolchain arm-none-eabi/13.2 Rel1/bin/../lib/gcc/arm-none-eabi/13.2.1/thumb/v8-m.main+fp/hard/crtbegin.o
 .text.register_tm_clones
                0x1000042c       0x28 C:/Program Files (x86)/Arm GNU Toolchain arm-none-eabi/13.2 Rel1/bin/../lib/gcc/arm-none-eabi/13.2.1/thumb/v8-m.main+fp/hard/crtbegin.o
 .text.__do_global_dtors_aux
                0x10000454       0x28 C:/Program Files (x86)/Arm GNU Toolchain arm-none-eabi/13.2 Rel1/bin/../lib/gcc/arm-none-eabi/13.2.1/thumb/v8-m.main+fp/hard/crtbegin.o
 .text.frame_dummy
                0x1000047c       0x24 C:/Program Files (x86)/Arm GNU Toolchain arm-none-eabi/13.2 Rel1/bin/../lib/gcc/arm-none-eabi/13.2.1/thumb/v8-m.main+fp/hard/crtbegin.o
 .text          0x100004a0       0x7c C:/Program Files (x86)/Arm GNU Toolchain arm-none-eabi/13.2 Rel1/bin/../lib/gcc/arm-none-eabi/13.2.1/thumb/v8-m.main+fp/hard/crt0.o
                0x100004a0                _stack_init
                0x100004a8                _start
                0x100004a8                _mainCRTStartup
 .text.SysTick_Handler
                0x1000051c        0x4 ./objects/platform.o
                0x1000051c                SysTick_Handler
 .text.device_specific_init
                0x10000520        0x4 ./objects/platform.o
                0x10000520                device_specific_init
 .text.startup.app_platform_init
                0x10000524       0x18 ./objects/platform.o
                0x10000524                app_platform_init
 .text._write   0x1000053c      0x164 ./objects/serial.o
                0x1000053c                _write
 .text.startup.main
                0x100006a0       0x54 ./objects/main.o
                0x100006a0                main
 .text.EventRecorderInitialize
                0x100006f4      0x8f4 ./objects/eventrecorder.o
                0x100006f4                EventRecorderInitialize
 .text.EventRecordData
                0x10000fe8      0xf34 ./objects/eventrecorder.o
                0x10000fe8                EventRecordData
 .text.HardFault_Handler
                0x10001f1c        0x4 ./objects/startup_iotkit_cm33.o
                0x10001f1c                HardFault_Handler
 .text.Default_Handler
                0x10001f20        0x4 ./objects/startup_iotkit_cm33.o
                0x10001f20                ARM_VSI5_Handler
                0x10001f20                GPIO0_13_Handler
                0x10001f20                GPIO2_4_Handler
                0x10001f20                DebugMon_Handler
                0x10001f20                GPIO2_5_Handler
                0x10001f20                UART3_Handler
                0x10001f20                UART2_Handler
                0x10001f20                GPIO0_14_Handler
                0x10001f20                DMA0_ERROR_Handler
                0x10001f20                TIMER0_Handler
                0x10001f20                GPIO1_10_Handler
                0x10001f20                UART2RX_Handler
                0x10001f20                PendSV_Handler
                0x10001f20                NMI_Handler
                0x10001f20                GPIO2_11_Handler
                0x10001f20                GPIO1_15_Handler
                0x10001f20                GPIO1_5_Handler
                0x10001f20                GPIO2_1_Handler
                0x10001f20                DMA2_ERROR_Handler
                0x10001f20                ARM_VSI3_Handler
                0x10001f20                UART3TX_Handler
                0x10001f20                UART0RX_Handler
                0x10001f20                GPIO1_3_Handler
                0x10001f20                UART1TX_Handler
                0x10001f20                ARM_VSI0_Handler
                0x10001f20                DMA3_TC_Handler
                0x10001f20                GPIO1_4_Handler
                0x10001f20                DMA2_TC_Handler
                0x10001f20                DMA2_Handler
                0x10001f20                GPIO2_8_Handler
                0x10001f20                GPIO2_13_Handler
                0x10001f20                GPIO0_4_Handler
                0x10001f20                UART3RX_Handler
                0x10001f20                TIMER1_Handler
                0x10001f20                GPIO0_15_Handler
                0x10001f20                UsageFault_Handler
                0x10001f20                MPC_Handler
                0x10001f20                GPIO2_2_Handler
                0x10001f20                GPIO1_Handler
                0x10001f20                NONSEC_WATCHDOG_RESET_Handler
                0x10001f20                UART2TX_Handler
                0x10001f20                UARTOVF_Handler
                0x10001f20                GPIO1_14_Handler
                0x10001f20                GPIO0_2_Handler
                0x10001f20                GPIO3_0_Handler
                0x10001f20                GPIO1_12_Handler
                0x10001f20                GPIO0_3_Handler
                0x10001f20                GPIO0_9_Handler
                0x10001f20                UART4TX_Handler
                0x10001f20                UART1_Handler
                0x10001f20                GPIO1_9_Handler
                0x10001f20                NONSEC_WATCHDOG_Handler
                0x10001f20                GPIO1_1_Handler
                0x10001f20                PPC_Handler
                0x10001f20                TSC_Handler
                0x10001f20                GPIO1_7_Handler
                0x10001f20                ETHERNET_Handler
                0x10001f20                UART4_Handler
                0x10001f20                GPIO1_2_Handler
                0x10001f20                GPIO2_7_Handler
                0x10001f20                ARM_VSI6_Handler
                0x10001f20                DMA1_TC_Handler
                0x10001f20                SecureFault_Handler
                0x10001f20                UART0TX_Handler
                0x10001f20                ARM_VSI1_Handler
                0x10001f20                GPIO1_6_Handler
                0x10001f20                Default_Handler
                0x10001f20                GPIO0_6_Handler
                0x10001f20                MSC_Handler
                0x10001f20                GPIO3_1_Handler
                0x10001f20                DMA3_ERROR_Handler
                0x10001f20                SPI2_Handler
                0x10001f20                S32K_TIMER_Handler
                0x10001f20                DMA1_ERROR_Handler
                0x10001f20                GPIO3_2_Handler
                0x10001f20                GPIO2_0_Handler
                0x10001f20                GPIO2_12_Handler
                0x10001f20                MemManage_Handler
                0x10001f20                GPIO3_3_Handler
                0x10001f20                SVC_Handler
                0x10001f20                I2S_Handler
                0x10001f20                GPIO1_8_Handler
                0x10001f20                GPIO0_1_Handler
                0x10001f20                GPIO0_5_Handler
                0x10001f20                SPI1_Handler
                0x10001f20                UART4RX_Handler
                0x10001f20                DMA3_Handler
                0x10001f20                GPIO0_0_Handler
                0x10001f20                GPIO0_12_Handler
                0x10001f20                SPI3_Handler
                0x10001f20                DMA0_TC_Handler
                0x10001f20                GPIO0_11_Handler
                0x10001f20                UART0_Handler
                0x10001f20                UART1RX_Handler
                0x10001f20                GPIO0_8_Handler
                0x10001f20                DUALTIMER_Handler
                0x10001f20                GPIO2_3_Handler
                0x10001f20                BRIDGE_ERROR_Handler
                0x10001f20                GPIO2_6_Handler
                0x10001f20                BusFault_Handler
                0x10001f20                ARM_VSI4_Handler
                0x10001f20                GPIO1_11_Handler
                0x10001f20                DMA1_Handler
                0x10001f20                GPIO2_15_Handler
                0x10001f20                GPIO2_14_Handler
                0x10001f20                GPIO2_Handler
                0x10001f20                GPIO1_0_Handler
                0x10001f20                DMA0_Handler
                0x10001f20                GPIO1_13_Handler
                0x10001f20                ARM_VSI7_Handler
                0x10001f20                GPIO0_7_Handler
                0x10001f20                GPIO2_9_Handler
                0x10001f20                SPI4_Handler
                0x10001f20                GPIO2_10_Handler
                0x10001f20                GPIO0_10_Handler
                0x10001f20                ARM_VSI2_Handler
                0x10001f20                SPI0_Handler
                0x10001f20                GPIO0_Handler
                0x10001f20                GPIO3_Handler
 .text.Reset_Handler
                0x10001f24      0x16c ./objects/startup_iotkit_cm33.o
                0x10001f24                Reset_Handler
 .text.SystemInit
                0x10002090       0x2c ./objects/system_iotkit_cm33.o
                0x10002090                SystemInit
 .text.core_bench_list
                0x100020bc      0x6e4 ./objects/core_list_join.o
                0x100020bc                core_bench_list
 .text.core_list_init
                0x100027a0      0x26c ./objects/core_list_join.o
                0x100027a0                core_list_init
 .text.core_bench_matrix
                0x10002a0c      0xd2c ./objects/core_matrix.o
                0x10002a0c                core_bench_matrix
 .text.core_init_matrix
                0x10003738      0x2e8 ./objects/core_matrix.o
                0x10003738                core_init_matrix
 .text.core_bench_state
                0x10003a20      0x6dc ./objects/core_state.o
                0x10003a20                core_bench_state
 .text.core_init_state
                0x100040fc      0x140 ./objects/core_state.o
                0x100040fc                core_init_state
 .text.get_seed_32
                0x1000423c       0x50 ./objects/core_util.o
                0x1000423c                get_seed_32
 .text.crcu16   0x1000428c      0x1d8 ./objects/core_util.o
                0x1000428c                crcu16
 .text.crcu32   0x10004464      0x3cc ./objects/core_util.o
                0x10004464                crcu32
 .text.crc16    0x10004830      0x1e0 ./objects/core_util.o
                0x10004830                crc16
 .text.check_data_types
                0x10004a10        0x4 ./objects/core_util.o
                0x10004a10                check_data_types
 *fill*         0x10004a14        0x4 
 .text.coremark_main
                0x10004a18      0x894 ./objects/core_main.o
                0x10004a18                coremark_main
 .text.user_code_insert_to_systick_handler
                0x100052ac       0xb4 ./objects/perf_counter.o
                0x100052ac                user_code_insert_to_systick_handler
 .text.__perf_os_patch_init
                0x10005360        0x4 ./objects/perf_counter.o
                0x10005360                __perf_os_patch_init
 .text.get_system_ticks
                0x10005364       0x78 ./objects/perf_counter.o
                0x10005364                get_system_ticks
 .text.init_cycle_counter
                0x100053dc       0x94 ./objects/perf_counter.o
                0x100053dc                init_cycle_counter
 .text.startup.__perf_counter_init
                0x10005470        0x8 ./objects/perf_counter.o
                0x10005470                __perf_counter_init
 .text.EventRecorderTimerSetup
                0x10005478        0x4 ./objects/perf_counter.o
                0x10005478                EventRecorderTimerSetup
 .text.EventRecorderTimerGetFreq
                0x1000547c        0x4 ./objects/perf_counter.o
                0x1000547c                EventRecorderTimerGetFreq
 .text.EventRecorderTimerGetCount
                0x10005480        0x8 ./objects/perf_counter.o
                0x10005480                EventRecorderTimerGetCount
 .text.perfc_port_init_system_timer
                0x10005488       0x28 ./objects/perfc_port_default.o
                0x10005488                perfc_port_init_system_timer
 .text.perfc_port_get_system_timer_freq
                0x100054b0        0xc ./objects/perfc_port_default.o
                0x100054b0                perfc_port_get_system_timer_freq
 .text.perfc_port_is_system_timer_ovf_pending
                0x100054bc       0x10 ./objects/perfc_port_default.o
                0x100054bc                perfc_port_is_system_timer_ovf_pending
 .text.perfc_port_get_system_timer_top
                0x100054cc        0xc ./objects/perfc_port_default.o
                0x100054cc                perfc_port_get_system_timer_top
 .text.perfc_port_get_system_timer_elapsed
                0x100054d8       0x10 ./objects/perfc_port_default.o
                0x100054d8                perfc_port_get_system_timer_elapsed
 .text.perfc_port_clear_system_timer_ovf_pending
                0x100054e8       0x10 ./objects/perfc_port_default.o
                0x100054e8                perfc_port_clear_system_timer_ovf_pending
 .text.start_time
                0x100054f8       0x14 ./objects/core_portme.o
                0x100054f8                start_time
 .text.stop_time
                0x1000550c       0x30 ./objects/core_portme.o
                0x1000550c                stop_time
 .text.get_time
                0x1000553c        0xc ./objects/core_portme.o
                0x1000553c                get_time
 .text.time_in_secs
                0x10005548       0x28 ./objects/core_portme.o
                0x10005548                time_in_secs
 .text.portable_init
                0x10005570       0x10 ./objects/core_portme.o
                0x10005570                portable_init
 .text.portable_fini
                0x10005580        0x8 ./objects/core_portme.o
                0x10005580                portable_fini
 .text.exit     0x10005588       0x1c C:/Program Files (x86)/Arm GNU Toolchain arm-none-eabi/13.2 Rel1/bin/../lib/gcc/arm-none-eabi/13.2.1/thumb/v8-m.main+fp/hard\libc.a(libc_a-exit.o)
                0x10005588                exit
 .text.stdio_exit_handler
                0x100055a4       0x18 C:/Program Files (x86)/Arm GNU Toolchain arm-none-eabi/13.2 Rel1/bin/../lib/gcc/arm-none-eabi/13.2.1/thumb/v8-m.main+fp/hard\libc.a(libc_a-findfp.o)
 .text.cleanup_stdio
                0x100055bc       0x40 C:/Program Files (x86)/Arm GNU Toolchain arm-none-eabi/13.2 Rel1/bin/../lib/gcc/arm-none-eabi/13.2.1/thumb/v8-m.main+fp/hard\libc.a(libc_a-findfp.o)
 .text.global_stdio_init.part.0
                0x100055fc       0xf0 C:/Program Files (x86)/Arm GNU Toolchain arm-none-eabi/13.2 Rel1/bin/../lib/gcc/arm-none-eabi/13.2.1/thumb/v8-m.main+fp/hard\libc.a(libc_a-findfp.o)
 .text.__sinit  0x100056ec       0x3c C:/Program Files (x86)/Arm GNU Toolchain arm-none-eabi/13.2 Rel1/bin/../lib/gcc/arm-none-eabi/13.2.1/thumb/v8-m.main+fp/hard\libc.a(libc_a-findfp.o)
                0x100056ec                __sinit
 .text.__sfp_lock_acquire
                0x10005728        0xc C:/Program Files (x86)/Arm GNU Toolchain arm-none-eabi/13.2 Rel1/bin/../lib/gcc/arm-none-eabi/13.2.1/thumb/v8-m.main+fp/hard\libc.a(libc_a-findfp.o)
                0x10005728                __sfp_lock_acquire
 .text.__sfp_lock_release
                0x10005734        0xc C:/Program Files (x86)/Arm GNU Toolchain arm-none-eabi/13.2 Rel1/bin/../lib/gcc/arm-none-eabi/13.2.1/thumb/v8-m.main+fp/hard\libc.a(libc_a-findfp.o)
                0x10005734                __sfp_lock_release
 .text._fwalk_sglue
                0x10005740       0x44 C:/Program Files (x86)/Arm GNU Toolchain arm-none-eabi/13.2 Rel1/bin/../lib/gcc/arm-none-eabi/13.2.1/thumb/v8-m.main+fp/hard\libc.a(libc_a-fwalk.o)
                0x10005740                _fwalk_sglue
 .text.printf   0x10005784       0x28 C:/Program Files (x86)/Arm GNU Toolchain arm-none-eabi/13.2 Rel1/bin/../lib/gcc/arm-none-eabi/13.2.1/thumb/v8-m.main+fp/hard\libc.a(libc_a-printf.o)
                0x10005784                printf
 .text.putchar  0x100057ac       0x10 C:/Program Files (x86)/Arm GNU Toolchain arm-none-eabi/13.2 Rel1/bin/../lib/gcc/arm-none-eabi/13.2.1/thumb/v8-m.main+fp/hard\libc.a(libc_a-putchar.o)
                0x100057ac                putchar
 .text._puts_r  0x100057bc       0x98 C:/Program Files (x86)/Arm GNU Toolchain arm-none-eabi/13.2 Rel1/bin/../lib/gcc/arm-none-eabi/13.2.1/thumb/v8-m.main+fp/hard\libc.a(libc_a-puts.o)
                0x100057bc                _puts_r
 .text.puts     0x10005854       0x10 C:/Program Files (x86)/Arm GNU Toolchain arm-none-eabi/13.2 Rel1/bin/../lib/gcc/arm-none-eabi/13.2.1/thumb/v8-m.main+fp/hard\libc.a(libc_a-puts.o)
                0x10005854                puts
 .text.__sread  0x10005864       0x24 C:/Program Files (x86)/Arm GNU Toolchain arm-none-eabi/13.2 Rel1/bin/../lib/gcc/arm-none-eabi/13.2.1/thumb/v8-m.main+fp/hard\libc.a(libc_a-stdio.o)
                0x10005864                __sread
 .text.__swrite
                0x10005888       0x40 C:/Program Files (x86)/Arm GNU Toolchain arm-none-eabi/13.2 Rel1/bin/../lib/gcc/arm-none-eabi/13.2.1/thumb/v8-m.main+fp/hard\libc.a(libc_a-stdio.o)
                0x10005888                __swrite
 .text.__sseek  0x100058c8       0x28 C:/Program Files (x86)/Arm GNU Toolchain arm-none-eabi/13.2 Rel1/bin/../lib/gcc/arm-none-eabi/13.2.1/thumb/v8-m.main+fp/hard\libc.a(libc_a-stdio.o)
                0x100058c8                __sseek
 .text.__sclose
                0x100058f0        0x8 C:/Program Files (x86)/Arm GNU Toolchain arm-none-eabi/13.2 Rel1/bin/../lib/gcc/arm-none-eabi/13.2.1/thumb/v8-m.main+fp/hard\libc.a(libc_a-stdio.o)
                0x100058f0                __sclose
 .text.memset   0x100058f8       0xa4 C:/Program Files (x86)/Arm GNU Toolchain arm-none-eabi/13.2 Rel1/bin/../lib/gcc/arm-none-eabi/13.2.1/thumb/v8-m.main+fp/hard\libc.a(libc_a-memset.o)
                0x100058f8                memset
 .text._close_r
                0x1000599c       0x24 C:/Program Files (x86)/Arm GNU Toolchain arm-none-eabi/13.2 Rel1/bin/../lib/gcc/arm-none-eabi/13.2.1/thumb/v8-m.main+fp/hard\libc.a(libc_a-closer.o)
                0x1000599c                _close_r
 .text._lseek_r
                0x100059c0       0x2c C:/Program Files (x86)/Arm GNU Toolchain arm-none-eabi/13.2 Rel1/bin/../lib/gcc/arm-none-eabi/13.2.1/thumb/v8-m.main+fp/hard\libc.a(libc_a-lseekr.o)
                0x100059c0                _lseek_r
 .text._read_r  0x100059ec       0x2c C:/Program Files (x86)/Arm GNU Toolchain arm-none-eabi/13.2 Rel1/bin/../lib/gcc/arm-none-eabi/13.2.1/thumb/v8-m.main+fp/hard\libc.a(libc_a-readr.o)
                0x100059ec                _read_r
 .text._write_r
                0x10005a18       0x2c C:/Program Files (x86)/Arm GNU Toolchain arm-none-eabi/13.2 Rel1/bin/../lib/gcc/arm-none-eabi/13.2.1/thumb/v8-m.main+fp/hard\libc.a(libc_a-writer.o)
                0x10005a18                _write_r
 .text.__libc_init_array
                0x10005a44       0x50 C:/Program Files (x86)/Arm GNU Toolchain arm-none-eabi/13.2 Rel1/bin/../lib/gcc/arm-none-eabi/13.2.1/thumb/v8-m.main+fp/hard\libc.a(libc_a-init.o)
                0x10005a44                __libc_init_array
 .text.__retarget_lock_init_recursive
                0x10005a94        0x4 C:/Program Files (x86)/Arm GNU Toolchain arm-none-eabi/13.2 Rel1/bin/../lib/gcc/arm-none-eabi/13.2.1/thumb/v8-m.main+fp/hard\libc.a(libc_a-lock.o)
                0x10005a94                __retarget_lock_init_recursive
 .text.__retarget_lock_close_recursive
                0x10005a98        0x4 C:/Program Files (x86)/Arm GNU Toolchain arm-none-eabi/13.2 Rel1/bin/../lib/gcc/arm-none-eabi/13.2.1/thumb/v8-m.main+fp/hard\libc.a(libc_a-lock.o)
                0x10005a98                __retarget_lock_close_recursive
 .text.__retarget_lock_acquire_recursive
                0x10005a9c        0x4 C:/Program Files (x86)/Arm GNU Toolchain arm-none-eabi/13.2 Rel1/bin/../lib/gcc/arm-none-eabi/13.2.1/thumb/v8-m.main+fp/hard\libc.a(libc_a-lock.o)
                0x10005a9c                __retarget_lock_acquire_recursive
 .text.__retarget_lock_release_recursive
                0x10005aa0        0x4 C:/Program Files (x86)/Arm GNU Toolchain arm-none-eabi/13.2 Rel1/bin/../lib/gcc/arm-none-eabi/13.2.1/thumb/v8-m.main+fp/hard\libc.a(libc_a-lock.o)
                0x10005aa0                __retarget_lock_release_recursive
 .text          0x10005aa4       0xec C:/Program Files (x86)/Arm GNU Toolchain arm-none-eabi/13.2 Rel1/bin/../lib/gcc/arm-none-eabi/13.2.1/thumb/v8-m.main+fp/hard\libc.a(libc_a-memcpy.o)
                0x10005aa4                memcpy
 .text.strlen   0x10005b90       0x5c C:/Program Files (x86)/Arm GNU Toolchain arm-none-eabi/13.2 Rel1/bin/../lib/gcc/arm-none-eabi/13.2.1/thumb/v8-m.main+fp/hard\libc.a(libc_a-strlen-stub.o)
                0x10005b90                strlen
 .text.startup.register_fini
                0x10005bec       0x14 C:/Program Files (x86)/Arm GNU Toolchain arm-none-eabi/13.2 Rel1/bin/../lib/gcc/arm-none-eabi/13.2.1/thumb/v8-m.main+fp/hard\libc.a(libc_a-__call_atexit.o)
 .text.__call_exitprocs
                0x10005c00       0xbc C:/Program Files (x86)/Arm GNU Toolchain arm-none-eabi/13.2 Rel1/bin/../lib/gcc/arm-none-eabi/13.2.1/thumb/v8-m.main+fp/hard\libc.a(libc_a-__call_atexit.o)
                0x10005c00                __call_exitprocs
 .text.atexit   0x10005cbc        0xc C:/Program Files (x86)/Arm GNU Toolchain arm-none-eabi/13.2 Rel1/bin/../lib/gcc/arm-none-eabi/13.2.1/thumb/v8-m.main+fp/hard\libc.a(libc_a-atexit.o)
                0x10005cbc                atexit
 .text._malloc_trim_r
                0x10005cc8       0xb8 C:/Program Files (x86)/Arm GNU Toolchain arm-none-eabi/13.2 Rel1/bin/../lib/gcc/arm-none-eabi/13.2.1/thumb/v8-m.main+fp/hard\libc.a(libc_a-freer.o)
                0x10005cc8                _malloc_trim_r
 .text._free_r  0x10005d80      0x1f8 C:/Program Files (x86)/Arm GNU Toolchain arm-none-eabi/13.2 Rel1/bin/../lib/gcc/arm-none-eabi/13.2.1/thumb/v8-m.main+fp/hard\libc.a(libc_a-freer.o)
                0x10005d80                _free_r
 .text._malloc_r
                0x10005f78      0x554 C:/Program Files (x86)/Arm GNU Toolchain arm-none-eabi/13.2 Rel1/bin/../lib/gcc/arm-none-eabi/13.2.1/thumb/v8-m.main+fp/hard\libc.a(libc_a-mallocr.o)
                0x10005f78                _malloc_r
 .text.__malloc_lock
                0x100064cc        0xc C:/Program Files (x86)/Arm GNU Toolchain arm-none-eabi/13.2 Rel1/bin/../lib/gcc/arm-none-eabi/13.2.1/thumb/v8-m.main+fp/hard\libc.a(libc_a-mlock.o)
                0x100064cc                __malloc_lock
 .text.__malloc_unlock
                0x100064d8        0xc C:/Program Files (x86)/Arm GNU Toolchain arm-none-eabi/13.2 Rel1/bin/../lib/gcc/arm-none-eabi/13.2.1/thumb/v8-m.main+fp/hard\libc.a(libc_a-mlock.o)
                0x100064d8                __malloc_unlock
 *fill*         0x100064e4        0x4 
 .text._vfprintf_r
                0x100064e8     0x1c50 C:/Program Files (x86)/Arm GNU Toolchain arm-none-eabi/13.2 Rel1/bin/../lib/gcc/arm-none-eabi/13.2.1/thumb/v8-m.main+fp/hard\libc.a(libc_a-vfprintf.o)
                0x100064e8                _vfprintf_r
 .text.__sbprintf
                0x10008138       0x80 C:/Program Files (x86)/Arm GNU Toolchain arm-none-eabi/13.2 Rel1/bin/../lib/gcc/arm-none-eabi/13.2.1/thumb/v8-m.main+fp/hard\libc.a(libc_a-vfprintf.o)
 .text.__sprint_r.part.0
                0x100081b8       0x78 C:/Program Files (x86)/Arm GNU Toolchain arm-none-eabi/13.2 Rel1/bin/../lib/gcc/arm-none-eabi/13.2.1/thumb/v8-m.main+fp/hard\libc.a(libc_a-vfiprintf.o)
 .text.__sprint_r
                0x10008230       0x18 C:/Program Files (x86)/Arm GNU Toolchain arm-none-eabi/13.2 Rel1/bin/../lib/gcc/arm-none-eabi/13.2.1/thumb/v8-m.main+fp/hard\libc.a(libc_a-vfiprintf.o)
                0x10008230                __sprint_r
 .text._vfiprintf_r
                0x10008248      0xfc0 C:/Program Files (x86)/Arm GNU Toolchain arm-none-eabi/13.2 Rel1/bin/../lib/gcc/arm-none-eabi/13.2.1/thumb/v8-m.main+fp/hard\libc.a(libc_a-vfiprintf.o)
                0x10008248                _vfiprintf_r
 .text.__sbprintf
                0x10009208       0x80 C:/Program Files (x86)/Arm GNU Toolchain arm-none-eabi/13.2 Rel1/bin/../lib/gcc/arm-none-eabi/13.2.1/thumb/v8-m.main+fp/hard\libc.a(libc_a-vfiprintf.o)
 .text._fclose_r
                0x10009288       0xc0 C:/Program Files (x86)/Arm GNU Toolchain arm-none-eabi/13.2 Rel1/bin/../lib/gcc/arm-none-eabi/13.2.1/thumb/v8-m.main+fp/hard\libc.a(libc_a-fclose.o)
                0x10009288                _fclose_r
 .text.__sflush_r
                0x10009348      0x138 C:/Program Files (x86)/Arm GNU Toolchain arm-none-eabi/13.2 Rel1/bin/../lib/gcc/arm-none-eabi/13.2.1/thumb/v8-m.main+fp/hard\libc.a(libc_a-fflush.o)
                0x10009348                __sflush_r
 .text._fflush_r
                0x10009480       0x54 C:/Program Files (x86)/Arm GNU Toolchain arm-none-eabi/13.2 Rel1/bin/../lib/gcc/arm-none-eabi/13.2.1/thumb/v8-m.main+fp/hard\libc.a(libc_a-fflush.o)
                0x10009480                _fflush_r
 .text.__sfvwrite_r
                0x100094d4      0x300 C:/Program Files (x86)/Arm GNU Toolchain arm-none-eabi/13.2 Rel1/bin/../lib/gcc/arm-none-eabi/13.2.1/thumb/v8-m.main+fp/hard\libc.a(libc_a-fvwrite.o)
                0x100094d4                __sfvwrite_r
 .text._putc_r  0x100097d4       0x78 C:/Program Files (x86)/Arm GNU Toolchain arm-none-eabi/13.2 Rel1/bin/../lib/gcc/arm-none-eabi/13.2.1/thumb/v8-m.main+fp/hard\libc.a(libc_a-putc.o)
                0x100097d4                _putc_r
 .text.__swbuf_r
                0x1000984c       0xac C:/Program Files (x86)/Arm GNU Toolchain arm-none-eabi/13.2 Rel1/bin/../lib/gcc/arm-none-eabi/13.2.1/thumb/v8-m.main+fp/hard\libc.a(libc_a-wbuf.o)
                0x1000984c                __swbuf_r
 .text.__swsetup_r
                0x100098f8       0xc4 C:/Program Files (x86)/Arm GNU Toolchain arm-none-eabi/13.2 Rel1/bin/../lib/gcc/arm-none-eabi/13.2.1/thumb/v8-m.main+fp/hard\libc.a(libc_a-wsetup.o)
                0x100098f8                __swsetup_r
 .text.__fputwc
                0x100099bc       0x78 C:/Program Files (x86)/Arm GNU Toolchain arm-none-eabi/13.2 Rel1/bin/../lib/gcc/arm-none-eabi/13.2.1/thumb/v8-m.main+fp/hard\libc.a(libc_a-fputwc.o)
                0x100099bc                __fputwc
 .text._fputwc_r
                0x10009a34       0x60 C:/Program Files (x86)/Arm GNU Toolchain arm-none-eabi/13.2 Rel1/bin/../lib/gcc/arm-none-eabi/13.2.1/thumb/v8-m.main+fp/hard\libc.a(libc_a-fputwc.o)
                0x10009a34                _fputwc_r
 .text.memmove  0x10009a94      0x100 C:/Program Files (x86)/Arm GNU Toolchain arm-none-eabi/13.2 Rel1/bin/../lib/gcc/arm-none-eabi/13.2.1/thumb/v8-m.main+fp/hard\libc.a(libc_a-memmove.o)
                0x10009a94                memmove
 .text.strncpy  0x10009b94       0x64 C:/Program Files (x86)/Arm GNU Toolchain arm-none-eabi/13.2 Rel1/bin/../lib/gcc/arm-none-eabi/13.2.1/thumb/v8-m.main+fp/hard\libc.a(libc_a-strncpy.o)
                0x10009b94                strncpy
 .text.__locale_mb_cur_max
                0x10009bf8        0xc C:/Program Files (x86)/Arm GNU Toolchain arm-none-eabi/13.2 Rel1/bin/../lib/gcc/arm-none-eabi/13.2.1/thumb/v8-m.main+fp/hard\libc.a(libc_a-locale.o)
                0x10009bf8                __locale_mb_cur_max
 .text._localeconv_r
                0x10009c04        0x8 C:/Program Files (x86)/Arm GNU Toolchain arm-none-eabi/13.2 Rel1/bin/../lib/gcc/arm-none-eabi/13.2.1/thumb/v8-m.main+fp/hard\libc.a(libc_a-localeconv.o)
                0x10009c04                _localeconv_r
 .text._sbrk_r  0x10009c0c       0x24 C:/Program Files (x86)/Arm GNU Toolchain arm-none-eabi/13.2 Rel1/bin/../lib/gcc/arm-none-eabi/13.2.1/thumb/v8-m.main+fp/hard\libc.a(libc_a-sbrkr.o)
                0x10009c0c                _sbrk_r
 .text.__libc_fini_array
                0x10009c30       0x28 C:/Program Files (x86)/Arm GNU Toolchain arm-none-eabi/13.2 Rel1/bin/../lib/gcc/arm-none-eabi/13.2.1/thumb/v8-m.main+fp/hard\libc.a(libc_a-fini.o)
                0x10009c30                __libc_fini_array
 .text.sysconf  0x10009c58       0x1c C:/Program Files (x86)/Arm GNU Toolchain arm-none-eabi/13.2 Rel1/bin/../lib/gcc/arm-none-eabi/13.2.1/thumb/v8-m.main+fp/hard\libc.a(libc_a-sysconf.o)
                0x10009c58                sysconf
 .text.memchr   0x10009c74       0x98 C:/Program Files (x86)/Arm GNU Toolchain arm-none-eabi/13.2 Rel1/bin/../lib/gcc/arm-none-eabi/13.2.1/thumb/v8-m.main+fp/hard\libc.a(libc_a-memchr-stub.o)
                0x10009c74                memchr
 .text.frexp    0x10009d0c       0x64 C:/Program Files (x86)/Arm GNU Toolchain arm-none-eabi/13.2 Rel1/bin/../lib/gcc/arm-none-eabi/13.2.1/thumb/v8-m.main+fp/hard\libc.a(libm_a-s_frexp.o)
                0x10009d0c                frexp
 .text.__register_exitproc
                0x10009d70       0x84 C:/Program Files (x86)/Arm GNU Toolchain arm-none-eabi/13.2 Rel1/bin/../lib/gcc/arm-none-eabi/13.2.1/thumb/v8-m.main+fp/hard\libc.a(libc_a-__atexit.o)
                0x10009d70                __register_exitproc
 .text.quorem   0x10009df4      0x138 C:/Program Files (x86)/Arm GNU Toolchain arm-none-eabi/13.2 Rel1/bin/../lib/gcc/arm-none-eabi/13.2.1/thumb/v8-m.main+fp/hard\libc.a(libc_a-dtoa.o)
 *fill*         0x10009f2c        0x4 
 .text._dtoa_r  0x10009f30      0xedc C:/Program Files (x86)/Arm GNU Toolchain arm-none-eabi/13.2 Rel1/bin/../lib/gcc/arm-none-eabi/13.2.1/thumb/v8-m.main+fp/hard\libc.a(libc_a-dtoa.o)
                0x10009f30                _dtoa_r
 .text.__ascii_mbtowc
                0x1000ae0c       0x2c C:/Program Files (x86)/Arm GNU Toolchain arm-none-eabi/13.2 Rel1/bin/../lib/gcc/arm-none-eabi/13.2.1/thumb/v8-m.main+fp/hard\libc.a(libc_a-mbtowc_r.o)
                0x1000ae0c                __ascii_mbtowc
 .text._Balloc  0x1000ae38       0x4c C:/Program Files (x86)/Arm GNU Toolchain arm-none-eabi/13.2 Rel1/bin/../lib/gcc/arm-none-eabi/13.2.1/thumb/v8-m.main+fp/hard\libc.a(libc_a-mprec.o)
                0x1000ae38                _Balloc
 .text._Bfree   0x1000ae84       0x14 C:/Program Files (x86)/Arm GNU Toolchain arm-none-eabi/13.2 Rel1/bin/../lib/gcc/arm-none-eabi/13.2.1/thumb/v8-m.main+fp/hard\libc.a(libc_a-mprec.o)
                0x1000ae84                _Bfree
 .text.__multadd
                0x1000ae98       0xa4 C:/Program Files (x86)/Arm GNU Toolchain arm-none-eabi/13.2 Rel1/bin/../lib/gcc/arm-none-eabi/13.2.1/thumb/v8-m.main+fp/hard\libc.a(libc_a-mprec.o)
                0x1000ae98                __multadd
 .text.__hi0bits
                0x1000af3c       0x48 C:/Program Files (x86)/Arm GNU Toolchain arm-none-eabi/13.2 Rel1/bin/../lib/gcc/arm-none-eabi/13.2.1/thumb/v8-m.main+fp/hard\libc.a(libc_a-mprec.o)
                0x1000af3c                __hi0bits
 .text.__lo0bits
                0x1000af84       0x60 C:/Program Files (x86)/Arm GNU Toolchain arm-none-eabi/13.2 Rel1/bin/../lib/gcc/arm-none-eabi/13.2.1/thumb/v8-m.main+fp/hard\libc.a(libc_a-mprec.o)
                0x1000af84                __lo0bits
 .text.__i2b    0x1000afe4       0x5c C:/Program Files (x86)/Arm GNU Toolchain arm-none-eabi/13.2 Rel1/bin/../lib/gcc/arm-none-eabi/13.2.1/thumb/v8-m.main+fp/hard\libc.a(libc_a-mprec.o)
                0x1000afe4                __i2b
 .text.__multiply
                0x1000b040      0x164 C:/Program Files (x86)/Arm GNU Toolchain arm-none-eabi/13.2 Rel1/bin/../lib/gcc/arm-none-eabi/13.2.1/thumb/v8-m.main+fp/hard\libc.a(libc_a-mprec.o)
                0x1000b040                __multiply
 .text.__pow5mult
                0x1000b1a4       0xb4 C:/Program Files (x86)/Arm GNU Toolchain arm-none-eabi/13.2 Rel1/bin/../lib/gcc/arm-none-eabi/13.2.1/thumb/v8-m.main+fp/hard\libc.a(libc_a-mprec.o)
                0x1000b1a4                __pow5mult
 .text.__lshift
                0x1000b258       0xe8 C:/Program Files (x86)/Arm GNU Toolchain arm-none-eabi/13.2 Rel1/bin/../lib/gcc/arm-none-eabi/13.2.1/thumb/v8-m.main+fp/hard\libc.a(libc_a-mprec.o)
                0x1000b258                __lshift
 .text.__mcmp   0x1000b340       0x44 C:/Program Files (x86)/Arm GNU Toolchain arm-none-eabi/13.2 Rel1/bin/../lib/gcc/arm-none-eabi/13.2.1/thumb/v8-m.main+fp/hard\libc.a(libc_a-mprec.o)
                0x1000b340                __mcmp
 .text.__mdiff  0x1000b384      0x180 C:/Program Files (x86)/Arm GNU Toolchain arm-none-eabi/13.2 Rel1/bin/../lib/gcc/arm-none-eabi/13.2.1/thumb/v8-m.main+fp/hard\libc.a(libc_a-mprec.o)
                0x1000b384                __mdiff
 .text.__d2b    0x1000b504       0xc0 C:/Program Files (x86)/Arm GNU Toolchain arm-none-eabi/13.2 Rel1/bin/../lib/gcc/arm-none-eabi/13.2.1/thumb/v8-m.main+fp/hard\libc.a(libc_a-mprec.o)
                0x1000b504                __d2b
 .text._realloc_r
                0x1000b5c4      0x370 C:/Program Files (x86)/Arm GNU Toolchain arm-none-eabi/13.2 Rel1/bin/../lib/gcc/arm-none-eabi/13.2.1/thumb/v8-m.main+fp/hard\libc.a(libc_a-reallocr.o)
                0x1000b5c4                _realloc_r
 .text.__ascii_wctomb
                0x1000b934       0x1c C:/Program Files (x86)/Arm GNU Toolchain arm-none-eabi/13.2 Rel1/bin/../lib/gcc/arm-none-eabi/13.2.1/thumb/v8-m.main+fp/hard\libc.a(libc_a-wctomb_r.o)
                0x1000b934                __ascii_wctomb
 .text._wcrtomb_r
                0x1000b950       0x4c C:/Program Files (x86)/Arm GNU Toolchain arm-none-eabi/13.2 Rel1/bin/../lib/gcc/arm-none-eabi/13.2.1/thumb/v8-m.main+fp/hard\libc.a(libc_a-wcrtomb.o)
                0x1000b950                _wcrtomb_r
 .text._wcsrtombs_r
                0x1000b99c       0x18 C:/Program Files (x86)/Arm GNU Toolchain arm-none-eabi/13.2 Rel1/bin/../lib/gcc/arm-none-eabi/13.2.1/thumb/v8-m.main+fp/hard\libc.a(libc_a-wcsrtombs.o)
                0x1000b99c                _wcsrtombs_r
 .text.__smakebuf_r
                0x1000b9b4       0xdc C:/Program Files (x86)/Arm GNU Toolchain arm-none-eabi/13.2 Rel1/bin/../lib/gcc/arm-none-eabi/13.2.1/thumb/v8-m.main+fp/hard\libc.a(libc_a-makebuf.o)
                0x1000b9b4                __smakebuf_r
 .text._fstat_r
                0x1000ba90       0x2c C:/Program Files (x86)/Arm GNU Toolchain arm-none-eabi/13.2 Rel1/bin/../lib/gcc/arm-none-eabi/13.2.1/thumb/v8-m.main+fp/hard\libc.a(libc_a-fstatr.o)
                0x1000ba90                _fstat_r
 .text._isatty_r
                0x1000babc       0x24 C:/Program Files (x86)/Arm GNU Toolchain arm-none-eabi/13.2 Rel1/bin/../lib/gcc/arm-none-eabi/13.2.1/thumb/v8-m.main+fp/hard\libc.a(libc_a-isattyr.o)
                0x1000babc                _isatty_r
 .text.__errno  0x1000bae0        0xc C:/Program Files (x86)/Arm GNU Toolchain arm-none-eabi/13.2 Rel1/bin/../lib/gcc/arm-none-eabi/13.2.1/thumb/v8-m.main+fp/hard\libc.a(libc_a-errno.o)
                0x1000bae0                __errno
 .text.__assert_func
                0x1000baec       0x3c C:/Program Files (x86)/Arm GNU Toolchain arm-none-eabi/13.2 Rel1/bin/../lib/gcc/arm-none-eabi/13.2.1/thumb/v8-m.main+fp/hard\libc.a(libc_a-assert.o)
                0x1000baec                __assert_func
 .text._calloc_r
                0x1000bb28       0x70 C:/Program Files (x86)/Arm GNU Toolchain arm-none-eabi/13.2 Rel1/bin/../lib/gcc/arm-none-eabi/13.2.1/thumb/v8-m.main+fp/hard\libc.a(libc_a-callocr.o)
                0x1000bb28                _calloc_r
 .text._wcsnrtombs_l
                0x1000bb98       0xfc C:/Program Files (x86)/Arm GNU Toolchain arm-none-eabi/13.2 Rel1/bin/../lib/gcc/arm-none-eabi/13.2.1/thumb/v8-m.main+fp/hard\libc.a(libc_a-wcsnrtombs.o)
                0x1000bb98                _wcsnrtombs_l
 .text._wcsnrtombs_r
                0x1000bc94       0x24 C:/Program Files (x86)/Arm GNU Toolchain arm-none-eabi/13.2 Rel1/bin/../lib/gcc/arm-none-eabi/13.2.1/thumb/v8-m.main+fp/hard\libc.a(libc_a-wcsnrtombs.o)
                0x1000bc94                _wcsnrtombs_r
 .text.fiprintf
                0x1000bcb8       0x28 C:/Program Files (x86)/Arm GNU Toolchain arm-none-eabi/13.2 Rel1/bin/../lib/gcc/arm-none-eabi/13.2.1/thumb/v8-m.main+fp/hard\libc.a(libc_a-fiprintf.o)
                0x1000bcb8                fiprintf
 .text.abort    0x1000bce0       0x10 C:/Program Files (x86)/Arm GNU Toolchain arm-none-eabi/13.2 Rel1/bin/../lib/gcc/arm-none-eabi/13.2.1/thumb/v8-m.main+fp/hard\libc.a(libc_a-abort.o)
                0x1000bce0                abort
 .text.raise    0x1000bcf0       0x58 C:/Program Files (x86)/Arm GNU Toolchain arm-none-eabi/13.2 Rel1/bin/../lib/gcc/arm-none-eabi/13.2.1/thumb/v8-m.main+fp/hard\libc.a(libc_a-signal.o)
                0x1000bcf0                raise
 .text._kill_r  0x1000bd48       0x2c C:/Program Files (x86)/Arm GNU Toolchain arm-none-eabi/13.2 Rel1/bin/../lib/gcc/arm-none-eabi/13.2.1/thumb/v8-m.main+fp/hard\libc.a(libc_a-signalr.o)
                0x1000bd48                _kill_r
 .text._getpid_r
                0x1000bd74        0x4 C:/Program Files (x86)/Arm GNU Toolchain arm-none-eabi/13.2 Rel1/bin/../lib/gcc/arm-none-eabi/13.2.1/thumb/v8-m.main+fp/hard\libc.a(libc_a-signalr.o)
                0x1000bd74                _getpid_r
 .text          0x1000bd78      0x378 C:/Program Files (x86)/Arm GNU Toolchain arm-none-eabi/13.2 Rel1/bin/../lib/gcc/arm-none-eabi/13.2.1/thumb/v8-m.main+fp/hard\libgcc.a(_arm_addsubdf3.o)
                0x1000bd78                __aeabi_drsub
                0x1000bd80                __aeabi_dsub
                0x1000bd80                __subdf3
                0x1000bd84                __aeabi_dadd
                0x1000bd84                __adddf3
                0x1000bffc                __floatunsidf
                0x1000bffc                __aeabi_ui2d
                0x1000c01c                __floatsidf
                0x1000c01c                __aeabi_i2d
                0x1000c040                __aeabi_f2d
                0x1000c040                __extendsfdf2
                0x1000c084                __floatundidf
                0x1000c084                __aeabi_ul2d
                0x1000c094                __floatdidf
                0x1000c094                __aeabi_l2d
 .text          0x1000c0f0      0x424 C:/Program Files (x86)/Arm GNU Toolchain arm-none-eabi/13.2 Rel1/bin/../lib/gcc/arm-none-eabi/13.2.1/thumb/v8-m.main+fp/hard\libgcc.a(_arm_muldivdf3.o)
                0x1000c0f0                __aeabi_dmul
                0x1000c0f0                __muldf3
                0x1000c344                __divdf3
                0x1000c344                __aeabi_ddiv
 .text          0x1000c514      0x110 C:/Program Files (x86)/Arm GNU Toolchain arm-none-eabi/13.2 Rel1/bin/../lib/gcc/arm-none-eabi/13.2.1/thumb/v8-m.main+fp/hard\libgcc.a(_arm_cmpdf2.o)
                0x1000c514                __gtdf2
                0x1000c514                __gedf2
                0x1000c51c                __ltdf2
                0x1000c51c                __ledf2
                0x1000c524                __nedf2
                0x1000c524                __eqdf2
                0x1000c524                __cmpdf2
                0x1000c5a0                __aeabi_cdrcmple
                0x1000c5b0                __aeabi_cdcmpeq
                0x1000c5b0                __aeabi_cdcmple
                0x1000c5c0                __aeabi_dcmpeq
                0x1000c5d4                __aeabi_dcmplt
                0x1000c5e8                __aeabi_dcmple
                0x1000c5fc                __aeabi_dcmpge
                0x1000c610                __aeabi_dcmpgt
 .text          0x1000c624       0x2c C:/Program Files (x86)/Arm GNU Toolchain arm-none-eabi/13.2 Rel1/bin/../lib/gcc/arm-none-eabi/13.2.1/thumb/v8-m.main+fp/hard\libgcc.a(_arm_unorddf2.o)
                0x1000c624                __unorddf2
                0x1000c624                __aeabi_dcmpun
 .text          0x1000c650       0x50 C:/Program Files (x86)/Arm GNU Toolchain arm-none-eabi/13.2 Rel1/bin/../lib/gcc/arm-none-eabi/13.2.1/thumb/v8-m.main+fp/hard\libgcc.a(_arm_fixdfsi.o)
                0x1000c650                __aeabi_d2iz
                0x1000c650                __fixdfsi
 .text          0x1000c6a0       0x40 C:/Program Files (x86)/Arm GNU Toolchain arm-none-eabi/13.2 Rel1/bin/../lib/gcc/arm-none-eabi/13.2.1/thumb/v8-m.main+fp/hard\libgcc.a(_arm_fixunsdfsi.o)
                0x1000c6a0                __aeabi_d2uiz
                0x1000c6a0                __fixunsdfsi
 .text          0x1000c6e0       0xa0 C:/Program Files (x86)/Arm GNU Toolchain arm-none-eabi/13.2 Rel1/bin/../lib/gcc/arm-none-eabi/13.2.1/thumb/v8-m.main+fp/hard\libgcc.a(_aeabi_ldivmod.o)
                0x1000c6e0                __aeabi_ldivmod
 .text.__udivmoddi4
                0x1000c780      0x300 C:/Program Files (x86)/Arm GNU Toolchain arm-none-eabi/13.2 Rel1/bin/../lib/gcc/arm-none-eabi/13.2.1/thumb/v8-m.main+fp/hard\libgcc.a(_udivmoddi4.o)
                0x1000c780                __udivmoddi4
 .text          0x1000ca80        0x4 C:/Program Files (x86)/Arm GNU Toolchain arm-none-eabi/13.2 Rel1/bin/../lib/gcc/arm-none-eabi/13.2.1/thumb/v8-m.main+fp/hard\libgcc.a(_dvmd_tls.o)
                0x1000ca80                __aeabi_idiv0
                0x1000ca80                __aeabi_ldiv0
 .text._close   0x1000ca84       0x10 C:/Program Files (x86)/Arm GNU Toolchain arm-none-eabi/13.2 Rel1/bin/../lib/gcc/arm-none-eabi/13.2.1/thumb/v8-m.main+fp/hard\libnosys.a(close.o)
                0x1000ca84                _close
 .text._fstat   0x1000ca94       0x10 C:/Program Files (x86)/Arm GNU Toolchain arm-none-eabi/13.2 Rel1/bin/../lib/gcc/arm-none-eabi/13.2.1/thumb/v8-m.main+fp/hard\libnosys.a(fstat.o)
                0x1000ca94                _fstat
 .text._getpid  0x1000caa4       0x10 C:/Program Files (x86)/Arm GNU Toolchain arm-none-eabi/13.2 Rel1/bin/../lib/gcc/arm-none-eabi/13.2.1/thumb/v8-m.main+fp/hard\libnosys.a(getpid.o)
                0x1000caa4                _getpid
 .text._isatty  0x1000cab4       0x10 C:/Program Files (x86)/Arm GNU Toolchain arm-none-eabi/13.2 Rel1/bin/../lib/gcc/arm-none-eabi/13.2.1/thumb/v8-m.main+fp/hard\libnosys.a(isatty.o)
                0x1000cab4                _isatty
 .text._kill    0x1000cac4       0x10 C:/Program Files (x86)/Arm GNU Toolchain arm-none-eabi/13.2 Rel1/bin/../lib/gcc/arm-none-eabi/13.2.1/thumb/v8-m.main+fp/hard\libnosys.a(kill.o)
                0x1000cac4                _kill
 .text._lseek   0x1000cad4       0x10 C:/Program Files (x86)/Arm GNU Toolchain arm-none-eabi/13.2 Rel1/bin/../lib/gcc/arm-none-eabi/13.2.1/thumb/v8-m.main+fp/hard\libnosys.a(lseek.o)
                0x1000cad4                _lseek
 .text._read    0x1000cae4       0x10 C:/Program Files (x86)/Arm GNU Toolchain arm-none-eabi/13.2 Rel1/bin/../lib/gcc/arm-none-eabi/13.2.1/thumb/v8-m.main+fp/hard\libnosys.a(read.o)
                0x1000cae4                _read
 .text._sbrk    0x1000caf4       0x20 C:/Program Files (x86)/Arm GNU Toolchain arm-none-eabi/13.2 Rel1/bin/../lib/gcc/arm-none-eabi/13.2.1/thumb/v8-m.main+fp/hard\libnosys.a(sbrk.o)
                0x1000caf4                _sbrk
 .text._exit    0x1000cb14        0x4 C:/Program Files (x86)/Arm GNU Toolchain arm-none-eabi/13.2 Rel1/bin/../lib/gcc/arm-none-eabi/13.2.1/thumb/v8-m.main+fp/hard\libnosys.a(_exit.o)
                0x1000cb14                _exit
 *(.init)
 .init          0x1000cb18        0x4 C:/Program Files (x86)/Arm GNU Toolchain arm-none-eabi/13.2 Rel1/bin/../lib/gcc/arm-none-eabi/13.2.1/thumb/v8-m.main+fp/hard/crti.o
                0x1000cb18                _init
 .init          0x1000cb1c        0x8 C:/Program Files (x86)/Arm GNU Toolchain arm-none-eabi/13.2 Rel1/bin/../lib/gcc/arm-none-eabi/13.2.1/thumb/v8-m.main+fp/hard/crtn.o
 *(.fini)
 .fini          0x1000cb24        0x4 C:/Program Files (x86)/Arm GNU Toolchain arm-none-eabi/13.2 Rel1/bin/../lib/gcc/arm-none-eabi/13.2.1/thumb/v8-m.main+fp/hard/crti.o
                0x1000cb24                _fini
 .fini          0x1000cb28        0x8 C:/Program Files (x86)/Arm GNU Toolchain arm-none-eabi/13.2 Rel1/bin/../lib/gcc/arm-none-eabi/13.2.1/thumb/v8-m.main+fp/hard/crtn.o
 *crtbegin.o(.ctors)
 *crtbegin?.o(.ctors)
 *(EXCLUDE_FILE(*crtend.o *crtend?.o) .ctors)
 *(SORT_BY_NAME(.ctors.*))
 *(.ctors)
 *crtbegin.o(.dtors)
 *crtbegin?.o(.dtors)
 *(EXCLUDE_FILE(*crtend.o *crtend?.o) .dtors)
 *(SORT_BY_NAME(.dtors.*))
 *(.dtors)
 *(.rodata*)
 .rodata.main.str1.4
                0x1000cb30      0x6cf ./objects/main.o
                                 0x77 (size before relaxing)
 *fill*         0x1000d1ff        0x1 
 .rodata.EventRecorderInfo
                0x1000d200       0x18 ./objects/eventrecorder.o
                0x1000d200                EventRecorderInfo
 .rodata.str1.4
                0x1000d218       0xad ./objects/core_state.o
 .rodata.errpat
                0x1000d218       0x10 ./objects/core_state.o
 .rodata.scipat
                0x1000d228       0x10 ./objects/core_state.o
 .rodata.floatpat
                0x1000d238       0x10 ./objects/core_state.o
 .rodata.intpat
                0x1000d248       0x10 ./objects/core_state.o
 .rodata.coremark_main.str1.4
                0x1000d258      0x404 ./objects/core_main.o
 .rodata._puts_r.str1.4
                0x1000d258        0x2 C:/Program Files (x86)/Arm GNU Toolchain arm-none-eabi/13.2 Rel1/bin/../lib/gcc/arm-none-eabi/13.2.1/thumb/v8-m.main+fp/hard\libc.a(libc_a-puts.o)
 .rodata._vfprintf_r.str1.4
                0x1000d258       0x42 C:/Program Files (x86)/Arm GNU Toolchain arm-none-eabi/13.2 Rel1/bin/../lib/gcc/arm-none-eabi/13.2.1/thumb/v8-m.main+fp/hard\libc.a(libc_a-vfprintf.o)
 .rodata.zeroes.0
                0x1000d258       0x10 C:/Program Files (x86)/Arm GNU Toolchain arm-none-eabi/13.2 Rel1/bin/../lib/gcc/arm-none-eabi/13.2.1/thumb/v8-m.main+fp/hard\libc.a(libc_a-vfprintf.o)
 .rodata.blanks.1
                0x1000d268       0x10 C:/Program Files (x86)/Arm GNU Toolchain arm-none-eabi/13.2 Rel1/bin/../lib/gcc/arm-none-eabi/13.2.1/thumb/v8-m.main+fp/hard\libc.a(libc_a-vfprintf.o)
 .rodata._vfiprintf_r.str1.4
                0x1000d278       0x2f C:/Program Files (x86)/Arm GNU Toolchain arm-none-eabi/13.2 Rel1/bin/../lib/gcc/arm-none-eabi/13.2.1/thumb/v8-m.main+fp/hard\libc.a(libc_a-vfiprintf.o)
 .rodata.zeroes.0
                0x1000d278       0x10 C:/Program Files (x86)/Arm GNU Toolchain arm-none-eabi/13.2 Rel1/bin/../lib/gcc/arm-none-eabi/13.2.1/thumb/v8-m.main+fp/hard\libc.a(libc_a-vfiprintf.o)
 .rodata.blanks.1
                0x1000d288       0x10 C:/Program Files (x86)/Arm GNU Toolchain arm-none-eabi/13.2 Rel1/bin/../lib/gcc/arm-none-eabi/13.2.1/thumb/v8-m.main+fp/hard\libc.a(libc_a-vfiprintf.o)
 .rodata.str1.4
                0x1000d298       0x4c C:/Program Files (x86)/Arm GNU Toolchain arm-none-eabi/13.2 Rel1/bin/../lib/gcc/arm-none-eabi/13.2.1/thumb/v8-m.main+fp/hard\libc.a(libc_a-locale.o)
 .rodata._dtoa_r.str1.4
                0x1000d298       0x81 C:/Program Files (x86)/Arm GNU Toolchain arm-none-eabi/13.2 Rel1/bin/../lib/gcc/arm-none-eabi/13.2.1/thumb/v8-m.main+fp/hard\libc.a(libc_a-dtoa.o)
 .rodata.__multadd.str1.4
                0x1000d298       0x6e C:/Program Files (x86)/Arm GNU Toolchain arm-none-eabi/13.2 Rel1/bin/../lib/gcc/arm-none-eabi/13.2.1/thumb/v8-m.main+fp/hard\libc.a(libc_a-mprec.o)
 .rodata.p05.0  0x1000d298        0xc C:/Program Files (x86)/Arm GNU Toolchain arm-none-eabi/13.2 Rel1/bin/../lib/gcc/arm-none-eabi/13.2.1/thumb/v8-m.main+fp/hard\libc.a(libc_a-mprec.o)
 *fill*         0x1000d2a4        0x4 
 .rodata.__mprec_bigtens
                0x1000d2a8       0x28 C:/Program Files (x86)/Arm GNU Toolchain arm-none-eabi/13.2 Rel1/bin/../lib/gcc/arm-none-eabi/13.2.1/thumb/v8-m.main+fp/hard\libc.a(libc_a-mprec.o)
                0x1000d2a8                __mprec_bigtens
 .rodata.__mprec_tens
                0x1000d2d0       0xc8 C:/Program Files (x86)/Arm GNU Toolchain arm-none-eabi/13.2 Rel1/bin/../lib/gcc/arm-none-eabi/13.2.1/thumb/v8-m.main+fp/hard\libc.a(libc_a-mprec.o)
                0x1000d2d0                __mprec_tens
 .rodata._ctype_
                0x1000d398      0x101 C:/Program Files (x86)/Arm GNU Toolchain arm-none-eabi/13.2 Rel1/bin/../lib/gcc/arm-none-eabi/13.2.1/thumb/v8-m.main+fp/hard\libc.a(libc_a-ctype_.o)
                0x1000d398                _ctype_
 .rodata.__assert_func.str1.4
                0x1000d499       0x43 C:/Program Files (x86)/Arm GNU Toolchain arm-none-eabi/13.2 Rel1/bin/../lib/gcc/arm-none-eabi/13.2.1/thumb/v8-m.main+fp/hard\libc.a(libc_a-assert.o)
 *(.eh_frame*)
 *fill*         0x1000d499        0x3 
 .eh_frame      0x1000d49c        0x0 C:/Program Files (x86)/Arm GNU Toolchain arm-none-eabi/13.2 Rel1/bin/../lib/gcc/arm-none-eabi/13.2.1/thumb/v8-m.main+fp/hard/crtbegin.o
 .eh_frame      0x1000d49c       0x2c C:/Program Files (x86)/Arm GNU Toolchain arm-none-eabi/13.2 Rel1/bin/../lib/gcc/arm-none-eabi/13.2.1/thumb/v8-m.main+fp/hard\libc.a(libc_a-memcpy.o)
 .eh_frame      0x1000d4c8        0x4 C:/Program Files (x86)/Arm GNU Toolchain arm-none-eabi/13.2 Rel1/bin/../lib/gcc/arm-none-eabi/13.2.1/thumb/v8-m.main+fp/hard/crtend.o
 *(.text._write)
 *(SysTick_Handler)

.glue_7         0x1000d4cc        0x0
 .glue_7        0x1000d4cc        0x0 linker stubs

.glue_7t        0x1000d4cc        0x0
 .glue_7t       0x1000d4cc        0x0 linker stubs

.vfp11_veneer   0x1000d4cc        0x0
 .vfp11_veneer  0x1000d4cc        0x0 linker stubs

.v4_bx          0x1000d4cc        0x0
 .v4_bx         0x1000d4cc        0x0 linker stubs

.iplt           0x1000d4cc        0x0
 .iplt          0x1000d4cc        0x0 C:/Program Files (x86)/Arm GNU Toolchain arm-none-eabi/13.2 Rel1/bin/../lib/gcc/arm-none-eabi/13.2.1/thumb/v8-m.main+fp/hard/crtfastmath.o

.ARM.extab
 *(.ARM.extab* .gnu.linkonce.armextab.*)
                0x1000d4cc                        __exidx_start = .

.ARM.exidx      0x1000d4cc        0x8
 *(.ARM.exidx* .gnu.linkonce.armexidx.*)
 .ARM.exidx     0x1000d4cc        0x8 C:/Program Files (x86)/Arm GNU Toolchain arm-none-eabi/13.2 Rel1/bin/../lib/gcc/arm-none-eabi/13.2.1/thumb/v8-m.main+fp/hard/crt0.o
                                 0x10 (size before relaxing)
 .ARM.exidx     0x1000d4d4        0x0 C:/Program Files (x86)/Arm GNU Toolchain arm-none-eabi/13.2 Rel1/bin/../lib/gcc/arm-none-eabi/13.2.1/thumb/v8-m.main+fp/hard\libc.a(libc_a-memcpy.o)
                                  0x8 (size before relaxing)
 .ARM.exidx.text.__udivmoddi4
                0x1000d4d4        0x0 C:/Program Files (x86)/Arm GNU Toolchain arm-none-eabi/13.2 Rel1/bin/../lib/gcc/arm-none-eabi/13.2.1/thumb/v8-m.main+fp/hard\libgcc.a(_udivmoddi4.o)
                                  0x8 (size before relaxing)
                0x1000d4d4                        __exidx_end = .

.rel.dyn        0x1000d4d4        0x0
 .rel.iplt      0x1000d4d4        0x0 C:/Program Files (x86)/Arm GNU Toolchain arm-none-eabi/13.2 Rel1/bin/../lib/gcc/arm-none-eabi/13.2.1/thumb/v8-m.main+fp/hard/crtfastmath.o

.copy.table     0x1000d4d4        0xc
                0x1000d4d4                        . = ALIGN (0x4)
                0x1000d4d4                        __copy_table_start__ = .
                0x1000d4d4        0x4 LONG 0x1000d4e0 __etext
                0x1000d4d8        0x4 LONG 0x38000000 __data_start__
                0x1000d4dc        0x4 LONG 0x1b9 ((__data_end__ - __data_start__) / 0x4)
                0x1000d4e0                        __copy_table_end__ = .

.zero.table     0x1000d4e0        0x0
                0x1000d4e0                        . = ALIGN (0x4)
                0x1000d4e0                        __zero_table_start__ = .
                0x1000d4e0                        __zero_table_end__ = .
                0x1000d4e0                        __etext = ALIGN (0x4)

.data           0x38000000      0x6e4 load address 0x1000d4e0
                0x38000000                        __data_start__ = .
 *(vtable)
 *(.data)
 *(.data.*)
 .data.SystemCoreClock
                0x38000000        0x4 ./objects/system_iotkit_cm33.o
                0x38000000                SystemCoreClock
 .data.s_wMSUnit
                0x38000004        0x4 ./objects/perf_counter.o
 .data.s_wUSUnit
                0x38000008        0x4 ./objects/perf_counter.o
 .data.default_num_contexts
                0x3800000c        0x4 ./objects/core_portme.o
                0x3800000c                default_num_contexts
 .data.seed4_volatile
                0x38000010        0x4 ./objects/core_portme.o
                0x38000010                seed4_volatile
 .data.seed3_volatile
                0x38000014        0x4 ./objects/core_portme.o
                0x38000014                seed3_volatile
 .data.__sglue  0x38000018        0xc C:/Program Files (x86)/Arm GNU Toolchain arm-none-eabi/13.2 Rel1/bin/../lib/gcc/arm-none-eabi/13.2.1/thumb/v8-m.main+fp/hard\libc.a(libc_a-findfp.o)
                0x38000018                __sglue
 .data._impure_ptr
                0x38000024        0x4 C:/Program Files (x86)/Arm GNU Toolchain arm-none-eabi/13.2 Rel1/bin/../lib/gcc/arm-none-eabi/13.2.1/thumb/v8-m.main+fp/hard\libc.a(libc_a-impure.o)
                0x38000024                _impure_ptr
 .data._impure_data
                0x38000028      0x120 C:/Program Files (x86)/Arm GNU Toolchain arm-none-eabi/13.2 Rel1/bin/../lib/gcc/arm-none-eabi/13.2.1/thumb/v8-m.main+fp/hard\libc.a(libc_a-impure.o)
                0x38000028                _impure_data
 .data.__atexit_recursive_mutex
                0x38000148        0x4 C:/Program Files (x86)/Arm GNU Toolchain arm-none-eabi/13.2 Rel1/bin/../lib/gcc/arm-none-eabi/13.2.1/thumb/v8-m.main+fp/hard\libc.a(libc_a-__call_atexit.o)
                0x38000148                __atexit_recursive_mutex
 .data.__malloc_sbrk_base
                0x3800014c        0x4 C:/Program Files (x86)/Arm GNU Toolchain arm-none-eabi/13.2 Rel1/bin/../lib/gcc/arm-none-eabi/13.2.1/thumb/v8-m.main+fp/hard\libc.a(libc_a-mallocr.o)
                0x3800014c                __malloc_sbrk_base
 .data.__malloc_trim_threshold
                0x38000150        0x4 C:/Program Files (x86)/Arm GNU Toolchain arm-none-eabi/13.2 Rel1/bin/../lib/gcc/arm-none-eabi/13.2.1/thumb/v8-m.main+fp/hard\libc.a(libc_a-mallocr.o)
                0x38000150                __malloc_trim_threshold
 *fill*         0x38000154        0x4 
 .data.__malloc_av_
                0x38000158      0x408 C:/Program Files (x86)/Arm GNU Toolchain arm-none-eabi/13.2 Rel1/bin/../lib/gcc/arm-none-eabi/13.2.1/thumb/v8-m.main+fp/hard\libc.a(libc_a-mallocr.o)
                0x38000158                __malloc_av_
 .data.__global_locale
                0x38000560      0x16c C:/Program Files (x86)/Arm GNU Toolchain arm-none-eabi/13.2 Rel1/bin/../lib/gcc/arm-none-eabi/13.2.1/thumb/v8-m.main+fp/hard\libc.a(libc_a-locale.o)
                0x38000560                __global_locale
                0x380006cc                        . = ALIGN (0x4)
                0x380006cc                        PROVIDE (__preinit_array_start = .)
 *(.preinit_array)
                0x380006cc                        PROVIDE (__preinit_array_end = .)
                0x380006cc                        . = ALIGN (0x4)
                0x380006cc                        PROVIDE (__init_array_start = .)
 *(SORT_BY_NAME(.init_array.*))
 .init_array.00000
                0x380006cc        0x4 C:/Program Files (x86)/Arm GNU Toolchain arm-none-eabi/13.2 Rel1/bin/../lib/gcc/arm-none-eabi/13.2.1/thumb/v8-m.main+fp/hard\libc.a(libc_a-__call_atexit.o)
 .init_array.00101
                0x380006d0        0x4 ./objects/platform.o
 *(.init_array)
 .init_array    0x380006d4        0x4 C:/Program Files (x86)/Arm GNU Toolchain arm-none-eabi/13.2 Rel1/bin/../lib/gcc/arm-none-eabi/13.2.1/thumb/v8-m.main+fp/hard/crtfastmath.o
 .init_array    0x380006d8        0x4 C:/Program Files (x86)/Arm GNU Toolchain arm-none-eabi/13.2 Rel1/bin/../lib/gcc/arm-none-eabi/13.2.1/thumb/v8-m.main+fp/hard/crtbegin.o
 .init_array    0x380006dc        0x4 ./objects/perf_counter.o
                0x380006e0                        PROVIDE (__init_array_end = .)
                0x380006e0                        . = ALIGN (0x4)
                0x380006e0                        PROVIDE (__fini_array_start = .)
 *(SORT_BY_NAME(.fini_array.*))
 *(.fini_array)
 .fini_array    0x380006e0        0x4 C:/Program Files (x86)/Arm GNU Toolchain arm-none-eabi/13.2 Rel1/bin/../lib/gcc/arm-none-eabi/13.2.1/thumb/v8-m.main+fp/hard/crtbegin.o
                0x380006e4                        PROVIDE (__fini_array_end = .)
 *(.jcr*)
                0x380006e4                        . = ALIGN (0x4)
                0x380006e4                        __data_end__ = .

.igot.plt       0x380006e4        0x0 load address 0x1000dbc4
 .igot.plt      0x380006e4        0x0 C:/Program Files (x86)/Arm GNU Toolchain arm-none-eabi/13.2 Rel1/bin/../lib/gcc/arm-none-eabi/13.2.1/thumb/v8-m.main+fp/hard/crtfastmath.o

.tm_clone_table
                0x380006e4        0x0 load address 0x1000dbc4
 .tm_clone_table
                0x380006e4        0x0 C:/Program Files (x86)/Arm GNU Toolchain arm-none-eabi/13.2 Rel1/bin/../lib/gcc/arm-none-eabi/13.2.1/thumb/v8-m.main+fp/hard/crtbegin.o
 .tm_clone_table
                0x380006e4        0x0 C:/Program Files (x86)/Arm GNU Toolchain arm-none-eabi/13.2 Rel1/bin/../lib/gcc/arm-none-eabi/13.2.1/thumb/v8-m.main+fp/hard/crtend.o

.bss_noinit     0x380006e4        0x0
                0x380006e4                        . = ALIGN (0x4)
                0x380006e4                        __bss_noinit_start__ = .
 *(.bss.noinit)
 *(.bss.noinit.*)
                0x380006e4                        . = ALIGN (0x4)
                0x380006e4                        __bss_noinit_end__ = .

.bss            0x380006e8      0x39c
                0x380006e8                        . = ALIGN (0x4)
                0x380006e8                        __bss_start__ = .
 *(.bss)
 *(.bss.*)
 .bss.completed.1
                0x380006e8        0x1 C:/Program Files (x86)/Arm GNU Toolchain arm-none-eabi/13.2 Rel1/bin/../lib/gcc/arm-none-eabi/13.2.1/thumb/v8-m.main+fp/hard/crtbegin.o
 *fill*         0x380006e9        0x3 
 .bss.object.0  0x380006ec       0x18 C:/Program Files (x86)/Arm GNU Toolchain arm-none-eabi/13.2 Rel1/bin/../lib/gcc/arm-none-eabi/13.2.1/thumb/v8-m.main+fp/hard/crtbegin.o
 .bss.buffer.0  0x38000704        0x8 ./objects/serial.o
 .bss.index.1   0x3800070c        0x4 ./objects/serial.o
 .bss.TS_OverflowLock
                0x38000710        0x1 ./objects/eventrecorder.o
 *fill*         0x38000711        0x7 
 .bss.dfCoremarkScore
                0x38000718        0x8 ./objects/core_main.o
                0x38000718                dfCoremarkScore
 .bss.s_lSystemClockCounts
                0x38000720        0x8 ./objects/perf_counter.o
 .bss.s_lSystemUS
                0x38000728        0x8 ./objects/perf_counter.o
 .bss.s_lSystemMS
                0x38000730        0x8 ./objects/perf_counter.o
 .bss.s_wUSResidule
                0x38000738        0x4 ./objects/perf_counter.o
 .bss.s_wMSResidule
                0x3800073c        0x4 ./objects/perf_counter.o
 .bss.g_nOffset
                0x38000740        0x4 ./objects/perf_counter.o
                0x38000740                g_nOffset
 *fill*         0x38000744        0x4 
 .bss.s_lOldTimestamp
                0x38000748        0x8 ./objects/perf_counter.o
 .bss.g_lLastTimeStamp
                0x38000750        0x8 ./objects/perf_counter.o
                0x38000750                g_lLastTimeStamp
 .bss.s_tCycleElapsed
                0x38000758        0x8 ./objects/core_portme.o
 .bss.seed5_volatile
                0x38000760        0x4 ./objects/core_portme.o
                0x38000760                seed5_volatile
 .bss.seed2_volatile
                0x38000764        0x4 ./objects/core_portme.o
                0x38000764                seed2_volatile
 .bss.seed1_volatile
                0x38000768        0x4 ./objects/core_portme.o
                0x38000768                seed1_volatile
 .bss.__sf      0x3800076c      0x138 C:/Program Files (x86)/Arm GNU Toolchain arm-none-eabi/13.2 Rel1/bin/../lib/gcc/arm-none-eabi/13.2.1/thumb/v8-m.main+fp/hard\libc.a(libc_a-findfp.o)
                0x3800076c                __sf
 .bss.__stdio_exit_handler
                0x380008a4        0x4 C:/Program Files (x86)/Arm GNU Toolchain arm-none-eabi/13.2 Rel1/bin/../lib/gcc/arm-none-eabi/13.2.1/thumb/v8-m.main+fp/hard\libc.a(libc_a-findfp.o)
                0x380008a4                __stdio_exit_handler
 .bss.errno     0x380008a8        0x4 C:/Program Files (x86)/Arm GNU Toolchain arm-none-eabi/13.2 Rel1/bin/../lib/gcc/arm-none-eabi/13.2.1/thumb/v8-m.main+fp/hard\libc.a(libc_a-reent.o)
                0x380008a8                errno
 .bss.__lock___malloc_recursive_mutex
                0x380008ac        0x1 C:/Program Files (x86)/Arm GNU Toolchain arm-none-eabi/13.2 Rel1/bin/../lib/gcc/arm-none-eabi/13.2.1/thumb/v8-m.main+fp/hard\libc.a(libc_a-lock.o)
                0x380008ac                __lock___malloc_recursive_mutex
 *fill*         0x380008ad        0x3 
 .bss.__lock___atexit_recursive_mutex
                0x380008b0        0x1 C:/Program Files (x86)/Arm GNU Toolchain arm-none-eabi/13.2 Rel1/bin/../lib/gcc/arm-none-eabi/13.2.1/thumb/v8-m.main+fp/hard\libc.a(libc_a-lock.o)
                0x380008b0                __lock___atexit_recursive_mutex
 *fill*         0x380008b1        0x3 
 .bss.__lock___sfp_recursive_mutex
                0x380008b4        0x1 C:/Program Files (x86)/Arm GNU Toolchain arm-none-eabi/13.2 Rel1/bin/../lib/gcc/arm-none-eabi/13.2.1/thumb/v8-m.main+fp/hard\libc.a(libc_a-lock.o)
                0x380008b4                __lock___sfp_recursive_mutex
 *fill*         0x380008b5        0x3 
 .bss.__atexit  0x380008b8        0x4 C:/Program Files (x86)/Arm GNU Toolchain arm-none-eabi/13.2 Rel1/bin/../lib/gcc/arm-none-eabi/13.2.1/thumb/v8-m.main+fp/hard\libc.a(libc_a-__call_atexit.o)
                0x380008b8                __atexit
 .bss.__malloc_current_mallinfo
                0x380008bc       0x28 C:/Program Files (x86)/Arm GNU Toolchain arm-none-eabi/13.2 Rel1/bin/../lib/gcc/arm-none-eabi/13.2.1/thumb/v8-m.main+fp/hard\libc.a(libc_a-mallocr.o)
                0x380008bc                __malloc_current_mallinfo
 .bss.__malloc_max_total_mem
                0x380008e4        0x4 C:/Program Files (x86)/Arm GNU Toolchain arm-none-eabi/13.2 Rel1/bin/../lib/gcc/arm-none-eabi/13.2.1/thumb/v8-m.main+fp/hard\libc.a(libc_a-mallocr.o)
                0x380008e4                __malloc_max_total_mem
 .bss.__malloc_max_sbrked_mem
                0x380008e8        0x4 C:/Program Files (x86)/Arm GNU Toolchain arm-none-eabi/13.2 Rel1/bin/../lib/gcc/arm-none-eabi/13.2.1/thumb/v8-m.main+fp/hard\libc.a(libc_a-mallocr.o)
                0x380008e8                __malloc_max_sbrked_mem
 .bss.__malloc_top_pad
                0x380008ec        0x4 C:/Program Files (x86)/Arm GNU Toolchain arm-none-eabi/13.2 Rel1/bin/../lib/gcc/arm-none-eabi/13.2.1/thumb/v8-m.main+fp/hard\libc.a(libc_a-mallocr.o)
                0x380008ec                __malloc_top_pad
 .bss.__atexit0
                0x380008f0      0x190 C:/Program Files (x86)/Arm GNU Toolchain arm-none-eabi/13.2 Rel1/bin/../lib/gcc/arm-none-eabi/13.2.1/thumb/v8-m.main+fp/hard\libc.a(libc_a-__atexit.o)
                0x380008f0                __atexit0
 .bss.heap_end.0
                0x38000a80        0x4 C:/Program Files (x86)/Arm GNU Toolchain arm-none-eabi/13.2 Rel1/bin/../lib/gcc/arm-none-eabi/13.2.1/thumb/v8-m.main+fp/hard\libnosys.a(sbrk.o)
 *(COMMON)
                0x38000a84                        . = ALIGN (0x4)
                0x38000a84                        __bss_end__ = .

.noinit         0x38000ac0     0x10b0
 .noinit        0x38000ac0     0x10b0 ./objects/eventrecorder.o

.heap           0x38001b70     0x1000
                0x38001b70                        . = ALIGN (0x8)
                0x38001b70                        __end__ = .
                0x38001b70                        PROVIDE (end = .)
                0x38002b70                        . = (. + __HEAP_SIZE)
 *fill*         0x38001b70     0x1000 
                0x38002b70                        . = ALIGN (0x8)
                0x38002b70                        __HeapLimit = .

.stack          0x381ff000     0x1000
                0x381ff000                        . = ALIGN (0x8)
                0x381ff000                        __StackLimit = .
                0x38200000                        . = (. + __STACK_SIZE)
 *fill*         0x381ff000     0x1000 
                0x38200000                        . = ALIGN (0x8)
                0x38200000                        __StackTop = .
                0x38200000                        PROVIDE (__stack = __StackTop)
                0x00000001                        ASSERT ((__StackLimit >= __HeapLimit), region RAM overflowed with stack)
OUTPUT(./Objects/gcc_template.elf elf32-littlearm)
LOAD linker stubs

.ARM.attributes
                0x00000000       0x36
 .ARM.attributes
                0x00000000       0x38 C:/Program Files (x86)/Arm GNU Toolchain arm-none-eabi/13.2 Rel1/bin/../lib/gcc/arm-none-eabi/13.2.1/thumb/v8-m.main+fp/hard/crtfastmath.o
 .ARM.attributes
                0x00000038       0x26 C:/Program Files (x86)/Arm GNU Toolchain arm-none-eabi/13.2 Rel1/bin/../lib/gcc/arm-none-eabi/13.2.1/thumb/v8-m.main+fp/hard/crti.o
 .ARM.attributes
                0x0000005e       0x38 C:/Program Files (x86)/Arm GNU Toolchain arm-none-eabi/13.2 Rel1/bin/../lib/gcc/arm-none-eabi/13.2.1/thumb/v8-m.main+fp/hard/crtbegin.o
 .ARM.attributes
                0x00000096       0x24 C:/Program Files (x86)/Arm GNU Toolchain arm-none-eabi/13.2 Rel1/bin/../lib/gcc/arm-none-eabi/13.2.1/thumb/v8-m.main+fp/hard/crt0.o
 .ARM.attributes
                0x000000ba       0x34 ./objects/platform.o
 .ARM.attributes
                0x000000ee       0x34 ./objects/serial.o
 .ARM.attributes
                0x00000122       0x34 ./objects/main.o
 .ARM.attributes
                0x00000156       0x34 ./objects/eventrecorder.o
 .ARM.attributes
                0x0000018a       0x34 ./objects/startup_iotkit_cm33.o
 .ARM.attributes
                0x000001be       0x34 ./objects/system_iotkit_cm33.o
 .ARM.attributes
                0x000001f2       0x34 ./objects/core_list_join.o
 .ARM.attributes
                0x00000226       0x34 ./objects/core_matrix.o
 .ARM.attributes
                0x0000025a       0x34 ./objects/core_state.o
 .ARM.attributes
                0x0000028e       0x34 ./objects/core_util.o
 .ARM.attributes
                0x000002c2       0x34 ./objects/core_main.o
 .ARM.attributes
                0x000002f6       0x34 ./objects/perf_counter.o
 .ARM.attributes
                0x0000032a       0x34 ./objects/perfc_port_default.o
 .ARM.attributes
                0x0000035e       0x34 ./objects/core_portme.o
 .ARM.attributes
                0x00000392       0x38 C:/Program Files (x86)/Arm GNU Toolchain arm-none-eabi/13.2 Rel1/bin/../lib/gcc/arm-none-eabi/13.2.1/thumb/v8-m.main+fp/hard\libc.a(libc_a-exit.o)
 .ARM.attributes
                0x000003ca       0x38 C:/Program Files (x86)/Arm GNU Toolchain arm-none-eabi/13.2 Rel1/bin/../lib/gcc/arm-none-eabi/13.2.1/thumb/v8-m.main+fp/hard\libc.a(libc_a-findfp.o)
 .ARM.attributes
                0x00000402       0x38 C:/Program Files (x86)/Arm GNU Toolchain arm-none-eabi/13.2 Rel1/bin/../lib/gcc/arm-none-eabi/13.2.1/thumb/v8-m.main+fp/hard\libc.a(libc_a-fwalk.o)
 .ARM.attributes
                0x0000043a       0x38 C:/Program Files (x86)/Arm GNU Toolchain arm-none-eabi/13.2 Rel1/bin/../lib/gcc/arm-none-eabi/13.2.1/thumb/v8-m.main+fp/hard\libc.a(libc_a-printf.o)
 .ARM.attributes
                0x00000472       0x38 C:/Program Files (x86)/Arm GNU Toolchain arm-none-eabi/13.2 Rel1/bin/../lib/gcc/arm-none-eabi/13.2.1/thumb/v8-m.main+fp/hard\libc.a(libc_a-putchar.o)
 .ARM.attributes
                0x000004aa       0x38 C:/Program Files (x86)/Arm GNU Toolchain arm-none-eabi/13.2 Rel1/bin/../lib/gcc/arm-none-eabi/13.2.1/thumb/v8-m.main+fp/hard\libc.a(libc_a-puts.o)
 .ARM.attributes
                0x000004e2       0x38 C:/Program Files (x86)/Arm GNU Toolchain arm-none-eabi/13.2 Rel1/bin/../lib/gcc/arm-none-eabi/13.2.1/thumb/v8-m.main+fp/hard\libc.a(libc_a-stdio.o)
 .ARM.attributes
                0x0000051a       0x38 C:/Program Files (x86)/Arm GNU Toolchain arm-none-eabi/13.2 Rel1/bin/../lib/gcc/arm-none-eabi/13.2.1/thumb/v8-m.main+fp/hard\libc.a(libc_a-memset.o)
 .ARM.attributes
                0x00000552       0x38 C:/Program Files (x86)/Arm GNU Toolchain arm-none-eabi/13.2 Rel1/bin/../lib/gcc/arm-none-eabi/13.2.1/thumb/v8-m.main+fp/hard\libc.a(libc_a-closer.o)
 .ARM.attributes
                0x0000058a       0x38 C:/Program Files (x86)/Arm GNU Toolchain arm-none-eabi/13.2 Rel1/bin/../lib/gcc/arm-none-eabi/13.2.1/thumb/v8-m.main+fp/hard\libc.a(libc_a-reent.o)
 .ARM.attributes
                0x000005c2       0x38 C:/Program Files (x86)/Arm GNU Toolchain arm-none-eabi/13.2 Rel1/bin/../lib/gcc/arm-none-eabi/13.2.1/thumb/v8-m.main+fp/hard\libc.a(libc_a-impure.o)
 .ARM.attributes
                0x000005fa       0x38 C:/Program Files (x86)/Arm GNU Toolchain arm-none-eabi/13.2 Rel1/bin/../lib/gcc/arm-none-eabi/13.2.1/thumb/v8-m.main+fp/hard\libc.a(libc_a-lseekr.o)
 .ARM.attributes
                0x00000632       0x38 C:/Program Files (x86)/Arm GNU Toolchain arm-none-eabi/13.2 Rel1/bin/../lib/gcc/arm-none-eabi/13.2.1/thumb/v8-m.main+fp/hard\libc.a(libc_a-readr.o)
 .ARM.attributes
                0x0000066a       0x38 C:/Program Files (x86)/Arm GNU Toolchain arm-none-eabi/13.2 Rel1/bin/../lib/gcc/arm-none-eabi/13.2.1/thumb/v8-m.main+fp/hard\libc.a(libc_a-writer.o)
 .ARM.attributes
                0x000006a2       0x38 C:/Program Files (x86)/Arm GNU Toolchain arm-none-eabi/13.2 Rel1/bin/../lib/gcc/arm-none-eabi/13.2.1/thumb/v8-m.main+fp/hard\libc.a(libc_a-init.o)
 .ARM.attributes
                0x000006da       0x38 C:/Program Files (x86)/Arm GNU Toolchain arm-none-eabi/13.2 Rel1/bin/../lib/gcc/arm-none-eabi/13.2.1/thumb/v8-m.main+fp/hard\libc.a(libc_a-lock.o)
 .ARM.attributes
                0x00000712       0x24 C:/Program Files (x86)/Arm GNU Toolchain arm-none-eabi/13.2 Rel1/bin/../lib/gcc/arm-none-eabi/13.2.1/thumb/v8-m.main+fp/hard\libc.a(libc_a-memcpy.o)
 .ARM.attributes
                0x00000736       0x38 C:/Program Files (x86)/Arm GNU Toolchain arm-none-eabi/13.2 Rel1/bin/../lib/gcc/arm-none-eabi/13.2.1/thumb/v8-m.main+fp/hard\libc.a(libc_a-strlen-stub.o)
 .ARM.attributes
                0x0000076e       0x38 C:/Program Files (x86)/Arm GNU Toolchain arm-none-eabi/13.2 Rel1/bin/../lib/gcc/arm-none-eabi/13.2.1/thumb/v8-m.main+fp/hard\libc.a(libc_a-__call_atexit.o)
 .ARM.attributes
                0x000007a6       0x38 C:/Program Files (x86)/Arm GNU Toolchain arm-none-eabi/13.2 Rel1/bin/../lib/gcc/arm-none-eabi/13.2.1/thumb/v8-m.main+fp/hard\libc.a(libc_a-atexit.o)
 .ARM.attributes
                0x000007de       0x38 C:/Program Files (x86)/Arm GNU Toolchain arm-none-eabi/13.2 Rel1/bin/../lib/gcc/arm-none-eabi/13.2.1/thumb/v8-m.main+fp/hard\libc.a(libc_a-freer.o)
 .ARM.attributes
                0x00000816       0x38 C:/Program Files (x86)/Arm GNU Toolchain arm-none-eabi/13.2 Rel1/bin/../lib/gcc/arm-none-eabi/13.2.1/thumb/v8-m.main+fp/hard\libc.a(libc_a-mallocr.o)
 .ARM.attributes
                0x0000084e       0x38 C:/Program Files (x86)/Arm GNU Toolchain arm-none-eabi/13.2 Rel1/bin/../lib/gcc/arm-none-eabi/13.2.1/thumb/v8-m.main+fp/hard\libc.a(libc_a-mlock.o)
 .ARM.attributes
                0x00000886       0x38 C:/Program Files (x86)/Arm GNU Toolchain arm-none-eabi/13.2 Rel1/bin/../lib/gcc/arm-none-eabi/13.2.1/thumb/v8-m.main+fp/hard\libc.a(libc_a-vfprintf.o)
 .ARM.attributes
                0x000008be       0x38 C:/Program Files (x86)/Arm GNU Toolchain arm-none-eabi/13.2 Rel1/bin/../lib/gcc/arm-none-eabi/13.2.1/thumb/v8-m.main+fp/hard\libc.a(libc_a-vfiprintf.o)
 .ARM.attributes
                0x000008f6       0x38 C:/Program Files (x86)/Arm GNU Toolchain arm-none-eabi/13.2 Rel1/bin/../lib/gcc/arm-none-eabi/13.2.1/thumb/v8-m.main+fp/hard\libc.a(libc_a-fclose.o)
 .ARM.attributes
                0x0000092e       0x38 C:/Program Files (x86)/Arm GNU Toolchain arm-none-eabi/13.2 Rel1/bin/../lib/gcc/arm-none-eabi/13.2.1/thumb/v8-m.main+fp/hard\libc.a(libc_a-fflush.o)
 .ARM.attributes
                0x00000966       0x38 C:/Program Files (x86)/Arm GNU Toolchain arm-none-eabi/13.2 Rel1/bin/../lib/gcc/arm-none-eabi/13.2.1/thumb/v8-m.main+fp/hard\libc.a(libc_a-fvwrite.o)
 .ARM.attributes
                0x0000099e       0x38 C:/Program Files (x86)/Arm GNU Toolchain arm-none-eabi/13.2 Rel1/bin/../lib/gcc/arm-none-eabi/13.2.1/thumb/v8-m.main+fp/hard\libc.a(libc_a-putc.o)
 .ARM.attributes
                0x000009d6       0x38 C:/Program Files (x86)/Arm GNU Toolchain arm-none-eabi/13.2 Rel1/bin/../lib/gcc/arm-none-eabi/13.2.1/thumb/v8-m.main+fp/hard\libc.a(libc_a-wbuf.o)
 .ARM.attributes
                0x00000a0e       0x38 C:/Program Files (x86)/Arm GNU Toolchain arm-none-eabi/13.2 Rel1/bin/../lib/gcc/arm-none-eabi/13.2.1/thumb/v8-m.main+fp/hard\libc.a(libc_a-wsetup.o)
 .ARM.attributes
                0x00000a46       0x38 C:/Program Files (x86)/Arm GNU Toolchain arm-none-eabi/13.2 Rel1/bin/../lib/gcc/arm-none-eabi/13.2.1/thumb/v8-m.main+fp/hard\libc.a(libc_a-fputwc.o)
 .ARM.attributes
                0x00000a7e       0x38 C:/Program Files (x86)/Arm GNU Toolchain arm-none-eabi/13.2 Rel1/bin/../lib/gcc/arm-none-eabi/13.2.1/thumb/v8-m.main+fp/hard\libc.a(libc_a-memmove.o)
 .ARM.attributes
                0x00000ab6       0x38 C:/Program Files (x86)/Arm GNU Toolchain arm-none-eabi/13.2 Rel1/bin/../lib/gcc/arm-none-eabi/13.2.1/thumb/v8-m.main+fp/hard\libc.a(libc_a-strncpy.o)
 .ARM.attributes
                0x00000aee       0x38 C:/Program Files (x86)/Arm GNU Toolchain arm-none-eabi/13.2 Rel1/bin/../lib/gcc/arm-none-eabi/13.2.1/thumb/v8-m.main+fp/hard\libc.a(libc_a-locale.o)
 .ARM.attributes
                0x00000b26       0x38 C:/Program Files (x86)/Arm GNU Toolchain arm-none-eabi/13.2 Rel1/bin/../lib/gcc/arm-none-eabi/13.2.1/thumb/v8-m.main+fp/hard\libc.a(libc_a-localeconv.o)
 .ARM.attributes
                0x00000b5e       0x38 C:/Program Files (x86)/Arm GNU Toolchain arm-none-eabi/13.2 Rel1/bin/../lib/gcc/arm-none-eabi/13.2.1/thumb/v8-m.main+fp/hard\libc.a(libc_a-sbrkr.o)
 .ARM.attributes
                0x00000b96       0x38 C:/Program Files (x86)/Arm GNU Toolchain arm-none-eabi/13.2 Rel1/bin/../lib/gcc/arm-none-eabi/13.2.1/thumb/v8-m.main+fp/hard\libc.a(libc_a-fini.o)
 .ARM.attributes
                0x00000bce       0x38 C:/Program Files (x86)/Arm GNU Toolchain arm-none-eabi/13.2 Rel1/bin/../lib/gcc/arm-none-eabi/13.2.1/thumb/v8-m.main+fp/hard\libc.a(libc_a-sysconf.o)
 .ARM.attributes
                0x00000c06       0x38 C:/Program Files (x86)/Arm GNU Toolchain arm-none-eabi/13.2 Rel1/bin/../lib/gcc/arm-none-eabi/13.2.1/thumb/v8-m.main+fp/hard\libc.a(libc_a-memchr-stub.o)
 .ARM.attributes
                0x00000c3e       0x38 C:/Program Files (x86)/Arm GNU Toolchain arm-none-eabi/13.2 Rel1/bin/../lib/gcc/arm-none-eabi/13.2.1/thumb/v8-m.main+fp/hard\libc.a(libm_a-s_frexp.o)
 .ARM.attributes
                0x00000c76       0x38 C:/Program Files (x86)/Arm GNU Toolchain arm-none-eabi/13.2 Rel1/bin/../lib/gcc/arm-none-eabi/13.2.1/thumb/v8-m.main+fp/hard\libc.a(libc_a-__atexit.o)
 .ARM.attributes
                0x00000cae       0x38 C:/Program Files (x86)/Arm GNU Toolchain arm-none-eabi/13.2 Rel1/bin/../lib/gcc/arm-none-eabi/13.2.1/thumb/v8-m.main+fp/hard\libc.a(libc_a-dtoa.o)
 .ARM.attributes
                0x00000ce6       0x38 C:/Program Files (x86)/Arm GNU Toolchain arm-none-eabi/13.2 Rel1/bin/../lib/gcc/arm-none-eabi/13.2.1/thumb/v8-m.main+fp/hard\libc.a(libc_a-mbtowc_r.o)
 .ARM.attributes
                0x00000d1e       0x38 C:/Program Files (x86)/Arm GNU Toolchain arm-none-eabi/13.2 Rel1/bin/../lib/gcc/arm-none-eabi/13.2.1/thumb/v8-m.main+fp/hard\libc.a(libc_a-mprec.o)
 .ARM.attributes
                0x00000d56       0x38 C:/Program Files (x86)/Arm GNU Toolchain arm-none-eabi/13.2 Rel1/bin/../lib/gcc/arm-none-eabi/13.2.1/thumb/v8-m.main+fp/hard\libc.a(libc_a-reallocr.o)
 .ARM.attributes
                0x00000d8e       0x38 C:/Program Files (x86)/Arm GNU Toolchain arm-none-eabi/13.2 Rel1/bin/../lib/gcc/arm-none-eabi/13.2.1/thumb/v8-m.main+fp/hard\libc.a(libc_a-wctomb_r.o)
 .ARM.attributes
                0x00000dc6       0x38 C:/Program Files (x86)/Arm GNU Toolchain arm-none-eabi/13.2 Rel1/bin/../lib/gcc/arm-none-eabi/13.2.1/thumb/v8-m.main+fp/hard\libc.a(libc_a-wcrtomb.o)
 .ARM.attributes
                0x00000dfe       0x38 C:/Program Files (x86)/Arm GNU Toolchain arm-none-eabi/13.2 Rel1/bin/../lib/gcc/arm-none-eabi/13.2.1/thumb/v8-m.main+fp/hard\libc.a(libc_a-wcsrtombs.o)
 .ARM.attributes
                0x00000e36       0x38 C:/Program Files (x86)/Arm GNU Toolchain arm-none-eabi/13.2 Rel1/bin/../lib/gcc/arm-none-eabi/13.2.1/thumb/v8-m.main+fp/hard\libc.a(libc_a-ctype_.o)
 .ARM.attributes
                0x00000e6e       0x38 C:/Program Files (x86)/Arm GNU Toolchain arm-none-eabi/13.2 Rel1/bin/../lib/gcc/arm-none-eabi/13.2.1/thumb/v8-m.main+fp/hard\libc.a(libc_a-makebuf.o)
 .ARM.attributes
                0x00000ea6       0x38 C:/Program Files (x86)/Arm GNU Toolchain arm-none-eabi/13.2 Rel1/bin/../lib/gcc/arm-none-eabi/13.2.1/thumb/v8-m.main+fp/hard\libc.a(libc_a-fstatr.o)
 .ARM.attributes
                0x00000ede       0x38 C:/Program Files (x86)/Arm GNU Toolchain arm-none-eabi/13.2 Rel1/bin/../lib/gcc/arm-none-eabi/13.2.1/thumb/v8-m.main+fp/hard\libc.a(libc_a-isattyr.o)
 .ARM.attributes
                0x00000f16       0x38 C:/Program Files (x86)/Arm GNU Toolchain arm-none-eabi/13.2 Rel1/bin/../lib/gcc/arm-none-eabi/13.2.1/thumb/v8-m.main+fp/hard\libc.a(libc_a-errno.o)
 .ARM.attributes
                0x00000f4e       0x38 C:/Program Files (x86)/Arm GNU Toolchain arm-none-eabi/13.2 Rel1/bin/../lib/gcc/arm-none-eabi/13.2.1/thumb/v8-m.main+fp/hard\libc.a(libc_a-assert.o)
 .ARM.attributes
                0x00000f86       0x38 C:/Program Files (x86)/Arm GNU Toolchain arm-none-eabi/13.2 Rel1/bin/../lib/gcc/arm-none-eabi/13.2.1/thumb/v8-m.main+fp/hard\libc.a(libc_a-callocr.o)
 .ARM.attributes
                0x00000fbe       0x38 C:/Program Files (x86)/Arm GNU Toolchain arm-none-eabi/13.2 Rel1/bin/../lib/gcc/arm-none-eabi/13.2.1/thumb/v8-m.main+fp/hard\libc.a(libc_a-wcsnrtombs.o)
 .ARM.attributes
                0x00000ff6       0x38 C:/Program Files (x86)/Arm GNU Toolchain arm-none-eabi/13.2 Rel1/bin/../lib/gcc/arm-none-eabi/13.2.1/thumb/v8-m.main+fp/hard\libc.a(libc_a-fiprintf.o)
 .ARM.attributes
                0x0000102e       0x38 C:/Program Files (x86)/Arm GNU Toolchain arm-none-eabi/13.2 Rel1/bin/../lib/gcc/arm-none-eabi/13.2.1/thumb/v8-m.main+fp/hard\libc.a(libc_a-abort.o)
 .ARM.attributes
                0x00001066       0x38 C:/Program Files (x86)/Arm GNU Toolchain arm-none-eabi/13.2 Rel1/bin/../lib/gcc/arm-none-eabi/13.2.1/thumb/v8-m.main+fp/hard\libc.a(libc_a-signal.o)
 .ARM.attributes
                0x0000109e       0x38 C:/Program Files (x86)/Arm GNU Toolchain arm-none-eabi/13.2 Rel1/bin/../lib/gcc/arm-none-eabi/13.2.1/thumb/v8-m.main+fp/hard\libc.a(libc_a-signalr.o)
 .ARM.attributes
                0x000010d6       0x26 C:/Program Files (x86)/Arm GNU Toolchain arm-none-eabi/13.2 Rel1/bin/../lib/gcc/arm-none-eabi/13.2.1/thumb/v8-m.main+fp/hard\libgcc.a(_arm_addsubdf3.o)
 .ARM.attributes
                0x000010fc       0x26 C:/Program Files (x86)/Arm GNU Toolchain arm-none-eabi/13.2 Rel1/bin/../lib/gcc/arm-none-eabi/13.2.1/thumb/v8-m.main+fp/hard\libgcc.a(_arm_muldivdf3.o)
 .ARM.attributes
                0x00001122       0x26 C:/Program Files (x86)/Arm GNU Toolchain arm-none-eabi/13.2 Rel1/bin/../lib/gcc/arm-none-eabi/13.2.1/thumb/v8-m.main+fp/hard\libgcc.a(_arm_cmpdf2.o)
 .ARM.attributes
                0x00001148       0x26 C:/Program Files (x86)/Arm GNU Toolchain arm-none-eabi/13.2 Rel1/bin/../lib/gcc/arm-none-eabi/13.2.1/thumb/v8-m.main+fp/hard\libgcc.a(_arm_unorddf2.o)
 .ARM.attributes
                0x0000116e       0x26 C:/Program Files (x86)/Arm GNU Toolchain arm-none-eabi/13.2 Rel1/bin/../lib/gcc/arm-none-eabi/13.2.1/thumb/v8-m.main+fp/hard\libgcc.a(_arm_fixdfsi.o)
 .ARM.attributes
                0x00001194       0x26 C:/Program Files (x86)/Arm GNU Toolchain arm-none-eabi/13.2 Rel1/bin/../lib/gcc/arm-none-eabi/13.2.1/thumb/v8-m.main+fp/hard\libgcc.a(_arm_fixunsdfsi.o)
 .ARM.attributes
                0x000011ba       0x26 C:/Program Files (x86)/Arm GNU Toolchain arm-none-eabi/13.2 Rel1/bin/../lib/gcc/arm-none-eabi/13.2.1/thumb/v8-m.main+fp/hard\libgcc.a(_aeabi_ldivmod.o)
 .ARM.attributes
                0x000011e0       0x38 C:/Program Files (x86)/Arm GNU Toolchain arm-none-eabi/13.2 Rel1/bin/../lib/gcc/arm-none-eabi/13.2.1/thumb/v8-m.main+fp/hard\libgcc.a(_udivmoddi4.o)
 .ARM.attributes
                0x00001218       0x26 C:/Program Files (x86)/Arm GNU Toolchain arm-none-eabi/13.2 Rel1/bin/../lib/gcc/arm-none-eabi/13.2.1/thumb/v8-m.main+fp/hard\libgcc.a(_dvmd_tls.o)
 .ARM.attributes
                0x0000123e       0x38 C:/Program Files (x86)/Arm GNU Toolchain arm-none-eabi/13.2 Rel1/bin/../lib/gcc/arm-none-eabi/13.2.1/thumb/v8-m.main+fp/hard\libnosys.a(close.o)
 .ARM.attributes
                0x00001276       0x38 C:/Program Files (x86)/Arm GNU Toolchain arm-none-eabi/13.2 Rel1/bin/../lib/gcc/arm-none-eabi/13.2.1/thumb/v8-m.main+fp/hard\libnosys.a(fstat.o)
 .ARM.attributes
                0x000012ae       0x38 C:/Program Files (x86)/Arm GNU Toolchain arm-none-eabi/13.2 Rel1/bin/../lib/gcc/arm-none-eabi/13.2.1/thumb/v8-m.main+fp/hard\libnosys.a(getpid.o)
 .ARM.attributes
                0x000012e6       0x38 C:/Program Files (x86)/Arm GNU Toolchain arm-none-eabi/13.2 Rel1/bin/../lib/gcc/arm-none-eabi/13.2.1/thumb/v8-m.main+fp/hard\libnosys.a(isatty.o)
 .ARM.attributes
                0x0000131e       0x38 C:/Program Files (x86)/Arm GNU Toolchain arm-none-eabi/13.2 Rel1/bin/../lib/gcc/arm-none-eabi/13.2.1/thumb/v8-m.main+fp/hard\libnosys.a(kill.o)
 .ARM.attributes
                0x00001356       0x38 C:/Program Files (x86)/Arm GNU Toolchain arm-none-eabi/13.2 Rel1/bin/../lib/gcc/arm-none-eabi/13.2.1/thumb/v8-m.main+fp/hard\libnosys.a(lseek.o)
 .ARM.attributes
                0x0000138e       0x38 C:/Program Files (x86)/Arm GNU Toolchain arm-none-eabi/13.2 Rel1/bin/../lib/gcc/arm-none-eabi/13.2.1/thumb/v8-m.main+fp/hard\libnosys.a(read.o)
 .ARM.attributes
                0x000013c6       0x38 C:/Program Files (x86)/Arm GNU Toolchain arm-none-eabi/13.2 Rel1/bin/../lib/gcc/arm-none-eabi/13.2.1/thumb/v8-m.main+fp/hard\libnosys.a(sbrk.o)
 .ARM.attributes
                0x000013fe       0x38 C:/Program Files (x86)/Arm GNU Toolchain arm-none-eabi/13.2 Rel1/bin/../lib/gcc/arm-none-eabi/13.2.1/thumb/v8-m.main+fp/hard\libnosys.a(_exit.o)
 .ARM.attributes
                0x00001436       0x38 C:/Program Files (x86)/Arm GNU Toolchain arm-none-eabi/13.2 Rel1/bin/../lib/gcc/arm-none-eabi/13.2.1/thumb/v8-m.main+fp/hard/crtend.o
 .ARM.attributes
                0x0000146e       0x26 C:/Program Files (x86)/Arm GNU Toolchain arm-none-eabi/13.2 Rel1/bin/../lib/gcc/arm-none-eabi/13.2.1/thumb/v8-m.main+fp/hard/crtn.o

.comment        0x00000000       0x44
 .comment       0x00000000       0x44 ./objects/platform.o
                                 0x45 (size before relaxing)
 .comment       0x00000044       0x45 ./objects/serial.o
 .comment       0x00000044       0x45 ./objects/main.o
 .comment       0x00000044       0x45 ./objects/eventrecorder.o
 .comment       0x00000044       0x45 ./objects/startup_iotkit_cm33.o
 .comment       0x00000044       0x45 ./objects/system_iotkit_cm33.o
 .comment       0x00000044       0x45 ./objects/core_list_join.o
 .comment       0x00000044       0x45 ./objects/core_matrix.o
 .comment       0x00000044       0x45 ./objects/core_state.o
 .comment       0x00000044       0x45 ./objects/core_util.o
 .comment       0x00000044       0x45 ./objects/core_main.o
 .comment       0x00000044       0x45 ./objects/perf_counter.o
 .comment       0x00000044       0x45 ./objects/perfc_port_default.o
 .comment       0x00000044       0x45 ./objects/core_portme.o

.debug_frame    0x00000000     0x26b0
 .debug_frame   0x00000000       0x20 C:/Program Files (x86)/Arm GNU Toolchain arm-none-eabi/13.2 Rel1/bin/../lib/gcc/arm-none-eabi/13.2.1/thumb/v8-m.main+fp/hard/crtfastmath.o
 .debug_frame   0x00000020       0x5c ./objects/platform.o
 .debug_frame   0x0000007c       0x54 ./objects/serial.o
 .debug_frame   0x000000d0       0x2c ./objects/main.o
 .debug_frame   0x000000fc      0x198 ./objects/eventrecorder.o
 .debug_frame   0x00000294       0x48 ./objects/startup_iotkit_cm33.o
 .debug_frame   0x000002dc       0x30 ./objects/system_iotkit_cm33.o
 .debug_frame   0x0000030c      0x19c ./objects/core_list_join.o
 .debug_frame   0x000004a8      0x1ac ./objects/core_matrix.o
 .debug_frame   0x00000654       0xb8 ./objects/core_state.o
 .debug_frame   0x0000070c       0x78 ./objects/core_util.o
 .debug_frame   0x00000784       0x64 ./objects/core_main.o
 .debug_frame   0x000007e8      0x330 ./objects/perf_counter.o
 .debug_frame   0x00000b18       0x9c ./objects/perfc_port_default.o
 .debug_frame   0x00000bb4       0x98 ./objects/core_portme.o
 .debug_frame   0x00000c4c       0x28 C:/Program Files (x86)/Arm GNU Toolchain arm-none-eabi/13.2 Rel1/bin/../lib/gcc/arm-none-eabi/13.2.1/thumb/v8-m.main+fp/hard\libc.a(libc_a-exit.o)
 .debug_frame   0x00000c74      0x13c C:/Program Files (x86)/Arm GNU Toolchain arm-none-eabi/13.2 Rel1/bin/../lib/gcc/arm-none-eabi/13.2.1/thumb/v8-m.main+fp/hard\libc.a(libc_a-findfp.o)
 .debug_frame   0x00000db0       0x34 C:/Program Files (x86)/Arm GNU Toolchain arm-none-eabi/13.2 Rel1/bin/../lib/gcc/arm-none-eabi/13.2.1/thumb/v8-m.main+fp/hard\libc.a(libc_a-fwalk.o)
 .debug_frame   0x00000de4       0x74 C:/Program Files (x86)/Arm GNU Toolchain arm-none-eabi/13.2 Rel1/bin/../lib/gcc/arm-none-eabi/13.2.1/thumb/v8-m.main+fp/hard\libc.a(libc_a-printf.o)
 .debug_frame   0x00000e58       0x30 C:/Program Files (x86)/Arm GNU Toolchain arm-none-eabi/13.2 Rel1/bin/../lib/gcc/arm-none-eabi/13.2.1/thumb/v8-m.main+fp/hard\libc.a(libc_a-putchar.o)
 .debug_frame   0x00000e88       0x48 C:/Program Files (x86)/Arm GNU Toolchain arm-none-eabi/13.2 Rel1/bin/../lib/gcc/arm-none-eabi/13.2.1/thumb/v8-m.main+fp/hard\libc.a(libc_a-puts.o)
 .debug_frame   0x00000ed0       0x8c C:/Program Files (x86)/Arm GNU Toolchain arm-none-eabi/13.2 Rel1/bin/../lib/gcc/arm-none-eabi/13.2.1/thumb/v8-m.main+fp/hard\libc.a(libc_a-stdio.o)
 .debug_frame   0x00000f5c       0x2c C:/Program Files (x86)/Arm GNU Toolchain arm-none-eabi/13.2 Rel1/bin/../lib/gcc/arm-none-eabi/13.2.1/thumb/v8-m.main+fp/hard\libc.a(libc_a-memset.o)
 .debug_frame   0x00000f88       0x2c C:/Program Files (x86)/Arm GNU Toolchain arm-none-eabi/13.2 Rel1/bin/../lib/gcc/arm-none-eabi/13.2.1/thumb/v8-m.main+fp/hard\libc.a(libc_a-closer.o)
 .debug_frame   0x00000fb4       0x3c C:/Program Files (x86)/Arm GNU Toolchain arm-none-eabi/13.2 Rel1/bin/../lib/gcc/arm-none-eabi/13.2.1/thumb/v8-m.main+fp/hard\libc.a(libc_a-reent.o)
 .debug_frame   0x00000ff0       0x2c C:/Program Files (x86)/Arm GNU Toolchain arm-none-eabi/13.2 Rel1/bin/../lib/gcc/arm-none-eabi/13.2.1/thumb/v8-m.main+fp/hard\libc.a(libc_a-lseekr.o)
 .debug_frame   0x0000101c       0x2c C:/Program Files (x86)/Arm GNU Toolchain arm-none-eabi/13.2 Rel1/bin/../lib/gcc/arm-none-eabi/13.2.1/thumb/v8-m.main+fp/hard\libc.a(libc_a-readr.o)
 .debug_frame   0x00001048       0x2c C:/Program Files (x86)/Arm GNU Toolchain arm-none-eabi/13.2 Rel1/bin/../lib/gcc/arm-none-eabi/13.2.1/thumb/v8-m.main+fp/hard\libc.a(libc_a-writer.o)
 .debug_frame   0x00001074       0x2c C:/Program Files (x86)/Arm GNU Toolchain arm-none-eabi/13.2 Rel1/bin/../lib/gcc/arm-none-eabi/13.2.1/thumb/v8-m.main+fp/hard\libc.a(libc_a-init.o)
 .debug_frame   0x000010a0       0xb0 C:/Program Files (x86)/Arm GNU Toolchain arm-none-eabi/13.2 Rel1/bin/../lib/gcc/arm-none-eabi/13.2.1/thumb/v8-m.main+fp/hard\libc.a(libc_a-lock.o)
 .debug_frame   0x00001150       0x20 C:/Program Files (x86)/Arm GNU Toolchain arm-none-eabi/13.2 Rel1/bin/../lib/gcc/arm-none-eabi/13.2.1/thumb/v8-m.main+fp/hard\libc.a(libc_a-strlen-stub.o)
 .debug_frame   0x00001170       0x5c C:/Program Files (x86)/Arm GNU Toolchain arm-none-eabi/13.2 Rel1/bin/../lib/gcc/arm-none-eabi/13.2.1/thumb/v8-m.main+fp/hard\libc.a(libc_a-__call_atexit.o)
 .debug_frame   0x000011cc       0x20 C:/Program Files (x86)/Arm GNU Toolchain arm-none-eabi/13.2 Rel1/bin/../lib/gcc/arm-none-eabi/13.2.1/thumb/v8-m.main+fp/hard\libc.a(libc_a-atexit.o)
 .debug_frame   0x000011ec       0x78 C:/Program Files (x86)/Arm GNU Toolchain arm-none-eabi/13.2 Rel1/bin/../lib/gcc/arm-none-eabi/13.2.1/thumb/v8-m.main+fp/hard\libc.a(libc_a-freer.o)
 .debug_frame   0x00001264       0x48 C:/Program Files (x86)/Arm GNU Toolchain arm-none-eabi/13.2 Rel1/bin/../lib/gcc/arm-none-eabi/13.2.1/thumb/v8-m.main+fp/hard\libc.a(libc_a-mallocr.o)
 .debug_frame   0x000012ac       0x30 C:/Program Files (x86)/Arm GNU Toolchain arm-none-eabi/13.2 Rel1/bin/../lib/gcc/arm-none-eabi/13.2.1/thumb/v8-m.main+fp/hard\libc.a(libc_a-mlock.o)
 .debug_frame   0x000012dc       0x88 C:/Program Files (x86)/Arm GNU Toolchain arm-none-eabi/13.2 Rel1/bin/../lib/gcc/arm-none-eabi/13.2.1/thumb/v8-m.main+fp/hard\libc.a(libc_a-vfprintf.o)
 .debug_frame   0x00001364       0xd0 C:/Program Files (x86)/Arm GNU Toolchain arm-none-eabi/13.2 Rel1/bin/../lib/gcc/arm-none-eabi/13.2.1/thumb/v8-m.main+fp/hard\libc.a(libc_a-vfiprintf.o)
 .debug_frame   0x00001434       0x3c C:/Program Files (x86)/Arm GNU Toolchain arm-none-eabi/13.2 Rel1/bin/../lib/gcc/arm-none-eabi/13.2.1/thumb/v8-m.main+fp/hard\libc.a(libc_a-fclose.o)
 .debug_frame   0x00001470       0x70 C:/Program Files (x86)/Arm GNU Toolchain arm-none-eabi/13.2 Rel1/bin/../lib/gcc/arm-none-eabi/13.2.1/thumb/v8-m.main+fp/hard\libc.a(libc_a-fflush.o)
 .debug_frame   0x000014e0       0x64 C:/Program Files (x86)/Arm GNU Toolchain arm-none-eabi/13.2 Rel1/bin/../lib/gcc/arm-none-eabi/13.2.1/thumb/v8-m.main+fp/hard\libc.a(libc_a-fvwrite.o)
 .debug_frame   0x00001544       0x48 C:/Program Files (x86)/Arm GNU Toolchain arm-none-eabi/13.2 Rel1/bin/../lib/gcc/arm-none-eabi/13.2.1/thumb/v8-m.main+fp/hard\libc.a(libc_a-putc.o)
 .debug_frame   0x0000158c       0x40 C:/Program Files (x86)/Arm GNU Toolchain arm-none-eabi/13.2 Rel1/bin/../lib/gcc/arm-none-eabi/13.2.1/thumb/v8-m.main+fp/hard\libc.a(libc_a-wbuf.o)