Archive member included to satisfy reference by file (symbol)

C:/Program Files (x86)/Arm GNU Toolchain arm-none-eabi/13.2 Rel1/bin/../lib/gcc/arm-none-eabi/13.2.1/thumb/v8-m.main+fp/hard\libc.a(libc_a-exit.o)
                              C:/Program Files (x86)/Arm GNU Toolchain arm-none-eabi/13.2 Rel1/bin/../lib/gcc/arm-none-eabi/13.2.1/thumb/v8-m.main+fp/hard/crt0.o (exit)
C:/Program Files (x86)/Arm GNU Toolchain arm-none-eabi/13.2 Rel1/bin/../lib/gcc/arm-none-eabi/13.2.1/thumb/v8-m.main+fp/hard\libc.a(libc_a-findfp.o)
                              C:/Program Files (x86)/Arm GNU Toolchain arm-none-eabi/13.2 Rel1/bin/../lib/gcc/arm-none-eabi/13.2.1/thumb/v8-m.main+fp/hard\libc.a(libc_a-exit.o) (__stdio_exit_handler)
C:/Program Files (x86)/Arm GNU Toolchain arm-none-eabi/13.2 Rel1/bin/../lib/gcc/arm-none-eabi/13.2.1/thumb/v8-m.main+fp/hard\libc.a(libc_a-fwalk.o)
                              C:/Program Files (x86)/Arm GNU Toolchain arm-none-eabi/13.2 Rel1/bin/../lib/gcc/arm-none-eabi/13.2.1/thumb/v8-m.main+fp/hard\libc.a(libc_a-findfp.o) (_fwalk_sglue)
C:/Program Files (x86)/Arm GNU Toolchain arm-none-eabi/13.2 Rel1/bin/../lib/gcc/arm-none-eabi/13.2.1/thumb/v8-m.main+fp/hard\libc.a(libc_a-printf.o)
                              ./objects/main.o (printf)
C:/Program Files (x86)/Arm GNU Toolchain arm-none-eabi/13.2 Rel1/bin/../lib/gcc/arm-none-eabi/13.2.1/thumb/v8-m.main+fp/hard\libc.a(libc_a-putchar.o)
                              ./objects/core_main.o (putchar)
C:/Program Files (x86)/Arm GNU Toolchain arm-none-eabi/13.2 Rel1/bin/../lib/gcc/arm-none-eabi/13.2.1/thumb/v8-m.main+fp/hard\libc.a(libc_a-puts.o)
                              ./objects/main.o (puts)
C:/Program Files (x86)/Arm GNU Toolchain arm-none-eabi/13.2 Rel1/bin/../lib/gcc/arm-none-eabi/13.2.1/thumb/v8-m.main+fp/hard\libc.a(libc_a-stdio.o)
                              C:/Program Files (x86)/Arm GNU Toolchain arm-none-eabi/13.2 Rel1/bin/../lib/gcc/arm-none-eabi/13.2.1/thumb/v8-m.main+fp/hard\libc.a(libc_a-findfp.o) (__sread)
C:/Program Files (x86)/Arm GNU Toolchain arm-none-eabi/13.2 Rel1/bin/../lib/gcc/arm-none-eabi/13.2.1/thumb/v8-m.main+fp/hard\libc.a(libc_a-memset.o)
                              C:/Program Files (x86)/Arm GNU Toolchain arm-none-eabi/13.2 Rel1/bin/../lib/gcc/arm-none-eabi/13.2.1/thumb/v8-m.main+fp/hard/crt0.o (memset)
C:/Program Files (x86)/Arm GNU Toolchain arm-none-eabi/13.2 Rel1/bin/../lib/gcc/arm-none-eabi/13.2.1/thumb/v8-m.main+fp/hard\libc.a(libc_a-closer.o)
                              C:/Program Files (x86)/Arm GNU Toolchain arm-none-eabi/13.2 Rel1/bin/../lib/gcc/arm-none-eabi/13.2.1/thumb/v8-m.main+fp/hard\libc.a(libc_a-stdio.o) (_close_r)
C:/Program Files (x86)/Arm GNU Toolchain arm-none-eabi/13.2 Rel1/bin/../lib/gcc/arm-none-eabi/13.2.1/thumb/v8-m.main+fp/hard\libc.a(libc_a-reent.o)
                              C:/Program Files (x86)/Arm GNU Toolchain arm-none-eabi/13.2 Rel1/bin/../lib/gcc/arm-none-eabi/13.2.1/thumb/v8-m.main+fp/hard\libc.a(libc_a-closer.o) (errno)
C:/Program Files (x86)/Arm GNU Toolchain arm-none-eabi/13.2 Rel1/bin/../lib/gcc/arm-none-eabi/13.2.1/thumb/v8-m.main+fp/hard\libc.a(libc_a-impure.o)
                              C:/Program Files (x86)/Arm GNU Toolchain arm-none-eabi/13.2 Rel1/bin/../lib/gcc/arm-none-eabi/13.2.1/thumb/v8-m.main+fp/hard\libc.a(libc_a-printf.o) (_impure_ptr)
C:/Program Files (x86)/Arm GNU Toolchain arm-none-eabi/13.2 Rel1/bin/../lib/gcc/arm-none-eabi/13.2.1/thumb/v8-m.main+fp/hard\libc.a(libc_a-lseekr.o)
                              C:/Program Files (x86)/Arm GNU Toolchain arm-none-eabi/13.2 Rel1/bin/../lib/gcc/arm-none-eabi/13.2.1/thumb/v8-m.main+fp/hard\libc.a(libc_a-stdio.o) (_lseek_r)
C:/Program Files (x86)/Arm GNU Toolchain arm-none-eabi/13.2 Rel1/bin/../lib/gcc/arm-none-eabi/13.2.1/thumb/v8-m.main+fp/hard\libc.a(libc_a-readr.o)
                              C:/Program Files (x86)/Arm GNU Toolchain arm-none-eabi/13.2 Rel1/bin/../lib/gcc/arm-none-eabi/13.2.1/thumb/v8-m.main+fp/hard\libc.a(libc_a-stdio.o) (_read_r)
C:/Program Files (x86)/Arm GNU Toolchain arm-none-eabi/13.2 Rel1/bin/../lib/gcc/arm-none-eabi/13.2.1/thumb/v8-m.main+fp/hard\libc.a(libc_a-writer.o)
                              C:/Program Files (x86)/Arm GNU Toolchain arm-none-eabi/13.2 Rel1/bin/../lib/gcc/arm-none-eabi/13.2.1/thumb/v8-m.main+fp/hard\libc.a(libc_a-stdio.o) (_write_r)
C:/Program Files (x86)/Arm GNU Toolchain arm-none-eabi/13.2 Rel1/bin/../lib/gcc/arm-none-eabi/13.2.1/thumb/v8-m.main+fp/hard\libc.a(libc_a-init.o)
                              C:/Program Files (x86)/Arm GNU Toolchain arm-none-eabi/13.2 Rel1/bin/../lib/gcc/arm-none-eabi/13.2.1/thumb/v8-m.main+fp/hard/crt0.o (__libc_init_array)
C:/Program Files (x86)/Arm GNU Toolchain arm-none-eabi/13.2 Rel1/bin/../lib/gcc/arm-none-eabi/13.2.1/thumb/v8-m.main+fp/hard\libc.a(libc_a-lock.o)
[...]
Memory Configuration

Name             Origin             Length             Attributes
FLASH            0x10000000         0x00200000         xr
RAM              0x38000000         0x00200000         xrw
*default*        0x00000000         0xffffffff

Linker script and memory map

LOAD C:/Program Files (x86)/Arm GNU Toolchain arm-none-eabi/13.2 Rel1/bin/../lib/gcc/arm-none-eabi/13.2.1/thumb/v8-m.main+fp/hard/crtfastmath.o
LOAD C:/Program Files (x86)/Arm GNU Toolchain arm-none-eabi/13.2 Rel1/bin/../lib/gcc/arm-none-eabi/13.2.1/thumb/v8-m.main+fp/hard/crti.o
LOAD C:/Program Files (x86)/Arm GNU Toolchain arm-none-eabi/13.2 Rel1/bin/../lib/gcc/arm-none-eabi/13.2.1/thumb/v8-m.main+fp/hard/crtbegin.o
LOAD C:/Program Files (x86)/Arm GNU Toolchain arm-none-eabi/13.2 Rel1/bin/../lib/gcc/arm-none-eabi/13.2.1/thumb/v8-m.main+fp/hard/crt0.o
LOAD ./objects/platform.o
LOAD ./objects/serial.o
LOAD ./objects/main.o
LOAD ./objects/eventrecorder.o
LOAD ./objects/startup_iotkit_cm33.o
LOAD ./objects/system_iotkit_cm33.o
LOAD ./objects/core_list_join.o
LOAD ./objects/core_matrix.o
LOAD ./objects/core_state.o
LOAD ./objects/core_util.o
LOAD ./objects/core_main.o
LOAD ./objects/perf_counter.o
LOAD ./objects/systick_wrapper_gcc.o
LOAD ./objects/core_portme.o
LOAD C:/Program Files (x86)/Arm GNU Toolchain arm-none-eabi/13.2 Rel1/bin/../lib/gcc/arm-none-eabi/13.2.1/thumb/v8-m.main+fp/hard\libm.a
LOAD C:/Program Files (x86)/Arm GNU Toolchain arm-none-eabi/13.2 Rel1/bin/../lib/gcc/arm-none-eabi/13.2.1/thumb/v8-m.main+fp/hard\libc.a
START GROUP
LOAD C:/Program Files (x86)/Arm GNU Toolchain arm-none-eabi/13.2 Rel1/bin/../lib/gcc/arm-none-eabi/13.2.1/thumb/v8-m.main+fp/hard\libgcc.a
LOAD C:/Program Files (x86)/Arm GNU Toolchain arm-none-eabi/13.2 Rel1/bin/../lib/gcc/arm-none-eabi/13.2.1/thumb/v8-m.main+fp/hard\libc.a
END GROUP
START GROUP
LOAD C:/Program Files (x86)/Arm GNU Toolchain arm-none-eabi/13.2 Rel1/bin/../lib/gcc/arm-none-eabi/13.2.1/thumb/v8-m.main+fp/hard\libgcc.a
LOAD C:/Program Files (x86)/Arm GNU Toolchain arm-none-eabi/13.2 Rel1/bin/../lib/gcc/arm-none-eabi/13.2.1/thumb/v8-m.main+fp/hard\libc.a
LOAD C:/Program Files (x86)/Arm GNU Toolchain arm-none-eabi/13.2 Rel1/bin/../lib/gcc/arm-none-eabi/13.2.1/thumb/v8-m.main+fp/hard\libnosys.a
END GROUP
LOAD C:/Program Files (x86)/Arm GNU Toolchain arm-none-eabi/13.2 Rel1/bin/../lib/gcc/arm-none-eabi/13.2.1/thumb/v8-m.main+fp/hard/crtend.o
LOAD C:/Program Files (x86)/Arm GNU Toolchain arm-none-eabi/13.2 Rel1/bin/../lib/gcc/arm-none-eabi/13.2.1/thumb/v8-m.main+fp/hard/crtn.o
                0x10000000                        __ROM_BASE = 0x10000000
                0x00200000                        __ROM_SIZE = 0x200000
                0x38000000                        __RAM_BASE = 0x38000000
                0x00200000                        __RAM_SIZE = 0x200000
                0x00001000                        __STACK_SIZE = 0x1000
                0x00001000                        __HEAP_SIZE = 0x1000
                0x00000000                        __STACKSEAL_SIZE = 0x0

.text           0x10000000     0xd104
 *(.vectors)
 .vectors       0x10000000      0x400 ./objects/startup_iotkit_cm33.o
                0x10000000                __Vectors
 *(.text*)
 .text.startup.__arm_set_fast_math
                0x10000400       0x10 C:/Program Files (x86)/Arm GNU Toolchain arm-none-eabi/13.2 Rel1/bin/../lib/gcc/arm-none-eabi/13.2.1/thumb/v8-m.main+fp/hard/crtfastmath.o
 .text.deregister_tm_clones
                0x10000410       0x1c C:/Program Files (x86)/Arm GNU Toolchain arm-none-eabi/13.2 Rel1/bin/../lib/gcc/arm-none-eabi/13.2.1/thumb/v8-m.main+fp/hard/crtbegin.o
 .text.register_tm_clones
                0x1000042c       0x28 C:/Program Files (x86)/Arm GNU Toolchain arm-none-eabi/13.2 Rel1/bin/../lib/gcc/arm-none-eabi/13.2.1/thumb/v8-m.main+fp/hard/crtbegin.o
 .text.__do_global_dtors_aux
                0x10000454       0x28 C:/Program Files (x86)/Arm GNU Toolchain arm-none-eabi/13.2 Rel1/bin/../lib/gcc/arm-none-eabi/13.2.1/thumb/v8-m.main+fp/hard/crtbegin.o
 .text.frame_dummy
                0x1000047c       0x24 C:/Program Files (x86)/Arm GNU Toolchain arm-none-eabi/13.2 Rel1/bin/../lib/gcc/arm-none-eabi/13.2.1/thumb/v8-m.main+fp/hard/crtbegin.o
 .text          0x100004a0       0x7c C:/Program Files (x86)/Arm GNU Toolchain arm-none-eabi/13.2 Rel1/bin/../lib/gcc/arm-none-eabi/13.2.1/thumb/v8-m.main+fp/hard/crt0.o
                0x100004a0                _stack_init
                0x100004a8                _start
                0x100004a8                _mainCRTStartup
 .text.SysTick_Handler
                0x1000051c        0x4 ./objects/platform.o
                0x1000051c                SysTick_Handler
 .text.device_specific_init
                0x10000520        0x4 ./objects/platform.o
                0x10000520                device_specific_init
 .text.startup.app_platform_init
                0x10000524       0x18 ./objects/platform.o
                0x10000524                app_platform_init
 .text._write   0x1000053c      0x164 ./objects/serial.o
                0x1000053c                _write
 .text.startup.main
                0x100006a0       0x54 ./objects/main.o
                0x100006a0                main
 .text.EventRecorderInitialize
                0x100006f4      0x8f4 ./objects/eventrecorder.o
                0x100006f4                EventRecorderInitialize
 .text.EventRecordData
                0x10000fe8      0xf34 ./objects/eventrecorder.o
                0x10000fe8                EventRecordData
 .text.HardFault_Handler
                0x10001f1c        0x4 ./objects/startup_iotkit_cm33.o
                0x10001f1c                HardFault_Handler
 .text.Default_Handler
                0x10001f20        0x4 ./objects/startup_iotkit_cm33.o
                0x10001f20                ARM_VSI5_Handler
                0x10001f20                GPIO0_13_Handler
                0x10001f20                GPIO2_4_Handler
                0x10001f20                DebugMon_Handler
                0x10001f20                GPIO2_5_Handler
                0x10001f20                UART3_Handler
                0x10001f20                UART2_Handler
                0x10001f20                GPIO0_14_Handler
                0x10001f20                DMA0_ERROR_Handler
                0x10001f20                TIMER0_Handler
                0x10001f20                GPIO1_10_Handler
                0x10001f20                UART2RX_Handler
                0x10001f20                PendSV_Handler
                0x10001f20                NMI_Handler
                0x10001f20                GPIO2_11_Handler
                0x10001f20                GPIO1_15_Handler
                0x10001f20                GPIO1_5_Handler
                0x10001f20                GPIO2_1_Handler
                0x10001f20                DMA2_ERROR_Handler
                0x10001f20                ARM_VSI3_Handler
                0x10001f20                UART3TX_Handler
                0x10001f20                UART0RX_Handler
                0x10001f20                GPIO1_3_Handler
                0x10001f20                UART1TX_Handler
                0x10001f20                ARM_VSI0_Handler
                0x10001f20                DMA3_TC_Handler
                0x10001f20                GPIO1_4_Handler
                0x10001f20                DMA2_TC_Handler
                0x10001f20                DMA2_Handler
                0x10001f20                GPIO2_8_Handler
                0x10001f20                GPIO2_13_Handler
                0x10001f20                GPIO0_4_Handler
                0x10001f20                UART3RX_Handler
                0x10001f20                TIMER1_Handler
                0x10001f20                GPIO0_15_Handler
                0x10001f20                UsageFault_Handler
                0x10001f20                MPC_Handler
                0x10001f20                GPIO2_2_Handler
                0x10001f20                GPIO1_Handler
                0x10001f20                NONSEC_WATCHDOG_RESET_Handler
                0x10001f20                UART2TX_Handler
                0x10001f20                UARTOVF_Handler
                0x10001f20                GPIO1_14_Handler
                0x10001f20                GPIO0_2_Handler
                0x10001f20                GPIO3_0_Handler
                0x10001f20                GPIO1_12_Handler
                0x10001f20                GPIO0_3_Handler
                0x10001f20                GPIO0_9_Handler
                0x10001f20                UART4TX_Handler
                0x10001f20                UART1_Handler
                0x10001f20                GPIO1_9_Handler
                0x10001f20                NONSEC_WATCHDOG_Handler
                0x10001f20                GPIO1_1_Handler
                0x10001f20                PPC_Handler
                0x10001f20                TSC_Handler
                0x10001f20                GPIO1_7_Handler
                0x10001f20                ETHERNET_Handler
                0x10001f20                UART4_Handler
                0x10001f20                GPIO1_2_Handler
                0x10001f20                GPIO2_7_Handler
                0x10001f20                ARM_VSI6_Handler
                0x10001f20                DMA1_TC_Handler
                0x10001f20                SecureFault_Handler
                0x10001f20                UART0TX_Handler
                0x10001f20                ARM_VSI1_Handler
                0x10001f20                GPIO1_6_Handler
                0x10001f20                Default_Handler
                0x10001f20                GPIO0_6_Handler
                0x10001f20                MSC_Handler
                0x10001f20                GPIO3_1_Handler
                0x10001f20                DMA3_ERROR_Handler
                0x10001f20                SPI2_Handler
                0x10001f20                S32K_TIMER_Handler
                0x10001f20                DMA1_ERROR_Handler
                0x10001f20                GPIO3_2_Handler
                0x10001f20                GPIO2_0_Handler
                0x10001f20                GPIO2_12_Handler
                0x10001f20                MemManage_Handler
                0x10001f20                GPIO3_3_Handler
                0x10001f20                SVC_Handler
                0x10001f20                I2S_Handler
                0x10001f20                GPIO1_8_Handler
                0x10001f20                GPIO0_1_Handler
                0x10001f20                GPIO0_5_Handler
                0x10001f20                SPI1_Handler
                0x10001f20                UART4RX_Handler
                0x10001f20                DMA3_Handler
                0x10001f20                GPIO0_0_Handler
                0x10001f20                GPIO0_12_Handler
                0x10001f20                SPI3_Handler
                0x10001f20                DMA0_TC_Handler
                0x10001f20                GPIO0_11_Handler
                0x10001f20                UART0_Handler
                0x10001f20                UART1RX_Handler
                0x10001f20                GPIO0_8_Handler
                0x10001f20                DUALTIMER_Handler
                0x10001f20                GPIO2_3_Handler
                0x10001f20                BRIDGE_ERROR_Handler
                0x10001f20                GPIO2_6_Handler
                0x10001f20                BusFault_Handler
                0x10001f20                ARM_VSI4_Handler
                0x10001f20                GPIO1_11_Handler
                0x10001f20                DMA1_Handler
                0x10001f20                GPIO2_15_Handler
                0x10001f20                GPIO2_14_Handler
                0x10001f20                GPIO2_Handler
                0x10001f20                GPIO1_0_Handler
                0x10001f20                DMA0_Handler
                0x10001f20                GPIO1_13_Handler
                0x10001f20                ARM_VSI7_Handler
                0x10001f20                GPIO0_7_Handler
                0x10001f20                GPIO2_9_Handler
                0x10001f20                SPI4_Handler
                0x10001f20                GPIO2_10_Handler
                0x10001f20                GPIO0_10_Handler
                0x10001f20                ARM_VSI2_Handler
                0x10001f20                SPI0_Handler
                0x10001f20                GPIO0_Handler
                0x10001f20                GPIO3_Handler
 .text.Reset_Handler
                0x10001f24      0x16c ./objects/startup_iotkit_cm33.o
                0x10001f24                Reset_Handler
 .text.SystemInit
                0x10002090       0x2c ./objects/system_iotkit_cm33.o
                0x10002090                SystemInit
 .text.core_bench_list
                0x100020bc      0x6e4 ./objects/core_list_join.o
                0x100020bc                core_bench_list
 .text.core_list_init
                0x100027a0      0x26c ./objects/core_list_join.o
                0x100027a0                core_list_init
 .text.core_bench_matrix
                0x10002a0c      0xd2c ./objects/core_matrix.o
                0x10002a0c                core_bench_matrix
 .text.core_init_matrix
                0x10003738      0x2e8 ./objects/core_matrix.o
                0x10003738                core_init_matrix
 .text.core_bench_state
                0x10003a20      0x6dc ./objects/core_state.o
                0x10003a20                core_bench_state
 .text.core_init_state
                0x100040fc      0x140 ./objects/core_state.o
                0x100040fc                core_init_state
 .text.get_seed_32
                0x1000423c       0x50 ./objects/core_util.o
                0x1000423c                get_seed_32
 .text.crcu16   0x1000428c      0x1d8 ./objects/core_util.o
                0x1000428c                crcu16
 .text.crcu32   0x10004464      0x3cc ./objects/core_util.o
                0x10004464                crcu32
 .text.crc16    0x10004830      0x1e0 ./objects/core_util.o
                0x10004830                crc16
 .text.check_data_types
                0x10004a10        0x4 ./objects/core_util.o
                0x10004a10                check_data_types
 *fill*         0x10004a14        0x4 
 .text.coremark_main
                0x10004a18      0x89c ./objects/core_main.o
                0x10004a18                coremark_main
 .text.user_code_insert_to_systick_handler
                0x100052b4       0x98 ./objects/perf_counter.o
                0x100052b4                user_code_insert_to_systick_handler
 .text.__perf_os_patch_init
                0x1000534c        0x4 ./objects/perf_counter.o
                0x1000534c                __perf_os_patch_init
 .text.get_system_ticks
                0x10005350       0x68 ./objects/perf_counter.o
                0x10005350                get_system_ticks
 .text.init_cycle_counter
                0x100053b8       0xb4 ./objects/perf_counter.o
                0x100053b8                init_cycle_counter
 .text.startup.__perf_counter_init
                0x1000546c        0x8 ./objects/perf_counter.o
                0x1000546c                __perf_counter_init
 *fill*         0x10005474        0x4 
 .text.EventRecorderTimerSetup
                0x10005478       0x1c ./objects/perf_counter.o
                0x10005478                EventRecorderTimerSetup
 .text.EventRecorderTimerGetFreq
                0x10005494        0xc ./objects/perf_counter.o
                0x10005494                EventRecorderTimerGetFreq
 .text.EventRecorderTimerGetCount
                0x100054a0       0x3c ./objects/perf_counter.o
                0x100054a0                EventRecorderTimerGetCount
 .text.start_time
                0x100054dc       0x14 ./objects/core_portme.o
                0x100054dc                start_time
 .text.stop_time
                0x100054f0       0x30 ./objects/core_portme.o
                0x100054f0                stop_time
 .text.get_time
                0x10005520        0xc ./objects/core_portme.o
                0x10005520                get_time
 .text.time_in_secs
                0x1000552c       0x28 ./objects/core_portme.o
                0x1000552c                time_in_secs
 .text.portable_init
                0x10005554       0x10 ./objects/core_portme.o
                0x10005554                portable_init
 .text.portable_fini
                0x10005564        0x8 ./objects/core_portme.o
                0x10005564                portable_fini
 .text.exit     0x1000556c       0x1c C:/Program Files (x86)/Arm GNU Toolchain arm-none-eabi/13.2 Rel1/bin/../lib/gcc/arm-none-eabi/13.2.1/thumb/v8-m.main+fp/hard\libc.a(libc_a-exit.o)
                0x1000556c                exit
 .text.stdio_exit_handler
                0x10005588       0x18 C:/Program Files (x86)/Arm GNU Toolchain arm-none-eabi/13.2 Rel1/bin/../lib/gcc/arm-none-eabi/13.2.1/thumb/v8-m.main+fp/hard\libc.a(libc_a-findfp.o)
 .text.cleanup_stdio
                0x100055a0       0x40 C:/Program Files (x86)/Arm GNU Toolchain arm-none-eabi/13.2 Rel1/bin/../lib/gcc/arm-none-eabi/13.2.1/thumb/v8-m.main+fp/hard\libc.a(libc_a-findfp.o)
 .text.global_stdio_init.part.0
                0x100055e0       0xf0 C:/Program Files (x86)/Arm GNU Toolchain arm-none-eabi/13.2 Rel1/bin/../lib/gcc/arm-none-eabi/13.2.1/thumb/v8-m.main+fp/hard\libc.a(libc_a-findfp.o)
 .text.__sinit  0x100056d0       0x3c C:/Program Files (x86)/Arm GNU Toolchain arm-none-eabi/13.2 Rel1/bin/../lib/gcc/arm-none-eabi/13.2.1/thumb/v8-m.main+fp/hard\libc.a(libc_a-findfp.o)
                0x100056d0                __sinit
 .text.__sfp_lock_acquire
                0x1000570c        0xc C:/Program Files (x86)/Arm GNU Toolchain arm-none-eabi/13.2 Rel1/bin/../lib/gcc/arm-none-eabi/13.2.1/thumb/v8-m.main+fp/hard\libc.a(libc_a-findfp.o)
                0x1000570c                __sfp_lock_acquire
 .text.__sfp_lock_release
                0x10005718        0xc C:/Program Files (x86)/Arm GNU Toolchain arm-none-eabi/13.2 Rel1/bin/../lib/gcc/arm-none-eabi/13.2.1/thumb/v8-m.main+fp/hard\libc.a(libc_a-findfp.o)
                0x10005718                __sfp_lock_release
 .text._fwalk_sglue
                0x10005724       0x44 C:/Program Files (x86)/Arm GNU Toolchain arm-none-eabi/13.2 Rel1/bin/../lib/gcc/arm-none-eabi/13.2.1/thumb/v8-m.main+fp/hard\libc.a(libc_a-fwalk.o)
                0x10005724                _fwalk_sglue
 .text.printf   0x10005768       0x28 C:/Program Files (x86)/Arm GNU Toolchain arm-none-eabi/13.2 Rel1/bin/../lib/gcc/arm-none-eabi/13.2.1/thumb/v8-m.main+fp/hard\libc.a(libc_a-printf.o)
                0x10005768                printf
 .text.putchar  0x10005790       0x10 C:/Program Files (x86)/Arm GNU Toolchain arm-none-eabi/13.2 Rel1/bin/../lib/gcc/arm-none-eabi/13.2.1/thumb/v8-m.main+fp/hard\libc.a(libc_a-putchar.o)
                0x10005790                putchar
 .text._puts_r  0x100057a0       0x98 C:/Program Files (x86)/Arm GNU Toolchain arm-none-eabi/13.2 Rel1/bin/../lib/gcc/arm-none-eabi/13.2.1/thumb/v8-m.main+fp/hard\libc.a(libc_a-puts.o)
                0x100057a0                _puts_r
 .text.puts     0x10005838       0x10 C:/Program Files (x86)/Arm GNU Toolchain arm-none-eabi/13.2 Rel1/bin/../lib/gcc/arm-none-eabi/13.2.1/thumb/v8-m.main+fp/hard\libc.a(libc_a-puts.o)
                0x10005838                puts
 .text.__sread  0x10005848       0x24 C:/Program Files (x86)/Arm GNU Toolchain arm-none-eabi/13.2 Rel1/bin/../lib/gcc/arm-none-eabi/13.2.1/thumb/v8-m.main+fp/hard\libc.a(libc_a-stdio.o)
                0x10005848                __sread
 .text.__swrite
                0x1000586c       0x40 C:/Program Files (x86)/Arm GNU Toolchain arm-none-eabi/13.2 Rel1/bin/../lib/gcc/arm-none-eabi/13.2.1/thumb/v8-m.main+fp/hard\libc.a(libc_a-stdio.o)
                0x1000586c                __swrite
 .text.__sseek  0x100058ac       0x28 C:/Program Files (x86)/Arm GNU Toolchain arm-none-eabi/13.2 Rel1/bin/../lib/gcc/arm-none-eabi/13.2.1/thumb/v8-m.main+fp/hard\libc.a(libc_a-stdio.o)
                0x100058ac                __sseek
 .text.__sclose
                0x100058d4        0x8 C:/Program Files (x86)/Arm GNU Toolchain arm-none-eabi/13.2 Rel1/bin/../lib/gcc/arm-none-eabi/13.2.1/thumb/v8-m.main+fp/hard\libc.a(libc_a-stdio.o)
                0x100058d4                __sclose
 .text.memset   0x100058dc       0xa4 C:/Program Files (x86)/Arm GNU Toolchain arm-none-eabi/13.2 Rel1/bin/../lib/gcc/arm-none-eabi/13.2.1/thumb/v8-m.main+fp/hard\libc.a(libc_a-memset.o)
                0x100058dc                memset
 .text._close_r
                0x10005980       0x24 C:/Program Files (x86)/Arm GNU Toolchain arm-none-eabi/13.2 Rel1/bin/../lib/gcc/arm-none-eabi/13.2.1/thumb/v8-m.main+fp/hard\libc.a(libc_a-closer.o)
                0x10005980                _close_r
 .text._lseek_r
                0x100059a4       0x2c C:/Program Files (x86)/Arm GNU Toolchain arm-none-eabi/13.2 Rel1/bin/../lib/gcc/arm-none-eabi/13.2.1/thumb/v8-m.main+fp/hard\libc.a(libc_a-lseekr.o)
                0x100059a4                _lseek_r
 .text._read_r  0x100059d0       0x2c C:/Program Files (x86)/Arm GNU Toolchain arm-none-eabi/13.2 Rel1/bin/../lib/gcc/arm-none-eabi/13.2.1/thumb/v8-m.main+fp/hard\libc.a(libc_a-readr.o)
                0x100059d0                _read_r
 .text._write_r
                0x100059fc       0x2c C:/Program Files (x86)/Arm GNU Toolchain arm-none-eabi/13.2 Rel1/bin/../lib/gcc/arm-none-eabi/13.2.1/thumb/v8-m.main+fp/hard\libc.a(libc_a-writer.o)
                0x100059fc                _write_r
 .text.__libc_init_array
                0x10005a28       0x50 C:/Program Files (x86)/Arm GNU Toolchain arm-none-eabi/13.2 Rel1/bin/../lib/gcc/arm-none-eabi/13.2.1/thumb/v8-m.main+fp/hard\libc.a(libc_a-init.o)
                0x10005a28                __libc_init_array
 .text.__retarget_lock_init_recursive
                0x10005a78        0x4 C:/Program Files (x86)/Arm GNU Toolchain arm-none-eabi/13.2 Rel1/bin/../lib/gcc/arm-none-eabi/13.2.1/thumb/v8-m.main+fp/hard\libc.a(libc_a-lock.o)
                0x10005a78                __retarget_lock_init_recursive
 .text.__retarget_lock_close_recursive
                0x10005a7c        0x4 C:/Program Files (x86)/Arm GNU Toolchain arm-none-eabi/13.2 Rel1/bin/../lib/gcc/arm-none-eabi/13.2.1/thumb/v8-m.main+fp/hard\libc.a(libc_a-lock.o)
                0x10005a7c                __retarget_lock_close_recursive
 .text.__retarget_lock_acquire_recursive
                0x10005a80        0x4 C:/Program Files (x86)/Arm GNU Toolchain arm-none-eabi/13.2 Rel1/bin/../lib/gcc/arm-none-eabi/13.2.1/thumb/v8-m.main+fp/hard\libc.a(libc_a-lock.o)
                0x10005a80                __retarget_lock_acquire_recursive
 .text.__retarget_lock_release_recursive
                0x10005a84        0x4 C:/Program Files (x86)/Arm GNU Toolchain arm-none-eabi/13.2 Rel1/bin/../lib/gcc/arm-none-eabi/13.2.1/thumb/v8-m.main+fp/hard\libc.a(libc_a-lock.o)
                0x10005a84                __retarget_lock_release_recursive
 .text          0x10005a88       0xec C:/Program Files (x86)/Arm GNU Toolchain arm-none-eabi/13.2 Rel1/bin/../lib/gcc/arm-none-eabi/13.2.1/thumb/v8-m.main+fp/hard\libc.a(libc_a-memcpy.o)
                0x10005a88                memcpy
 .text.strlen   0x10005b74       0x5c C:/Program Files (x86)/Arm GNU Toolchain arm-none-eabi/13.2 Rel1/bin/../lib/gcc/arm-none-eabi/13.2.1/thumb/v8-m.main+fp/hard\libc.a(libc_a-strlen-stub.o)
                0x10005b74                strlen
 .text.startup.register_fini
                0x10005bd0       0x14 C:/Program Files (x86)/Arm GNU Toolchain arm-none-eabi/13.2 Rel1/bin/../lib/gcc/arm-none-eabi/13.2.1/thumb/v8-m.main+fp/hard\libc.a(libc_a-__call_atexit.o)
 .text.__call_exitprocs
                0x10005be4       0xbc C:/Program Files (x86)/Arm GNU Toolchain arm-none-eabi/13.2 Rel1/bin/../lib/gcc/arm-none-eabi/13.2.1/thumb/v8-m.main+fp/hard\libc.a(libc_a-__call_atexit.o)
                0x10005be4                __call_exitprocs
 .text.atexit   0x10005ca0        0xc C:/Program Files (x86)/Arm GNU Toolchain arm-none-eabi/13.2 Rel1/bin/../lib/gcc/arm-none-eabi/13.2.1/thumb/v8-m.main+fp/hard\libc.a(libc_a-atexit.o)
                0x10005ca0                atexit
 .text._malloc_trim_r
                0x10005cac       0xb8 C:/Program Files (x86)/Arm GNU Toolchain arm-none-eabi/13.2 Rel1/bin/../lib/gcc/arm-none-eabi/13.2.1/thumb/v8-m.main+fp/hard\libc.a(libc_a-freer.o)
                0x10005cac                _malloc_trim_r
 .text._free_r  0x10005d64      0x1f8 C:/Program Files (x86)/Arm GNU Toolchain arm-none-eabi/13.2 Rel1/bin/../lib/gcc/arm-none-eabi/13.2.1/thumb/v8-m.main+fp/hard\libc.a(libc_a-freer.o)
                0x10005d64                _free_r
 .text._malloc_r
                0x10005f5c      0x554 C:/Program Files (x86)/Arm GNU Toolchain arm-none-eabi/13.2 Rel1/bin/../lib/gcc/arm-none-eabi/13.2.1/thumb/v8-m.main+fp/hard\libc.a(libc_a-mallocr.o)
                0x10005f5c                _malloc_r
 .text.__malloc_lock
                0x100064b0        0xc C:/Program Files (x86)/Arm GNU Toolchain arm-none-eabi/13.2 Rel1/bin/../lib/gcc/arm-none-eabi/13.2.1/thumb/v8-m.main+fp/hard\libc.a(libc_a-mlock.o)
                0x100064b0                __malloc_lock
 .text.__malloc_unlock
                0x100064bc        0xc C:/Program Files (x86)/Arm GNU Toolchain arm-none-eabi/13.2 Rel1/bin/../lib/gcc/arm-none-eabi/13.2.1/thumb/v8-m.main+fp/hard\libc.a(libc_a-mlock.o)
                0x100064bc                __malloc_unlock
 .text._vfprintf_r
                0x100064c8     0x1c50 C:/Program Files (x86)/Arm GNU Toolchain arm-none-eabi/13.2 Rel1/bin/../lib/gcc/arm-none-eabi/13.2.1/thumb/v8-m.main+fp/hard\libc.a(libc_a-vfprintf.o)
                0x100064c8                _vfprintf_r
 .text.__sbprintf
                0x10008118       0x80 C:/Program Files (x86)/Arm GNU Toolchain arm-none-eabi/13.2 Rel1/bin/../lib/gcc/arm-none-eabi/13.2.1/thumb/v8-m.main+fp/hard\libc.a(libc_a-vfprintf.o)
 .text.__sprint_r.part.0
                0x10008198       0x78 C:/Program Files (x86)/Arm GNU Toolchain arm-none-eabi/13.2 Rel1/bin/../lib/gcc/arm-none-eabi/13.2.1/thumb/v8-m.main+fp/hard\libc.a(libc_a-vfiprintf.o)
 .text.__sprint_r
                0x10008210       0x18 C:/Program Files (x86)/Arm GNU Toolchain arm-none-eabi/13.2 Rel1/bin/../lib/gcc/arm-none-eabi/13.2.1/thumb/v8-m.main+fp/hard\libc.a(libc_a-vfiprintf.o)
                0x10008210                __sprint_r
 .text._vfiprintf_r
                0x10008228      0xfc0 C:/Program Files (x86)/Arm GNU Toolchain arm-none-eabi/13.2 Rel1/bin/../lib/gcc/arm-none-eabi/13.2.1/thumb/v8-m.main+fp/hard\libc.a(libc_a-vfiprintf.o)
                0x10008228                _vfiprintf_r
 .text.__sbprintf
                0x100091e8       0x80 C:/Program Files (x86)/Arm GNU Toolchain arm-none-eabi/13.2 Rel1/bin/../lib/gcc/arm-none-eabi/13.2.1/thumb/v8-m.main+fp/hard\libc.a(libc_a-vfiprintf.o)
 .text._fclose_r
                0x10009268       0xc0 C:/Program Files (x86)/Arm GNU Toolchain arm-none-eabi/13.2 Rel1/bin/../lib/gcc/arm-none-eabi/13.2.1/thumb/v8-m.main+fp/hard\libc.a(libc_a-fclose.o)
                0x10009268                _fclose_r
 .text.__sflush_r
                0x10009328      0x138 C:/Program Files (x86)/Arm GNU Toolchain arm-none-eabi/13.2 Rel1/bin/../lib/gcc/arm-none-eabi/13.2.1/thumb/v8-m.main+fp/hard\libc.a(libc_a-fflush.o)
                0x10009328                __sflush_r
 .text._fflush_r
                0x10009460       0x54 C:/Program Files (x86)/Arm GNU Toolchain arm-none-eabi/13.2 Rel1/bin/../lib/gcc/arm-none-eabi/13.2.1/thumb/v8-m.main+fp/hard\libc.a(libc_a-fflush.o)
                0x10009460                _fflush_r
 .text.__sfvwrite_r
                0x100094b4      0x300 C:/Program Files (x86)/Arm GNU Toolchain arm-none-eabi/13.2 Rel1/bin/../lib/gcc/arm-none-eabi/13.2.1/thumb/v8-m.main+fp/hard\libc.a(libc_a-fvwrite.o)
                0x100094b4                __sfvwrite_r
 .text._putc_r  0x100097b4       0x78 C:/Program Files (x86)/Arm GNU Toolchain arm-none-eabi/13.2 Rel1/bin/../lib/gcc/arm-none-eabi/13.2.1/thumb/v8-m.main+fp/hard\libc.a(libc_a-putc.o)
                0x100097b4                _putc_r
 .text.__swbuf_r
                0x1000982c       0xac C:/Program Files (x86)/Arm GNU Toolchain arm-none-eabi/13.2 Rel1/bin/../lib/gcc/arm-none-eabi/13.2.1/thumb/v8-m.main+fp/hard\libc.a(libc_a-wbuf.o)
                0x1000982c                __swbuf_r
 .text.__swsetup_r
                0x100098d8       0xc4 C:/Program Files (x86)/Arm GNU Toolchain arm-none-eabi/13.2 Rel1/bin/../lib/gcc/arm-none-eabi/13.2.1/thumb/v8-m.main+fp/hard\libc.a(libc_a-wsetup.o)
                0x100098d8                __swsetup_r
 .text.__fputwc
                0x1000999c       0x78 C:/Program Files (x86)/Arm GNU Toolchain arm-none-eabi/13.2 Rel1/bin/../lib/gcc/arm-none-eabi/13.2.1/thumb/v8-m.main+fp/hard\libc.a(libc_a-fputwc.o)
                0x1000999c                __fputwc
 .text._fputwc_r
                0x10009a14       0x60 C:/Program Files (x86)/Arm GNU Toolchain arm-none-eabi/13.2 Rel1/bin/../lib/gcc/arm-none-eabi/13.2.1/thumb/v8-m.main+fp/hard\libc.a(libc_a-fputwc.o)
                0x10009a14                _fputwc_r
 .text.memmove  0x10009a74      0x100 C:/Program Files (x86)/Arm GNU Toolchain arm-none-eabi/13.2 Rel1/bin/../lib/gcc/arm-none-eabi/13.2.1/thumb/v8-m.main+fp/hard\libc.a(libc_a-memmove.o)
                0x10009a74                memmove
 .text.strncpy  0x10009b74       0x64 C:/Program Files (x86)/Arm GNU Toolchain arm-none-eabi/13.2 Rel1/bin/../lib/gcc/arm-none-eabi/13.2.1/thumb/v8-m.main+fp/hard\libc.a(libc_a-strncpy.o)
                0x10009b74                strncpy
 .text.__locale_mb_cur_max
                0x10009bd8        0xc C:/Program Files (x86)/Arm GNU Toolchain arm-none-eabi/13.2 Rel1/bin/../lib/gcc/arm-none-eabi/13.2.1/thumb/v8-m.main+fp/hard\libc.a(libc_a-locale.o)
                0x10009bd8                __locale_mb_cur_max
 .text._localeconv_r
                0x10009be4        0x8 C:/Program Files (x86)/Arm GNU Toolchain arm-none-eabi/13.2 Rel1/bin/../lib/gcc/arm-none-eabi/13.2.1/thumb/v8-m.main+fp/hard\libc.a(libc_a-localeconv.o)
                0x10009be4                _localeconv_r
 .text._sbrk_r  0x10009bec       0x24 C:/Program Files (x86)/Arm GNU Toolchain arm-none-eabi/13.2 Rel1/bin/../lib/gcc/arm-none-eabi/13.2.1/thumb/v8-m.main+fp/hard\libc.a(libc_a-sbrkr.o)
                0x10009bec                _sbrk_r
 .text.__libc_fini_array
                0x10009c10       0x28 C:/Program Files (x86)/Arm GNU Toolchain arm-none-eabi/13.2 Rel1/bin/../lib/gcc/arm-none-eabi/13.2.1/thumb/v8-m.main+fp/hard\libc.a(libc_a-fini.o)
                0x10009c10                __libc_fini_array
 .text.sysconf  0x10009c38       0x1c C:/Program Files (x86)/Arm GNU Toolchain arm-none-eabi/13.2 Rel1/bin/../lib/gcc/arm-none-eabi/13.2.1/thumb/v8-m.main+fp/hard\libc.a(libc_a-sysconf.o)
                0x10009c38                sysconf
 .text.memchr   0x10009c54       0x98 C:/Program Files (x86)/Arm GNU Toolchain arm-none-eabi/13.2 Rel1/bin/../lib/gcc/arm-none-eabi/13.2.1/thumb/v8-m.main+fp/hard\libc.a(libc_a-memchr-stub.o)
                0x10009c54                memchr
 .text.frexp    0x10009cec       0x64 C:/Program Files (x86)/Arm GNU Toolchain arm-none-eabi/13.2 Rel1/bin/../lib/gcc/arm-none-eabi/13.2.1/thumb/v8-m.main+fp/hard\libc.a(libm_a-s_frexp.o)
                0x10009cec                frexp
 .text.__register_exitproc
                0x10009d50       0x84 C:/Program Files (x86)/Arm GNU Toolchain arm-none-eabi/13.2 Rel1/bin/../lib/gcc/arm-none-eabi/13.2.1/thumb/v8-m.main+fp/hard\libc.a(libc_a-__atexit.o)
                0x10009d50                __register_exitproc
 .text.quorem   0x10009dd4      0x138 C:/Program Files (x86)/Arm GNU Toolchain arm-none-eabi/13.2 Rel1/bin/../lib/gcc/arm-none-eabi/13.2.1/thumb/v8-m.main+fp/hard\libc.a(libc_a-dtoa.o)
 *fill*         0x10009f0c        0x4 
 .text._dtoa_r  0x10009f10      0xedc C:/Program Files (x86)/Arm GNU Toolchain arm-none-eabi/13.2 Rel1/bin/../lib/gcc/arm-none-eabi/13.2.1/thumb/v8-m.main+fp/hard\libc.a(libc_a-dtoa.o)
                0x10009f10                _dtoa_r
 .text.__ascii_mbtowc
                0x1000adec       0x2c C:/Program Files (x86)/Arm GNU Toolchain arm-none-eabi/13.2 Rel1/bin/../lib/gcc/arm-none-eabi/13.2.1/thumb/v8-m.main+fp/hard\libc.a(libc_a-mbtowc_r.o)
                0x1000adec                __ascii_mbtowc
 .text._Balloc  0x1000ae18       0x4c C:/Program Files (x86)/Arm GNU Toolchain arm-none-eabi/13.2 Rel1/bin/../lib/gcc/arm-none-eabi/13.2.1/thumb/v8-m.main+fp/hard\libc.a(libc_a-mprec.o)
                0x1000ae18                _Balloc
 .text._Bfree   0x1000ae64       0x14 C:/Program Files (x86)/Arm GNU Toolchain arm-none-eabi/13.2 Rel1/bin/../lib/gcc/arm-none-eabi/13.2.1/thumb/v8-m.main+fp/hard\libc.a(libc_a-mprec.o)
                0x1000ae64                _Bfree
 .text.__multadd
                0x1000ae78       0xa4 C:/Program Files (x86)/Arm GNU Toolchain arm-none-eabi/13.2 Rel1/bin/../lib/gcc/arm-none-eabi/13.2.1/thumb/v8-m.main+fp/hard\libc.a(libc_a-mprec.o)
                0x1000ae78                __multadd
 .text.__hi0bits
                0x1000af1c       0x48 C:/Program Files (x86)/Arm GNU Toolchain arm-none-eabi/13.2 Rel1/bin/../lib/gcc/arm-none-eabi/13.2.1/thumb/v8-m.main+fp/hard\libc.a(libc_a-mprec.o)
                0x1000af1c                __hi0bits
 .text.__lo0bits
                0x1000af64       0x60 C:/Program Files (x86)/Arm GNU Toolchain arm-none-eabi/13.2 Rel1/bin/../lib/gcc/arm-none-eabi/13.2.1/thumb/v8-m.main+fp/hard\libc.a(libc_a-mprec.o)
                0x1000af64                __lo0bits
 .text.__i2b    0x1000afc4       0x5c C:/Program Files (x86)/Arm GNU Toolchain arm-none-eabi/13.2 Rel1/bin/../lib/gcc/arm-none-eabi/13.2.1/thumb/v8-m.main+fp/hard\libc.a(libc_a-mprec.o)
                0x1000afc4                __i2b
 .text.__multiply
                0x1000b020      0x164 C:/Program Files (x86)/Arm GNU Toolchain arm-none-eabi/13.2 Rel1/bin/../lib/gcc/arm-none-eabi/13.2.1/thumb/v8-m.main+fp/hard\libc.a(libc_a-mprec.o)
                0x1000b020                __multiply
 .text.__pow5mult
                0x1000b184       0xb4 C:/Program Files (x86)/Arm GNU Toolchain arm-none-eabi/13.2 Rel1/bin/../lib/gcc/arm-none-eabi/13.2.1/thumb/v8-m.main+fp/hard\libc.a(libc_a-mprec.o)
                0x1000b184                __pow5mult
 .text.__lshift
                0x1000b238       0xe8 C:/Program Files (x86)/Arm GNU Toolchain arm-none-eabi/13.2 Rel1/bin/../lib/gcc/arm-none-eabi/13.2.1/thumb/v8-m.main+fp/hard\libc.a(libc_a-mprec.o)
                0x1000b238                __lshift
 .text.__mcmp   0x1000b320       0x44 C:/Program Files (x86)/Arm GNU Toolchain arm-none-eabi/13.2 Rel1/bin/../lib/gcc/arm-none-eabi/13.2.1/thumb/v8-m.main+fp/hard\libc.a(libc_a-mprec.o)
                0x1000b320                __mcmp
 .text.__mdiff  0x1000b364      0x180 C:/Program Files (x86)/Arm GNU Toolchain arm-none-eabi/13.2 Rel1/bin/../lib/gcc/arm-none-eabi/13.2.1/thumb/v8-m.main+fp/hard\libc.a(libc_a-mprec.o)
                0x1000b364                __mdiff
 .text.__d2b    0x1000b4e4       0xc0 C:/Program Files (x86)/Arm GNU Toolchain arm-none-eabi/13.2 Rel1/bin/../lib/gcc/arm-none-eabi/13.2.1/thumb/v8-m.main+fp/hard\libc.a(libc_a-mprec.o)
                0x1000b4e4                __d2b
 .text._realloc_r
                0x1000b5a4      0x370 C:/Program Files (x86)/Arm GNU Toolchain arm-none-eabi/13.2 Rel1/bin/../lib/gcc/arm-none-eabi/13.2.1/thumb/v8-m.main+fp/hard\libc.a(libc_a-reallocr.o)
                0x1000b5a4                _realloc_r
 .text.__ascii_wctomb
                0x1000b914       0x1c C:/Program Files (x86)/Arm GNU Toolchain arm-none-eabi/13.2 Rel1/bin/../lib/gcc/arm-none-eabi/13.2.1/thumb/v8-m.main+fp/hard\libc.a(libc_a-wctomb_r.o)
                0x1000b914                __ascii_wctomb
 .text._wcrtomb_r
                0x1000b930       0x4c C:/Program Files (x86)/Arm GNU Toolchain arm-none-eabi/13.2 Rel1/bin/../lib/gcc/arm-none-eabi/13.2.1/thumb/v8-m.main+fp/hard\libc.a(libc_a-wcrtomb.o)
                0x1000b930                _wcrtomb_r
 .text._wcsrtombs_r
                0x1000b97c       0x18 C:/Program Files (x86)/Arm GNU Toolchain arm-none-eabi/13.2 Rel1/bin/../lib/gcc/arm-none-eabi/13.2.1/thumb/v8-m.main+fp/hard\libc.a(libc_a-wcsrtombs.o)
                0x1000b97c                _wcsrtombs_r
 .text.__smakebuf_r
                0x1000b994       0xdc C:/Program Files (x86)/Arm GNU Toolchain arm-none-eabi/13.2 Rel1/bin/../lib/gcc/arm-none-eabi/13.2.1/thumb/v8-m.main+fp/hard\libc.a(libc_a-makebuf.o)
                0x1000b994                __smakebuf_r
 .text._fstat_r
                0x1000ba70       0x2c C:/Program Files (x86)/Arm GNU Toolchain arm-none-eabi/13.2 Rel1/bin/../lib/gcc/arm-none-eabi/13.2.1/thumb/v8-m.main+fp/hard\libc.a(libc_a-fstatr.o)
                0x1000ba70                _fstat_r
 .text._isatty_r
                0x1000ba9c       0x24 C:/Program Files (x86)/Arm GNU Toolchain arm-none-eabi/13.2 Rel1/bin/../lib/gcc/arm-none-eabi/13.2.1/thumb/v8-m.main+fp/hard\libc.a(libc_a-isattyr.o)
                0x1000ba9c                _isatty_r
 .text.__errno  0x1000bac0        0xc C:/Program Files (x86)/Arm GNU Toolchain arm-none-eabi/13.2 Rel1/bin/../lib/gcc/arm-none-eabi/13.2.1/thumb/v8-m.main+fp/hard\libc.a(libc_a-errno.o)
                0x1000bac0                __errno
 .text.__assert_func
                0x1000bacc       0x3c C:/Program Files (x86)/Arm GNU Toolchain arm-none-eabi/13.2 Rel1/bin/../lib/gcc/arm-none-eabi/13.2.1/thumb/v8-m.main+fp/hard\libc.a(libc_a-assert.o)
                0x1000bacc                __assert_func
 .text._calloc_r
                0x1000bb08       0x70 C:/Program Files (x86)/Arm GNU Toolchain arm-none-eabi/13.2 Rel1/bin/../lib/gcc/arm-none-eabi/13.2.1/thumb/v8-m.main+fp/hard\libc.a(libc_a-callocr.o)
                0x1000bb08                _calloc_r
 .text._wcsnrtombs_l
                0x1000bb78       0xfc C:/Program Files (x86)/Arm GNU Toolchain arm-none-eabi/13.2 Rel1/bin/../lib/gcc/arm-none-eabi/13.2.1/thumb/v8-m.main+fp/hard\libc.a(libc_a-wcsnrtombs.o)
                0x1000bb78                _wcsnrtombs_l
 .text._wcsnrtombs_r
                0x1000bc74       0x24 C:/Program Files (x86)/Arm GNU Toolchain arm-none-eabi/13.2 Rel1/bin/../lib/gcc/arm-none-eabi/13.2.1/thumb/v8-m.main+fp/hard\libc.a(libc_a-wcsnrtombs.o)
                0x1000bc74                _wcsnrtombs_r
 .text.fiprintf
                0x1000bc98       0x28 C:/Program Files (x86)/Arm GNU Toolchain arm-none-eabi/13.2 Rel1/bin/../lib/gcc/arm-none-eabi/13.2.1/thumb/v8-m.main+fp/hard\libc.a(libc_a-fiprintf.o)
                0x1000bc98                fiprintf
 .text.abort    0x1000bcc0       0x10 C:/Program Files (x86)/Arm GNU Toolchain arm-none-eabi/13.2 Rel1/bin/../lib/gcc/arm-none-eabi/13.2.1/thumb/v8-m.main+fp/hard\libc.a(libc_a-abort.o)
                0x1000bcc0                abort
 .text.raise    0x1000bcd0       0x58 C:/Program Files (x86)/Arm GNU Toolchain arm-none-eabi/13.2 Rel1/bin/../lib/gcc/arm-none-eabi/13.2.1/thumb/v8-m.main+fp/hard\libc.a(libc_a-signal.o)
                0x1000bcd0                raise
 .text._kill_r  0x1000bd28       0x2c C:/Program Files (x86)/Arm GNU Toolchain arm-none-eabi/13.2 Rel1/bin/../lib/gcc/arm-none-eabi/13.2.1/thumb/v8-m.main+fp/hard\libc.a(libc_a-signalr.o)
                0x1000bd28                _kill_r
 .text._getpid_r
                0x1000bd54        0x4 C:/Program Files (x86)/Arm GNU Toolchain arm-none-eabi/13.2 Rel1/bin/../lib/gcc/arm-none-eabi/13.2.1/thumb/v8-m.main+fp/hard\libc.a(libc_a-signalr.o)
                0x1000bd54                _getpid_r
 .text          0x1000bd58      0x378 C:/Program Files (x86)/Arm GNU Toolchain arm-none-eabi/13.2 Rel1/bin/../lib/gcc/arm-none-eabi/13.2.1/thumb/v8-m.main+fp/hard\libgcc.a(_arm_addsubdf3.o)
                0x1000bd58                __aeabi_drsub
                0x1000bd60                __aeabi_dsub
                0x1000bd60                __subdf3
                0x1000bd64                __aeabi_dadd
                0x1000bd64                __adddf3
                0x1000bfdc                __floatunsidf
                0x1000bfdc                __aeabi_ui2d
                0x1000bffc                __floatsidf
                0x1000bffc                __aeabi_i2d
                0x1000c020                __aeabi_f2d
                0x1000c020                __extendsfdf2
                0x1000c064                __floatundidf
                0x1000c064                __aeabi_ul2d
                0x1000c074                __floatdidf
                0x1000c074                __aeabi_l2d
 .text          0x1000c0d0      0x424 C:/Program Files (x86)/Arm GNU Toolchain arm-none-eabi/13.2 Rel1/bin/../lib/gcc/arm-none-eabi/13.2.1/thumb/v8-m.main+fp/hard\libgcc.a(_arm_muldivdf3.o)
                0x1000c0d0                __aeabi_dmul
                0x1000c0d0                __muldf3
                0x1000c324                __divdf3
                0x1000c324                __aeabi_ddiv
 .text          0x1000c4f4      0x110 C:/Program Files (x86)/Arm GNU Toolchain arm-none-eabi/13.2 Rel1/bin/../lib/gcc/arm-none-eabi/13.2.1/thumb/v8-m.main+fp/hard\libgcc.a(_arm_cmpdf2.o)
                0x1000c4f4                __gtdf2
                0x1000c4f4                __gedf2
                0x1000c4fc                __ltdf2
                0x1000c4fc                __ledf2
                0x1000c504                __nedf2
                0x1000c504                __eqdf2
                0x1000c504                __cmpdf2
                0x1000c580                __aeabi_cdrcmple
                0x1000c590                __aeabi_cdcmpeq
                0x1000c590                __aeabi_cdcmple
                0x1000c5a0                __aeabi_dcmpeq
                0x1000c5b4                __aeabi_dcmplt
                0x1000c5c8                __aeabi_dcmple
                0x1000c5dc                __aeabi_dcmpge
                0x1000c5f0                __aeabi_dcmpgt
 .text          0x1000c604       0x2c C:/Program Files (x86)/Arm GNU Toolchain arm-none-eabi/13.2 Rel1/bin/../lib/gcc/arm-none-eabi/13.2.1/thumb/v8-m.main+fp/hard\libgcc.a(_arm_unorddf2.o)
                0x1000c604                __unorddf2
                0x1000c604                __aeabi_dcmpun
 .text          0x1000c630       0x50 C:/Program Files (x86)/Arm GNU Toolchain arm-none-eabi/13.2 Rel1/bin/../lib/gcc/arm-none-eabi/13.2.1/thumb/v8-m.main+fp/hard\libgcc.a(_arm_fixdfsi.o)
                0x1000c630                __aeabi_d2iz
                0x1000c630                __fixdfsi
 .text          0x1000c680       0x40 C:/Program Files (x86)/Arm GNU Toolchain arm-none-eabi/13.2 Rel1/bin/../lib/gcc/arm-none-eabi/13.2.1/thumb/v8-m.main+fp/hard\libgcc.a(_arm_fixunsdfsi.o)
                0x1000c680                __aeabi_d2uiz
                0x1000c680                __fixunsdfsi
 .text._close   0x1000c6c0       0x10 C:/Program Files (x86)/Arm GNU Toolchain arm-none-eabi/13.2 Rel1/bin/../lib/gcc/arm-none-eabi/13.2.1/thumb/v8-m.main+fp/hard\libnosys.a(close.o)
                0x1000c6c0                _close
 .text._fstat   0x1000c6d0       0x10 C:/Program Files (x86)/Arm GNU Toolchain arm-none-eabi/13.2 Rel1/bin/../lib/gcc/arm-none-eabi/13.2.1/thumb/v8-m.main+fp/hard\libnosys.a(fstat.o)
                0x1000c6d0                _fstat
 .text._getpid  0x1000c6e0       0x10 C:/Program Files (x86)/Arm GNU Toolchain arm-none-eabi/13.2 Rel1/bin/../lib/gcc/arm-none-eabi/13.2.1/thumb/v8-m.main+fp/hard\libnosys.a(getpid.o)
                0x1000c6e0                _getpid
 .text._isatty  0x1000c6f0       0x10 C:/Program Files (x86)/Arm GNU Toolchain arm-none-eabi/13.2 Rel1/bin/../lib/gcc/arm-none-eabi/13.2.1/thumb/v8-m.main+fp/hard\libnosys.a(isatty.o)
                0x1000c6f0                _isatty
 .text._kill    0x1000c700       0x10 C:/Program Files (x86)/Arm GNU Toolchain arm-none-eabi/13.2 Rel1/bin/../lib/gcc/arm-none-eabi/13.2.1/thumb/v8-m.main+fp/hard\libnosys.a(kill.o)
                0x1000c700                _kill
 .text._lseek   0x1000c710       0x10 C:/Program Files (x86)/Arm GNU Toolchain arm-none-eabi/13.2 Rel1/bin/../lib/gcc/arm-none-eabi/13.2.1/thumb/v8-m.main+fp/hard\libnosys.a(lseek.o)
                0x1000c710                _lseek
 .text._read    0x1000c720       0x10 C:/Program Files (x86)/Arm GNU Toolchain arm-none-eabi/13.2 Rel1/bin/../lib/gcc/arm-none-eabi/13.2.1/thumb/v8-m.main+fp/hard\libnosys.a(read.o)
                0x1000c720                _read
 .text._sbrk    0x1000c730       0x20 C:/Program Files (x86)/Arm GNU Toolchain arm-none-eabi/13.2 Rel1/bin/../lib/gcc/arm-none-eabi/13.2.1/thumb/v8-m.main+fp/hard\libnosys.a(sbrk.o)
                0x1000c730                _sbrk
 .text._exit    0x1000c750        0x4 C:/Program Files (x86)/Arm GNU Toolchain arm-none-eabi/13.2 Rel1/bin/../lib/gcc/arm-none-eabi/13.2.1/thumb/v8-m.main+fp/hard\libnosys.a(_exit.o)
                0x1000c750                _exit
 *(.init)
 .init          0x1000c754        0x4 C:/Program Files (x86)/Arm GNU Toolchain arm-none-eabi/13.2 Rel1/bin/../lib/gcc/arm-none-eabi/13.2.1/thumb/v8-m.main+fp/hard/crti.o
                0x1000c754                _init
 .init          0x1000c758        0x8 C:/Program Files (x86)/Arm GNU Toolchain arm-none-eabi/13.2 Rel1/bin/../lib/gcc/arm-none-eabi/13.2.1/thumb/v8-m.main+fp/hard/crtn.o
 *(.fini)
 .fini          0x1000c760        0x4 C:/Program Files (x86)/Arm GNU Toolchain arm-none-eabi/13.2 Rel1/bin/../lib/gcc/arm-none-eabi/13.2.1/thumb/v8-m.main+fp/hard/crti.o
                0x1000c760                _fini
 .fini          0x1000c764        0x8 C:/Program Files (x86)/Arm GNU Toolchain arm-none-eabi/13.2 Rel1/bin/../lib/gcc/arm-none-eabi/13.2.1/thumb/v8-m.main+fp/hard/crtn.o
 *crtbegin.o(.ctors)
 *crtbegin?.o(.ctors)
 *(EXCLUDE_FILE(*crtend.o *crtend?.o) .ctors)
 *(SORT_BY_NAME(.ctors.*))
 *(.ctors)
 *crtbegin.o(.dtors)
 *crtbegin?.o(.dtors)
 *(EXCLUDE_FILE(*crtend.o *crtend?.o) .dtors)
 *(SORT_BY_NAME(.dtors.*))
 *(.dtors)
 *(.rodata*)
 .rodata.main.str1.4
                0x1000c76c      0x6cf ./objects/main.o
                                 0x77 (size before relaxing)
 *fill*         0x1000ce3b        0x1 
 .rodata.EventRecorderInfo
                0x1000ce3c       0x18 ./objects/eventrecorder.o
                0x1000ce3c                EventRecorderInfo
 .rodata.str1.4
                0x1000ce54       0xad ./objects/core_state.o
 .rodata.errpat
                0x1000ce54       0x10 ./objects/core_state.o
 .rodata.scipat
                0x1000ce64       0x10 ./objects/core_state.o
 .rodata.floatpat
                0x1000ce74       0x10 ./objects/core_state.o
 .rodata.intpat
                0x1000ce84       0x10 ./objects/core_state.o
 .rodata.coremark_main.str1.4
                0x1000ce94      0x404 ./objects/core_main.o
 .rodata._puts_r.str1.4
                0x1000ce94        0x2 C:/Program Files (x86)/Arm GNU Toolchain arm-none-eabi/13.2 Rel1/bin/../lib/gcc/arm-none-eabi/13.2.1/thumb/v8-m.main+fp/hard\libc.a(libc_a-puts.o)
 .rodata._vfprintf_r.str1.4
                0x1000ce94       0x42 C:/Program Files (x86)/Arm GNU Toolchain arm-none-eabi/13.2 Rel1/bin/../lib/gcc/arm-none-eabi/13.2.1/thumb/v8-m.main+fp/hard\libc.a(libc_a-vfprintf.o)
 .rodata.zeroes.0
                0x1000ce94       0x10 C:/Program Files (x86)/Arm GNU Toolchain arm-none-eabi/13.2 Rel1/bin/../lib/gcc/arm-none-eabi/13.2.1/thumb/v8-m.main+fp/hard\libc.a(libc_a-vfprintf.o)
 .rodata.blanks.1
                0x1000cea4       0x10 C:/Program Files (x86)/Arm GNU Toolchain arm-none-eabi/13.2 Rel1/bin/../lib/gcc/arm-none-eabi/13.2.1/thumb/v8-m.main+fp/hard\libc.a(libc_a-vfprintf.o)
 .rodata._vfiprintf_r.str1.4
                0x1000ceb4       0x2f C:/Program Files (x86)/Arm GNU Toolchain arm-none-eabi/13.2 Rel1/bin/../lib/gcc/arm-none-eabi/13.2.1/thumb/v8-m.main+fp/hard\libc.a(libc_a-vfiprintf.o)
 .rodata.zeroes.0
                0x1000ceb4       0x10 C:/Program Files (x86)/Arm GNU Toolchain arm-none-eabi/13.2 Rel1/bin/../lib/gcc/arm-none-eabi/13.2.1/thumb/v8-m.main+fp/hard\libc.a(libc_a-vfiprintf.o)
 .rodata.blanks.1
                0x1000cec4       0x10 C:/Program Files (x86)/Arm GNU Toolchain arm-none-eabi/13.2 Rel1/bin/../lib/gcc/arm-none-eabi/13.2.1/thumb/v8-m.main+fp/hard\libc.a(libc_a-vfiprintf.o)
 .rodata.str1.4
                0x1000ced4       0x4c C:/Program Files (x86)/Arm GNU Toolchain arm-none-eabi/13.2 Rel1/bin/../lib/gcc/arm-none-eabi/13.2.1/thumb/v8-m.main+fp/hard\libc.a(libc_a-locale.o)
 .rodata._dtoa_r.str1.4
                0x1000ced4       0x81 C:/Program Files (x86)/Arm GNU Toolchain arm-none-eabi/13.2 Rel1/bin/../lib/gcc/arm-none-eabi/13.2.1/thumb/v8-m.main+fp/hard\libc.a(libc_a-dtoa.o)
 .rodata.__multadd.str1.4
                0x1000ced4       0x6e C:/Program Files (x86)/Arm GNU Toolchain arm-none-eabi/13.2 Rel1/bin/../lib/gcc/arm-none-eabi/13.2.1/thumb/v8-m.main+fp/hard\libc.a(libc_a-mprec.o)
 .rodata.p05.0  0x1000ced4        0xc C:/Program Files (x86)/Arm GNU Toolchain arm-none-eabi/13.2 Rel1/bin/../lib/gcc/arm-none-eabi/13.2.1/thumb/v8-m.main+fp/hard\libc.a(libc_a-mprec.o)
 .rodata.__mprec_bigtens
                0x1000cee0       0x28 C:/Program Files (x86)/Arm GNU Toolchain arm-none-eabi/13.2 Rel1/bin/../lib/gcc/arm-none-eabi/13.2.1/thumb/v8-m.main+fp/hard\libc.a(libc_a-mprec.o)
                0x1000cee0                __mprec_bigtens
 .rodata.__mprec_tens
                0x1000cf08       0xc8 C:/Program Files (x86)/Arm GNU Toolchain arm-none-eabi/13.2 Rel1/bin/../lib/gcc/arm-none-eabi/13.2.1/thumb/v8-m.main+fp/hard\libc.a(libc_a-mprec.o)
                0x1000cf08                __mprec_tens
 .rodata._ctype_
                0x1000cfd0      0x101 C:/Program Files (x86)/Arm GNU Toolchain arm-none-eabi/13.2 Rel1/bin/../lib/gcc/arm-none-eabi/13.2.1/thumb/v8-m.main+fp/hard\libc.a(libc_a-ctype_.o)
                0x1000cfd0                _ctype_
 .rodata.__assert_func.str1.4
                0x1000d0d1       0x43 C:/Program Files (x86)/Arm GNU Toolchain arm-none-eabi/13.2 Rel1/bin/../lib/gcc/arm-none-eabi/13.2.1/thumb/v8-m.main+fp/hard\libc.a(libc_a-assert.o)
 *(.eh_frame*)
 *fill*         0x1000d0d1        0x3 
 .eh_frame      0x1000d0d4        0x0 C:/Program Files (x86)/Arm GNU Toolchain arm-none-eabi/13.2 Rel1/bin/../lib/gcc/arm-none-eabi/13.2.1/thumb/v8-m.main+fp/hard/crtbegin.o
 .eh_frame      0x1000d0d4       0x2c C:/Program Files (x86)/Arm GNU Toolchain arm-none-eabi/13.2 Rel1/bin/../lib/gcc/arm-none-eabi/13.2.1/thumb/v8-m.main+fp/hard\libc.a(libc_a-memcpy.o)
 .eh_frame      0x1000d100        0x4 C:/Program Files (x86)/Arm GNU Toolchain arm-none-eabi/13.2 Rel1/bin/../lib/gcc/arm-none-eabi/13.2.1/thumb/v8-m.main+fp/hard/crtend.o
 *(.text._write)
 *(SysTick_Handler)

.glue_7         0x1000d104        0x0
 .glue_7        0x1000d104        0x0 linker stubs

.glue_7t        0x1000d104        0x0
 .glue_7t       0x1000d104        0x0 linker stubs

.vfp11_veneer   0x1000d104        0x0
 .vfp11_veneer  0x1000d104        0x0 linker stubs

.v4_bx          0x1000d104        0x0
 .v4_bx         0x1000d104        0x0 linker stubs

.iplt           0x1000d104        0x0
 .iplt          0x1000d104        0x0 C:/Program Files (x86)/Arm GNU Toolchain arm-none-eabi/13.2 Rel1/bin/../lib/gcc/arm-none-eabi/13.2.1/thumb/v8-m.main+fp/hard/crtfastmath.o

.ARM.extab
 *(.ARM.extab* .gnu.linkonce.armextab.*)
                0x1000d104                        __exidx_start = .

.ARM.exidx      0x1000d104        0x8
 *(.ARM.exidx* .gnu.linkonce.armexidx.*)
 .ARM.exidx     0x1000d104        0x8 C:/Program Files (x86)/Arm GNU Toolchain arm-none-eabi/13.2 Rel1/bin/../lib/gcc/arm-none-eabi/13.2.1/thumb/v8-m.main+fp/hard/crt0.o
                                 0x10 (size before relaxing)
 .ARM.exidx     0x1000d10c        0x0 C:/Program Files (x86)/Arm GNU Toolchain arm-none-eabi/13.2 Rel1/bin/../lib/gcc/arm-none-eabi/13.2.1/thumb/v8-m.main+fp/hard\libc.a(libc_a-memcpy.o)
                                  0x8 (size before relaxing)
                0x1000d10c                        __exidx_end = .

.rel.dyn        0x1000d10c        0x0
 .rel.iplt      0x1000d10c        0x0 C:/Program Files (x86)/Arm GNU Toolchain arm-none-eabi/13.2 Rel1/bin/../lib/gcc/arm-none-eabi/13.2.1/thumb/v8-m.main+fp/hard/crtfastmath.o

.copy.table     0x1000d10c        0xc
                0x1000d10c                        . = ALIGN (0x4)
                0x1000d10c                        __copy_table_start__ = .
                0x1000d10c        0x4 LONG 0x1000d118 __etext
                0x1000d110        0x4 LONG 0x38000000 __data_start__
                0x1000d114        0x4 LONG 0x1b9 ((__data_end__ - __data_start__) / 0x4)
                0x1000d118                        __copy_table_end__ = .

.zero.table     0x1000d118        0x0
                0x1000d118                        . = ALIGN (0x4)
                0x1000d118                        __zero_table_start__ = .
                0x1000d118                        __zero_table_end__ = .
                0x1000d118                        __etext = ALIGN (0x4)

.data           0x38000000      0x6e4 load address 0x1000d118
                0x38000000                        __data_start__ = .
 *(vtable)
 *(.data)
 *(.data.*)
 .data.SystemCoreClock
                0x38000000        0x4 ./objects/system_iotkit_cm33.o
                0x38000000                SystemCoreClock
 .data.s_nMSUnit
                0x38000004        0x4 ./objects/perf_counter.o
 .data.s_nUSUnit
                0x38000008        0x4 ./objects/perf_counter.o
 .data.default_num_contexts
                0x3800000c        0x4 ./objects/core_portme.o
                0x3800000c                default_num_contexts
 .data.seed4_volatile
                0x38000010        0x4 ./objects/core_portme.o
                0x38000010                seed4_volatile
 .data.seed3_volatile
                0x38000014        0x4 ./objects/core_portme.o
                0x38000014                seed3_volatile
 .data.__sglue  0x38000018        0xc C:/Program Files (x86)/Arm GNU Toolchain arm-none-eabi/13.2 Rel1/bin/../lib/gcc/arm-none-eabi/13.2.1/thumb/v8-m.main+fp/hard\libc.a(libc_a-findfp.o)
                0x38000018                __sglue
 .data._impure_ptr
                0x38000024        0x4 C:/Program Files (x86)/Arm GNU Toolchain arm-none-eabi/13.2 Rel1/bin/../lib/gcc/arm-none-eabi/13.2.1/thumb/v8-m.main+fp/hard\libc.a(libc_a-impure.o)
                0x38000024                _impure_ptr
 .data._impure_data
                0x38000028      0x120 C:/Program Files (x86)/Arm GNU Toolchain arm-none-eabi/13.2 Rel1/bin/../lib/gcc/arm-none-eabi/13.2.1/thumb/v8-m.main+fp/hard\libc.a(libc_a-impure.o)
                0x38000028                _impure_data
 .data.__atexit_recursive_mutex
                0x38000148        0x4 C:/Program Files (x86)/Arm GNU Toolchain arm-none-eabi/13.2 Rel1/bin/../lib/gcc/arm-none-eabi/13.2.1/thumb/v8-m.main+fp/hard\libc.a(libc_a-__call_atexit.o)
                0x38000148                __atexit_recursive_mutex
 .data.__malloc_sbrk_base
                0x3800014c        0x4 C:/Program Files (x86)/Arm GNU Toolchain arm-none-eabi/13.2 Rel1/bin/../lib/gcc/arm-none-eabi/13.2.1/thumb/v8-m.main+fp/hard\libc.a(libc_a-mallocr.o)
                0x3800014c                __malloc_sbrk_base
 .data.__malloc_trim_threshold
                0x38000150        0x4 C:/Program Files (x86)/Arm GNU Toolchain arm-none-eabi/13.2 Rel1/bin/../lib/gcc/arm-none-eabi/13.2.1/thumb/v8-m.main+fp/hard\libc.a(libc_a-mallocr.o)
                0x38000150                __malloc_trim_threshold
 *fill*         0x38000154        0x4 
 .data.__malloc_av_
                0x38000158      0x408 C:/Program Files (x86)/Arm GNU Toolchain arm-none-eabi/13.2 Rel1/bin/../lib/gcc/arm-none-eabi/13.2.1/thumb/v8-m.main+fp/hard\libc.a(libc_a-mallocr.o)
                0x38000158                __malloc_av_
 .data.__global_locale
                0x38000560      0x16c C:/Program Files (x86)/Arm GNU Toolchain arm-none-eabi/13.2 Rel1/bin/../lib/gcc/arm-none-eabi/13.2.1/thumb/v8-m.main+fp/hard\libc.a(libc_a-locale.o)
                0x38000560                __global_locale
                0x380006cc                        . = ALIGN (0x4)
                0x380006cc                        PROVIDE (__preinit_array_start = .)
 *(.preinit_array)
                0x380006cc                        PROVIDE (__preinit_array_end = .)
                0x380006cc                        . = ALIGN (0x4)
                0x380006cc                        PROVIDE (__init_array_start = .)
 *(SORT_BY_NAME(.init_array.*))
 .init_array.00000
                0x380006cc        0x4 C:/Program Files (x86)/Arm GNU Toolchain arm-none-eabi/13.2 Rel1/bin/../lib/gcc/arm-none-eabi/13.2.1/thumb/v8-m.main+fp/hard\libc.a(libc_a-__call_atexit.o)
 .init_array.00101
                0x380006d0        0x4 ./objects/platform.o
 *(.init_array)
 .init_array    0x380006d4        0x4 C:/Program Files (x86)/Arm GNU Toolchain arm-none-eabi/13.2 Rel1/bin/../lib/gcc/arm-none-eabi/13.2.1/thumb/v8-m.main+fp/hard/crtfastmath.o
 .init_array    0x380006d8        0x4 C:/Program Files (x86)/Arm GNU Toolchain arm-none-eabi/13.2 Rel1/bin/../lib/gcc/arm-none-eabi/13.2.1/thumb/v8-m.main+fp/hard/crtbegin.o
 .init_array    0x380006dc        0x4 ./objects/perf_counter.o
                0x380006e0                        PROVIDE (__init_array_end = .)
                0x380006e0                        . = ALIGN (0x4)
                0x380006e0                        PROVIDE (__fini_array_start = .)
 *(SORT_BY_NAME(.fini_array.*))
 *(.fini_array)
 .fini_array    0x380006e0        0x4 C:/Program Files (x86)/Arm GNU Toolchain arm-none-eabi/13.2 Rel1/bin/../lib/gcc/arm-none-eabi/13.2.1/thumb/v8-m.main+fp/hard/crtbegin.o
                0x380006e4                        PROVIDE (__fini_array_end = .)
 *(.jcr*)
                0x380006e4                        . = ALIGN (0x4)
                0x380006e4                        __data_end__ = .

.igot.plt       0x380006e4        0x0 load address 0x1000d7fc
 .igot.plt      0x380006e4        0x0 C:/Program Files (x86)/Arm GNU Toolchain arm-none-eabi/13.2 Rel1/bin/../lib/gcc/arm-none-eabi/13.2.1/thumb/v8-m.main+fp/hard/crtfastmath.o

.tm_clone_table
                0x380006e4        0x0 load address 0x1000d7fc
 .tm_clone_table
                0x380006e4        0x0 C:/Program Files (x86)/Arm GNU Toolchain arm-none-eabi/13.2 Rel1/bin/../lib/gcc/arm-none-eabi/13.2.1/thumb/v8-m.main+fp/hard/crtbegin.o
 .tm_clone_table
                0x380006e4        0x0 C:/Program Files (x86)/Arm GNU Toolchain arm-none-eabi/13.2 Rel1/bin/../lib/gcc/arm-none-eabi/13.2.1/thumb/v8-m.main+fp/hard/crtend.o

.bss            0x38000700     0x1c2c
                0x38000700                        . = ALIGN (0x4)
                0x38000700                        __bss_start__ = .
 *(.bss)
 *(.bss.*)
 .bss.completed.1
                0x38000700        0x1 C:/Program Files (x86)/Arm GNU Toolchain arm-none-eabi/13.2 Rel1/bin/../lib/gcc/arm-none-eabi/13.2.1/thumb/v8-m.main+fp/hard/crtbegin.o
 *fill*         0x38000701        0x3 
 .bss.object.0  0x38000704       0x18 C:/Program Files (x86)/Arm GNU Toolchain arm-none-eabi/13.2 Rel1/bin/../lib/gcc/arm-none-eabi/13.2.1/thumb/v8-m.main+fp/hard/crtbegin.o
 .bss.buffer.0  0x3800071c        0x8 ./objects/serial.o
 .bss.index.1   0x38000724        0x4 ./objects/serial.o
 .bss.TS_OverflowLock
                0x38000728        0x1 ./objects/eventrecorder.o
 *fill*         0x38000729       0x17 
 .bss.noinit    0x38000740     0x10b0 ./objects/eventrecorder.o
 .bss.dfCoremarkScore
                0x380017f0        0x8 ./objects/core_main.o
                0x380017f0                dfCoremarkScore
 .bss.static_memblk
                0x380017f8      0x7d0 ./objects/core_main.o
                0x380017f8                static_memblk
 .bss.noinit    0x38001fc8        0x8 ./objects/perf_counter.o
 .bss.s_lSystemClockCounts
                0x38001fd0        0x8 ./objects/perf_counter.o
 .bss.s_nSystemUS
                0x38001fd8        0x4 ./objects/perf_counter.o
 .bss.s_nSystemMS
                0x38001fdc        0x4 ./objects/perf_counter.o
 .bss.s_nUSResidule
                0x38001fe0        0x4 ./objects/perf_counter.o
 .bss.s_nMSResidule
                0x38001fe4        0x4 ./objects/perf_counter.o
 .bss.g_nOffset
                0x38001fe8        0x4 ./objects/perf_counter.o
                0x38001fe8                g_nOffset
 *fill*         0x38001fec        0x4 
 .bss.s_lOldTimestamp
                0x38001ff0        0x8 ./objects/perf_counter.o
 .bss.g_lLastTimeStamp
                0x38001ff8        0x8 ./objects/perf_counter.o
                0x38001ff8                g_lLastTimeStamp
 .bss.s_tCycleElapsed
                0x38002000        0x8 ./objects/core_portme.o
 .bss.seed5_volatile
                0x38002008        0x4 ./objects/core_portme.o
                0x38002008                seed5_volatile
 .bss.seed2_volatile
                0x3800200c        0x4 ./objects/core_portme.o
                0x3800200c                seed2_volatile
 .bss.seed1_volatile
                0x38002010        0x4 ./objects/core_portme.o
                0x38002010                seed1_volatile
 .bss.__sf      0x38002014      0x138 C:/Program Files (x86)/Arm GNU Toolchain arm-none-eabi/13.2 Rel1/bin/../lib/gcc/arm-none-eabi/13.2.1/thumb/v8-m.main+fp/hard\libc.a(libc_a-findfp.o)
                0x38002014                __sf
 .bss.__stdio_exit_handler
                0x3800214c        0x4 C:/Program Files (x86)/Arm GNU Toolchain arm-none-eabi/13.2 Rel1/bin/../lib/gcc/arm-none-eabi/13.2.1/thumb/v8-m.main+fp/hard\libc.a(libc_a-findfp.o)
                0x3800214c                __stdio_exit_handler
 .bss.errno     0x38002150        0x4 C:/Program Files (x86)/Arm GNU Toolchain arm-none-eabi/13.2 Rel1/bin/../lib/gcc/arm-none-eabi/13.2.1/thumb/v8-m.main+fp/hard\libc.a(libc_a-reent.o)
                0x38002150                errno
 .bss.__lock___malloc_recursive_mutex
                0x38002154        0x1 C:/Program Files (x86)/Arm GNU Toolchain arm-none-eabi/13.2 Rel1/bin/../lib/gcc/arm-none-eabi/13.2.1/thumb/v8-m.main+fp/hard\libc.a(libc_a-lock.o)
                0x38002154                __lock___malloc_recursive_mutex
 *fill*         0x38002155        0x3 
 .bss.__lock___atexit_recursive_mutex
                0x38002158        0x1 C:/Program Files (x86)/Arm GNU Toolchain arm-none-eabi/13.2 Rel1/bin/../lib/gcc/arm-none-eabi/13.2.1/thumb/v8-m.main+fp/hard\libc.a(libc_a-lock.o)
                0x38002158                __lock___atexit_recursive_mutex
 *fill*         0x38002159        0x3 
 .bss.__lock___sfp_recursive_mutex
                0x3800215c        0x1 C:/Program Files (x86)/Arm GNU Toolchain arm-none-eabi/13.2 Rel1/bin/../lib/gcc/arm-none-eabi/13.2.1/thumb/v8-m.main+fp/hard\libc.a(libc_a-lock.o)
                0x3800215c                __lock___sfp_recursive_mutex
 *fill*         0x3800215d        0x3 
 .bss.__atexit  0x38002160        0x4 C:/Program Files (x86)/Arm GNU Toolchain arm-none-eabi/13.2 Rel1/bin/../lib/gcc/arm-none-eabi/13.2.1/thumb/v8-m.main+fp/hard\libc.a(libc_a-__call_atexit.o)
                0x38002160                __atexit
 .bss.__malloc_current_mallinfo
                0x38002164       0x28 C:/Program Files (x86)/Arm GNU Toolchain arm-none-eabi/13.2 Rel1/bin/../lib/gcc/arm-none-eabi/13.2.1/thumb/v8-m.main+fp/hard\libc.a(libc_a-mallocr.o)
                0x38002164                __malloc_current_mallinfo
 .bss.__malloc_max_total_mem
                0x3800218c        0x4 C:/Program Files (x86)/Arm GNU Toolchain arm-none-eabi/13.2 Rel1/bin/../lib/gcc/arm-none-eabi/13.2.1/thumb/v8-m.main+fp/hard\libc.a(libc_a-mallocr.o)
                0x3800218c                __malloc_max_total_mem
 .bss.__malloc_max_sbrked_mem
                0x38002190        0x4 C:/Program Files (x86)/Arm GNU Toolchain arm-none-eabi/13.2 Rel1/bin/../lib/gcc/arm-none-eabi/13.2.1/thumb/v8-m.main+fp/hard\libc.a(libc_a-mallocr.o)
                0x38002190                __malloc_max_sbrked_mem
 .bss.__malloc_top_pad
                0x38002194        0x4 C:/Program Files (x86)/Arm GNU Toolchain arm-none-eabi/13.2 Rel1/bin/../lib/gcc/arm-none-eabi/13.2.1/thumb/v8-m.main+fp/hard\libc.a(libc_a-mallocr.o)
                0x38002194                __malloc_top_pad
 .bss.__atexit0
                0x38002198      0x190 C:/Program Files (x86)/Arm GNU Toolchain arm-none-eabi/13.2 Rel1/bin/../lib/gcc/arm-none-eabi/13.2.1/thumb/v8-m.main+fp/hard\libc.a(libc_a-__atexit.o)
                0x38002198                __atexit0
 .bss.heap_end.0
                0x38002328        0x4 C:/Program Files (x86)/Arm GNU Toolchain arm-none-eabi/13.2 Rel1/bin/../lib/gcc/arm-none-eabi/13.2.1/thumb/v8-m.main+fp/hard\libnosys.a(sbrk.o)
 *(COMMON)
                0x3800232c                        . = ALIGN (0x4)
                0x3800232c                        __bss_end__ = .

.heap           0x3800232c     0x1004
                0x38002330                        . = ALIGN (0x8)
 *fill*         0x3800232c        0x4 
                0x38002330                        __end__ = .
                0x38002330                        PROVIDE (end = .)
                0x38003330                        . = (. + __HEAP_SIZE)
 *fill*         0x38002330     0x1000 
                0x38003330                        . = ALIGN (0x8)
                0x38003330                        __HeapLimit = .

.stack          0x381ff000     0x1000
                0x381ff000                        . = ALIGN (0x8)
                0x381ff000                        __StackLimit = .
                0x38200000                        . = (. + __STACK_SIZE)
 *fill*         0x381ff000     0x1000 
                0x38200000                        . = ALIGN (0x8)
                0x38200000                        __StackTop = .
                0x38200000                        PROVIDE (__stack = __StackTop)
                0x00000001                        ASSERT ((__StackLimit >= __HeapLimit), region RAM overflowed with stack)
OUTPUT(./Objects/gcc_template.elf elf32-littlearm)
LOAD linker stubs

.ARM.attributes
                0x00000000       0x36
 .ARM.attributes
                0x00000000       0x38 C:/Program Files (x86)/Arm GNU Toolchain arm-none-eabi/13.2 Rel1/bin/../lib/gcc/arm-none-eabi/13.2.1/thumb/v8-m.main+fp/hard/crtfastmath.o
 .ARM.attributes
                0x00000038       0x26 C:/Program Files (x86)/Arm GNU Toolchain arm-none-eabi/13.2 Rel1/bin/../lib/gcc/arm-none-eabi/13.2.1/thumb/v8-m.main+fp/hard/crti.o
 .ARM.attributes
                0x0000005e       0x38 C:/Program Files (x86)/Arm GNU Toolchain arm-none-eabi/13.2 Rel1/bin/../lib/gcc/arm-none-eabi/13.2.1/thumb/v8-m.main+fp/hard/crtbegin.o
 .ARM.attributes
                0x00000096       0x24 C:/Program Files (x86)/Arm GNU Toolchain arm-none-eabi/13.2 Rel1/bin/../lib/gcc/arm-none-eabi/13.2.1/thumb/v8-m.main+fp/hard/crt0.o
 .ARM.attributes
                0x000000ba       0x34 ./objects/platform.o
 .ARM.attributes
                0x000000ee       0x34 ./objects/serial.o
 .ARM.attributes
                0x00000122       0x34 ./objects/main.o
 .ARM.attributes
                0x00000156       0x34 ./objects/eventrecorder.o
 .ARM.attributes
                0x0000018a       0x34 ./objects/startup_iotkit_cm33.o
 .ARM.attributes
                0x000001be       0x34 ./objects/system_iotkit_cm33.o
 .ARM.attributes
                0x000001f2       0x34 ./objects/core_list_join.o
 .ARM.attributes
                0x00000226       0x34 ./objects/core_matrix.o
 .ARM.attributes
                0x0000025a       0x34 ./objects/core_state.o
 .ARM.attributes
                0x0000028e       0x34 ./objects/core_util.o
 .ARM.attributes
                0x000002c2       0x34 ./objects/core_main.o
 .ARM.attributes
                0x000002f6       0x34 ./objects/perf_counter.o
 .ARM.attributes
                0x0000032a       0x34 ./objects/core_portme.o
 .ARM.attributes
                0x0000035e       0x38 C:/Program Files (x86)/Arm GNU Toolchain arm-none-eabi/13.2 Rel1/bin/../lib/gcc/arm-none-eabi/13.2.1/thumb/v8-m.main+fp/hard\libc.a(libc_a-exit.o)
 .ARM.attributes
                0x00000396       0x38 C:/Program Files (x86)/Arm GNU Toolchain arm-none-eabi/13.2 Rel1/bin/../lib/gcc/arm-none-eabi/13.2.1/thumb/v8-m.main+fp/hard\libc.a(libc_a-findfp.o)
 .ARM.attributes
                0x000003ce       0x38 C:/Program Files (x86)/Arm GNU Toolchain arm-none-eabi/13.2 Rel1/bin/../lib/gcc/arm-none-eabi/13.2.1/thumb/v8-m.main+fp/hard\libc.a(libc_a-fwalk.o)
 .ARM.attributes
                0x00000406       0x38 C:/Program Files (x86)/Arm GNU Toolchain arm-none-eabi/13.2 Rel1/bin/../lib/gcc/arm-none-eabi/13.2.1/thumb/v8-m.main+fp/hard\libc.a(libc_a-printf.o)
 .ARM.attributes
                0x0000043e       0x38 C:/Program Files (x86)/Arm GNU Toolchain arm-none-eabi/13.2 Rel1/bin/../lib/gcc/arm-none-eabi/13.2.1/thumb/v8-m.main+fp/hard\libc.a(libc_a-putchar.o)
 .ARM.attributes
                0x00000476       0x38 C:/Program Files (x86)/Arm GNU Toolchain arm-none-eabi/13.2 Rel1/bin/../lib/gcc/arm-none-eabi/13.2.1/thumb/v8-m.main+fp/hard\libc.a(libc_a-puts.o)
 .ARM.attributes
                0x000004ae       0x38 C:/Program Files (x86)/Arm GNU Toolchain arm-none-eabi/13.2 Rel1/bin/../lib/gcc/arm-none-eabi/13.2.1/thumb/v8-m.main+fp/hard\libc.a(libc_a-stdio.o)
 .ARM.attributes
                0x000004e6       0x38 C:/Program Files (x86)/Arm GNU Toolchain arm-none-eabi/13.2 Rel1/bin/../lib/gcc/arm-none-eabi/13.2.1/thumb/v8-m.main+fp/hard\libc.a(libc_a-memset.o)
 .ARM.attributes
                0x0000051e       0x38 C:/Program Files (x86)/Arm GNU Toolchain arm-none-eabi/13.2 Rel1/bin/../lib/gcc/arm-none-eabi/13.2.1/thumb/v8-m.main+fp/hard\libc.a(libc_a-closer.o)
 .ARM.attributes
                0x00000556       0x38 C:/Program Files (x86)/Arm GNU Toolchain arm-none-eabi/13.2 Rel1/bin/../lib/gcc/arm-none-eabi/13.2.1/thumb/v8-m.main+fp/hard\libc.a(libc_a-reent.o)
 .ARM.attributes
                0x0000058e       0x38 C:/Program Files (x86)/Arm GNU Toolchain arm-none-eabi/13.2 Rel1/bin/../lib/gcc/arm-none-eabi/13.2.1/thumb/v8-m.main+fp/hard\libc.a(libc_a-impure.o)
 .ARM.attributes
                0x000005c6       0x38 C:/Program Files (x86)/Arm GNU Toolchain arm-none-eabi/13.2 Rel1/bin/../lib/gcc/arm-none-eabi/13.2.1/thumb/v8-m.main+fp/hard\libc.a(libc_a-lseekr.o)
 .ARM.attributes
                0x000005fe       0x38 C:/Program Files (x86)/Arm GNU Toolchain arm-none-eabi/13.2 Rel1/bin/../lib/gcc/arm-none-eabi/13.2.1/thumb/v8-m.main+fp/hard\libc.a(libc_a-readr.o)
 .ARM.attributes
                0x00000636       0x38 C:/Program Files (x86)/Arm GNU Toolchain arm-none-eabi/13.2 Rel1/bin/../lib/gcc/arm-none-eabi/13.2.1/thumb/v8-m.main+fp/hard\libc.a(libc_a-writer.o)
 .ARM.attributes
                0x0000066e       0x38 C:/Program Files (x86)/Arm GNU Toolchain arm-none-eabi/13.2 Rel1/bin/../lib/gcc/arm-none-eabi/13.2.1/thumb/v8-m.main+fp/hard\libc.a(libc_a-init.o)
 .ARM.attributes
                0x000006a6       0x38 C:/Program Files (x86)/Arm GNU Toolchain arm-none-eabi/13.2 Rel1/bin/../lib/gcc/arm-none-eabi/13.2.1/thumb/v8-m.main+fp/hard\libc.a(libc_a-lock.o)
 .ARM.attributes
                0x000006de       0x24 C:/Program Files (x86)/Arm GNU Toolchain arm-none-eabi/13.2 Rel1/bin/../lib/gcc/arm-none-eabi/13.2.1/thumb/v8-m.main+fp/hard\libc.a(libc_a-memcpy.o)
 .ARM.attributes
                0x00000702       0x38 C:/Program Files (x86)/Arm GNU Toolchain arm-none-eabi/13.2 Rel1/bin/../lib/gcc/arm-none-eabi/13.2.1/thumb/v8-m.main+fp/hard\libc.a(libc_a-strlen-stub.o)
 .ARM.attributes
                0x0000073a       0x38 C:/Program Files (x86)/Arm GNU Toolchain arm-none-eabi/13.2 Rel1/bin/../lib/gcc/arm-none-eabi/13.2.1/thumb/v8-m.main+fp/hard\libc.a(libc_a-__call_atexit.o)
 .ARM.attributes
                0x00000772       0x38 C:/Program Files (x86)/Arm GNU Toolchain arm-none-eabi/13.2 Rel1/bin/../lib/gcc/arm-none-eabi/13.2.1/thumb/v8-m.main+fp/hard\libc.a(libc_a-atexit.o)
 .ARM.attributes
                0x000007aa       0x38 C:/Program Files (x86)/Arm GNU Toolchain arm-none-eabi/13.2 Rel1/bin/../lib/gcc/arm-none-eabi/13.2.1/thumb/v8-m.main+fp/hard\libc.a(libc_a-freer.o)
 .ARM.attributes
                0x000007e2       0x38 C:/Program Files (x86)/Arm GNU Toolchain arm-none-eabi/13.2 Rel1/bin/../lib/gcc/arm-none-eabi/13.2.1/thumb/v8-m.main+fp/hard\libc.a(libc_a-mallocr.o)
 .ARM.attributes
                0x0000081a       0x38 C:/Program Files (x86)/Arm GNU Toolchain arm-none-eabi/13.2 Rel1/bin/../lib/gcc/arm-none-eabi/13.2.1/thumb/v8-m.main+fp/hard\libc.a(libc_a-mlock.o)
 .ARM.attributes
                0x00000852       0x38 C:/Program Files (x86)/Arm GNU Toolchain arm-none-eabi/13.2 Rel1/bin/../lib/gcc/arm-none-eabi/13.2.1/thumb/v8-m.main+fp/hard\libc.a(libc_a-vfprintf.o)
 .ARM.attributes
                0x0000088a       0x38 C:/Program Files (x86)/Arm GNU Toolchain arm-none-eabi/13.2 Rel1/bin/../lib/gcc/arm-none-eabi/13.2.1/thumb/v8-m.main+fp/hard\libc.a(libc_a-vfiprintf.o)
 .ARM.attributes
                0x000008c2       0x38 C:/Program Files (x86)/Arm GNU Toolchain arm-none-eabi/13.2 Rel1/bin/../lib/gcc/arm-none-eabi/13.2.1/thumb/v8-m.main+fp/hard\libc.a(libc_a-fclose.o)
 .ARM.attributes
                0x000008fa       0x38 C:/Program Files (x86)/Arm GNU Toolchain arm-none-eabi/13.2 Rel1/bin/../lib/gcc/arm-none-eabi/13.2.1/thumb/v8-m.main+fp/hard\libc.a(libc_a-fflush.o)
 .ARM.attributes
                0x00000932       0x38 C:/Program Files (x86)/Arm GNU Toolchain arm-none-eabi/13.2 Rel1/bin/../lib/gcc/arm-none-eabi/13.2.1/thumb/v8-m.main+fp/hard\libc.a(libc_a-fvwrite.o)
 .ARM.attributes
                0x0000096a       0x38 C:/Program Files (x86)/Arm GNU Toolchain arm-none-eabi/13.2 Rel1/bin/../lib/gcc/arm-none-eabi/13.2.1/thumb/v8-m.main+fp/hard\libc.a(libc_a-putc.o)
 .ARM.attributes
                0x000009a2       0x38 C:/Program Files (x86)/Arm GNU Toolchain arm-none-eabi/13.2 Rel1/bin/../lib/gcc/arm-none-eabi/13.2.1/thumb/v8-m.main+fp/hard\libc.a(libc_a-wbuf.o)
 .ARM.attributes
                0x000009da       0x38 C:/Program Files (x86)/Arm GNU Toolchain arm-none-eabi/13.2 Rel1/bin/../lib/gcc/arm-none-eabi/13.2.1/thumb/v8-m.main+fp/hard\libc.a(libc_a-wsetup.o)
 .ARM.attributes
                0x00000a12       0x38 C:/Program Files (x86)/Arm GNU Toolchain arm-none-eabi/13.2 Rel1/bin/../lib/gcc/arm-none-eabi/13.2.1/thumb/v8-m.main+fp/hard\libc.a(libc_a-fputwc.o)
 .ARM.attributes
                0x00000a4a       0x38 C:/Program Files (x86)/Arm GNU Toolchain arm-none-eabi/13.2 Rel1/bin/../lib/gcc/arm-none-eabi/13.2.1/thumb/v8-m.main+fp/hard\libc.a(libc_a-memmove.o)
 .ARM.attributes
                0x00000a82       0x38 C:/Program Files (x86)/Arm GNU Toolchain arm-none-eabi/13.2 Rel1/bin/../lib/gcc/arm-none-eabi/13.2.1/thumb/v8-m.main+fp/hard\libc.a(libc_a-strncpy.o)
 .ARM.attributes
                0x00000aba       0x38 C:/Program Files (x86)/Arm GNU Toolchain arm-none-eabi/13.2 Rel1/bin/../lib/gcc/arm-none-eabi/13.2.1/thumb/v8-m.main+fp/hard\libc.a(libc_a-locale.o)
 .ARM.attributes
                0x00000af2       0x38 C:/Program Files (x86)/Arm GNU Toolchain arm-none-eabi/13.2 Rel1/bin/../lib/gcc/arm-none-eabi/13.2.1/thumb/v8-m.main+fp/hard\libc.a(libc_a-localeconv.o)
 .ARM.attributes
                0x00000b2a       0x38 C:/Program Files (x86)/Arm GNU Toolchain arm-none-eabi/13.2 Rel1/bin/../lib/gcc/arm-none-eabi/13.2.1/thumb/v8-m.main+fp/hard\libc.a(libc_a-sbrkr.o)
 .ARM.attributes
                0x00000b62       0x38 C:/Program Files (x86)/Arm GNU Toolchain arm-none-eabi/13.2 Rel1/bin/../lib/gcc/arm-none-eabi/13.2.1/thumb/v8-m.main+fp/hard\libc.a(libc_a-fini.o)
 .ARM.attributes
                0x00000b9a       0x38 C:/Program Files (x86)/Arm GNU Toolchain arm-none-eabi/13.2 Rel1/bin/../lib/gcc/arm-none-eabi/13.2.1/thumb/v8-m.main+fp/hard\libc.a(libc_a-sysconf.o)
 .ARM.attributes
                0x00000bd2       0x38 C:/Program Files (x86)/Arm GNU Toolchain arm-none-eabi/13.2 Rel1/bin/../lib/gcc/arm-none-eabi/13.2.1/thumb/v8-m.main+fp/hard\libc.a(libc_a-memchr-stub.o)
 .ARM.attributes
                0x00000c0a       0x38 C:/Program Files (x86)/Arm GNU Toolchain arm-none-eabi/13.2 Rel1/bin/../lib/gcc/arm-none-eabi/13.2.1/thumb/v8-m.main+fp/hard\libc.a(libm_a-s_frexp.o)
 .ARM.attributes
                0x00000c42       0x38 C:/Program Files (x86)/Arm GNU Toolchain arm-none-eabi/13.2 Rel1/bin/../lib/gcc/arm-none-eabi/13.2.1/thumb/v8-m.main+fp/hard\libc.a(libc_a-__atexit.o)
 .ARM.attributes
                0x00000c7a       0x38 C:/Program Files (x86)/Arm GNU Toolchain arm-none-eabi/13.2 Rel1/bin/../lib/gcc/arm-none-eabi/13.2.1/thumb/v8-m.main+fp/hard\libc.a(libc_a-dtoa.o)
 .ARM.attributes
                0x00000cb2       0x38 C:/Program Files (x86)/Arm GNU Toolchain arm-none-eabi/13.2 Rel1/bin/../lib/gcc/arm-none-eabi/13.2.1/thumb/v8-m.main+fp/hard\libc.a(libc_a-mbtowc_r.o)
 .ARM.attributes
                0x00000cea       0x38 C:/Program Files (x86)/Arm GNU Toolchain arm-none-eabi/13.2 Rel1/bin/../lib/gcc/arm-none-eabi/13.2.1/thumb/v8-m.main+fp/hard\libc.a(libc_a-mprec.o)
 .ARM.attributes
                0x00000d22       0x38 C:/Program Files (x86)/Arm GNU Toolchain arm-none-eabi/13.2 Rel1/bin/../lib/gcc/arm-none-eabi/13.2.1/thumb/v8-m.main+fp/hard\libc.a(libc_a-reallocr.o)
 .ARM.attributes
                0x00000d5a       0x38 C:/Program Files (x86)/Arm GNU Toolchain arm-none-eabi/13.2 Rel1/bin/../lib/gcc/arm-none-eabi/13.2.1/thumb/v8-m.main+fp/hard\libc.a(libc_a-wctomb_r.o)
 .ARM.attributes
                0x00000d92       0x38 C:/Program Files (x86)/Arm GNU Toolchain arm-none-eabi/13.2 Rel1/bin/../lib/gcc/arm-none-eabi/13.2.1/thumb/v8-m.main+fp/hard\libc.a(libc_a-wcrtomb.o)
 .ARM.attributes
                0x00000dca       0x38 C:/Program Files (x86)/Arm GNU Toolchain arm-none-eabi/13.2 Rel1/bin/../lib/gcc/arm-none-eabi/13.2.1/thumb/v8-m.main+fp/hard\libc.a(libc_a-wcsrtombs.o)
 .ARM.attributes
                0x00000e02       0x38 C:/Program Files (x86)/Arm GNU Toolchain arm-none-eabi/13.2 Rel1/bin/../lib/gcc/arm-none-eabi/13.2.1/thumb/v8-m.main+fp/hard\libc.a(libc_a-ctype_.o)
 .ARM.attributes
                0x00000e3a       0x38 C:/Program Files (x86)/Arm GNU Toolchain arm-none-eabi/13.2 Rel1/bin/../lib/gcc/arm-none-eabi/13.2.1/thumb/v8-m.main+fp/hard\libc.a(libc_a-makebuf.o)
 .ARM.attributes
                0x00000e72       0x38 C:/Program Files (x86)/Arm GNU Toolchain arm-none-eabi/13.2 Rel1/bin/../lib/gcc/arm-none-eabi/13.2.1/thumb/v8-m.main+fp/hard\libc.a(libc_a-fstatr.o)
 .ARM.attributes
                0x00000eaa       0x38 C:/Program Files (x86)/Arm GNU Toolchain arm-none-eabi/13.2 Rel1/bin/../lib/gcc/arm-none-eabi/13.2.1/thumb/v8-m.main+fp/hard\libc.a(libc_a-isattyr.o)
 .ARM.attributes
                0x00000ee2       0x38 C:/Program Files (x86)/Arm GNU Toolchain arm-none-eabi/13.2 Rel1/bin/../lib/gcc/arm-none-eabi/13.2.1/thumb/v8-m.main+fp/hard\libc.a(libc_a-errno.o)
 .ARM.attributes
                0x00000f1a       0x38 C:/Program Files (x86)/Arm GNU Toolchain arm-none-eabi/13.2 Rel1/bin/../lib/gcc/arm-none-eabi/13.2.1/thumb/v8-m.main+fp/hard\libc.a(libc_a-assert.o)
 .ARM.attributes
                0x00000f52       0x38 C:/Program Files (x86)/Arm GNU Toolchain arm-none-eabi/13.2 Rel1/bin/../lib/gcc/arm-none-eabi/13.2.1/thumb/v8-m.main+fp/hard\libc.a(libc_a-callocr.o)
 .ARM.attributes
                0x00000f8a       0x38 C:/Program Files (x86)/Arm GNU Toolchain arm-none-eabi/13.2 Rel1/bin/../lib/gcc/arm-none-eabi/13.2.1/thumb/v8-m.main+fp/hard\libc.a(libc_a-wcsnrtombs.o)
 .ARM.attributes
                0x00000fc2       0x38 C:/Program Files (x86)/Arm GNU Toolchain arm-none-eabi/13.2 Rel1/bin/../lib/gcc/arm-none-eabi/13.2.1/thumb/v8-m.main+fp/hard\libc.a(libc_a-fiprintf.o)
 .ARM.attributes
                0x00000ffa       0x38 C:/Program Files (x86)/Arm GNU Toolchain arm-none-eabi/13.2 Rel1/bin/../lib/gcc/arm-none-eabi/13.2.1/thumb/v8-m.main+fp/hard\libc.a(libc_a-abort.o)
 .ARM.attributes
                0x00001032       0x38 C:/Program Files (x86)/Arm GNU Toolchain arm-none-eabi/13.2 Rel1/bin/../lib/gcc/arm-none-eabi/13.2.1/thumb/v8-m.main+fp/hard\libc.a(libc_a-signal.o)
 .ARM.attributes
                0x0000106a       0x38 C:/Program Files (x86)/Arm GNU Toolchain arm-none-eabi/13.2 Rel1/bin/../lib/gcc/arm-none-eabi/13.2.1/thumb/v8-m.main+fp/hard\libc.a(libc_a-signalr.o)
 .ARM.attributes
                0x000010a2       0x26 C:/Program Files (x86)/Arm GNU Toolchain arm-none-eabi/13.2 Rel1/bin/../lib/gcc/arm-none-eabi/13.2.1/thumb/v8-m.main+fp/hard\libgcc.a(_arm_addsubdf3.o)
 .ARM.attributes
                0x000010c8       0x26 C:/Program Files (x86)/Arm GNU Toolchain arm-none-eabi/13.2 Rel1/bin/../lib/gcc/arm-none-eabi/13.2.1/thumb/v8-m.main+fp/hard\libgcc.a(_arm_muldivdf3.o)
 .ARM.attributes
                0x000010ee       0x26 C:/Program Files (x86)/Arm GNU Toolchain arm-none-eabi/13.2 Rel1/bin/../lib/gcc/arm-none-eabi/13.2.1/thumb/v8-m.main+fp/hard\libgcc.a(_arm_cmpdf2.o)
 .ARM.attributes
                0x00001114       0x26 C:/Program Files (x86)/Arm GNU Toolchain arm-none-eabi/13.2 Rel1/bin/../lib/gcc/arm-none-eabi/13.2.1/thumb/v8-m.main+fp/hard\libgcc.a(_arm_unorddf2.o)
 .ARM.attributes
                0x0000113a       0x26 C:/Program Files (x86)/Arm GNU Toolchain arm-none-eabi/13.2 Rel1/bin/../lib/gcc/arm-none-eabi/13.2.1/thumb/v8-m.main+fp/hard\libgcc.a(_arm_fixdfsi.o)
 .ARM.attributes
                0x00001160       0x26 C:/Program Files (x86)/Arm GNU Toolchain arm-none-eabi/13.2 Rel1/bin/../lib/gcc/arm-none-eabi/13.2.1/thumb/v8-m.main+fp/hard\libgcc.a(_arm_fixunsdfsi.o)
 .ARM.attributes
                0x00001186       0x38 C:/Program Files (x86)/Arm GNU Toolchain arm-none-eabi/13.2 Rel1/bin/../lib/gcc/arm-none-eabi/13.2.1/thumb/v8-m.main+fp/hard\libnosys.a(close.o)
 .ARM.attributes
                0x000011be       0x38 C:/Program Files (x86)/Arm GNU Toolchain arm-none-eabi/13.2 Rel1/bin/../lib/gcc/arm-none-eabi/13.2.1/thumb/v8-m.main+fp/hard\libnosys.a(fstat.o)
 .ARM.attributes
                0x000011f6       0x38 C:/Program Files (x86)/Arm GNU Toolchain arm-none-eabi/13.2 Rel1/bin/../lib/gcc/arm-none-eabi/13.2.1/thumb/v8-m.main+fp/hard\libnosys.a(getpid.o)
 .ARM.attributes
                0x0000122e       0x38 C:/Program Files (x86)/Arm GNU Toolchain arm-none-eabi/13.2 Rel1/bin/../lib/gcc/arm-none-eabi/13.2.1/thumb/v8-m.main+fp/hard\libnosys.a(isatty.o)
 .ARM.attributes
                0x00001266       0x38 C:/Program Files (x86)/Arm GNU Toolchain arm-none-eabi/13.2 Rel1/bin/../lib/gcc/arm-none-eabi/13.2.1/thumb/v8-m.main+fp/hard\libnosys.a(kill.o)
 .ARM.attributes
                0x0000129e       0x38 C:/Program Files (x86)/Arm GNU Toolchain arm-none-eabi/13.2 Rel1/bin/../lib/gcc/arm-none-eabi/13.2.1/thumb/v8-m.main+fp/hard\libnosys.a(lseek.o)
 .ARM.attributes
                0x000012d6       0x38 C:/Program Files (x86)/Arm GNU Toolchain arm-none-eabi/13.2 Rel1/bin/../lib/gcc/arm-none-eabi/13.2.1/thumb/v8-m.main+fp/hard\libnosys.a(read.o)
 .ARM.attributes
                0x0000130e       0x38 C:/Program Files (x86)/Arm GNU Toolchain arm-none-eabi/13.2 Rel1/bin/../lib/gcc/arm-none-eabi/13.2.1/thumb/v8-m.main+fp/hard\libnosys.a(sbrk.o)
 .ARM.attributes
                0x00001346       0x38 C:/Program Files (x86)/Arm GNU Toolchain arm-none-eabi/13.2 Rel1/bin/../lib/gcc/arm-none-eabi/13.2.1/thumb/v8-m.main+fp/hard\libnosys.a(_exit.o)
 .ARM.attributes
                0x0000137e       0x38 C:/Program Files (x86)/Arm GNU Toolchain arm-none-eabi/13.2 Rel1/bin/../lib/gcc/arm-none-eabi/13.2.1/thumb/v8-m.main+fp/hard/crtend.o
 .ARM.attributes
                0x000013b6       0x26 C:/Program Files (x86)/Arm GNU Toolchain arm-none-eabi/13.2 Rel1/bin/../lib/gcc/arm-none-eabi/13.2.1/thumb/v8-m.main+fp/hard/crtn.o

.comment        0x00000000       0x44
 .comment       0x00000000       0x44 ./objects/platform.o
                                 0x45 (size before relaxing)
 .comment       0x00000044       0x45 ./objects/serial.o
 .comment       0x00000044       0x45 ./objects/main.o
 .comment       0x00000044       0x45 ./objects/eventrecorder.o
 .comment       0x00000044       0x45 ./objects/startup_iotkit_cm33.o
 .comment       0x00000044       0x45 ./objects/system_iotkit_cm33.o
 .comment       0x00000044       0x45 ./objects/core_list_join.o
 .comment       0x00000044       0x45 ./objects/core_matrix.o
 .comment       0x00000044       0x45 ./objects/core_state.o
 .comment       0x00000044       0x45 ./objects/core_util.o
 .comment       0x00000044       0x45 ./objects/core_main.o
 .comment       0x00000044       0x45 ./objects/perf_counter.o
 .comment       0x00000044       0x45 ./objects/core_portme.o

.debug_frame    0x00000000     0x2548
 .debug_frame   0x00000000       0x20 C:/Program Files (x86)/Arm GNU Toolchain arm-none-eabi/13.2 Rel1/bin/../lib/gcc/arm-none-eabi/13.2.1/thumb/v8-m.main+fp/hard/crtfastmath.o
 .debug_frame   0x00000020       0x5c ./objects/platform.o
 .debug_frame   0x0000007c       0x38 ./objects/serial.o
 .debug_frame   0x000000b4       0x2c ./objects/main.o
 .debug_frame   0x000000e0      0x198 ./objects/eventrecorder.o
 .debug_frame   0x00000278       0x48 ./objects/startup_iotkit_cm33.o
 .debug_frame   0x000002c0       0x30 ./objects/system_iotkit_cm33.o
 .debug_frame   0x000002f0      0x19c ./objects/core_list_join.o
 .debug_frame   0x0000048c      0x1ac ./objects/core_matrix.o
 .debug_frame   0x00000638       0xb8 ./objects/core_state.o
 .debug_frame   0x000006f0       0x78 ./objects/core_util.o
 .debug_frame   0x00000768       0x64 ./objects/core_main.o
 .debug_frame   0x000007cc      0x2fc ./objects/perf_counter.o
 .debug_frame   0x00000ac8       0x98 ./objects/core_portme.o
 .debug_frame   0x00000b60       0x28 C:/Program Files (x86)/Arm GNU Toolchain arm-none-eabi/13.2 Rel1/bin/../lib/gcc/arm-none-eabi/13.2.1/thumb/v8-m.main+fp/hard\libc.a(libc_a-exit.o)
 .debug_frame   0x00000b88      0x13c C:/Program Files (x86)/Arm GNU Toolchain arm-none-eabi/13.2 Rel1/bin/../lib/gcc/arm-none-eabi/13.2.1/thumb/v8-m.main+fp/hard\libc.a(libc_a-findfp.o)
 .debug_frame   0x00000cc4       0x34 C:/Program Files (x86)/Arm GNU Toolchain arm-none-eabi/13.2 Rel1/bin/../lib/gcc/arm-none-eabi/13.2.1/thumb/v8-m.main+fp/hard\libc.a(libc_a-fwalk.o)
 .debug_frame   0x00000cf8       0x74 C:/Program Files (x86)/Arm GNU Toolchain arm-none-eabi/13.2 Rel1/bin/../lib/gcc/arm-none-eabi/13.2.1/thumb/v8-m.main+fp/hard\libc.a(libc_a-printf.o)
 .debug_frame   0x00000d6c       0x30 C:/Program Files (x86)/Arm GNU Toolchain arm-none-eabi/13.2 Rel1/bin/../lib/gcc/arm-none-eabi/13.2.1/thumb/v8-m.main+fp/hard\libc.a(libc_a-putchar.o)
 .debug_frame   0x00000d9c       0x48 C:/Program Files (x86)/Arm GNU Toolchain arm-none-eabi/13.2 Rel1/bin/../lib/gcc/arm-none-eabi/13.2.1/thumb/v8-m.main+fp/hard\libc.a(libc_a-puts.o)
 .debug_frame   0x00000de4       0x8c C:/Program Files (x86)/Arm GNU Toolchain arm-none-eabi/13.2 Rel1/bin/../lib/gcc/arm-none-eabi/13.2.1/thumb/v8-m.main+fp/hard\libc.a(libc_a-stdio.o)
 .debug_frame   0x00000e70       0x2c C:/Program Files (x86)/Arm GNU Toolchain arm-none-eabi/13.2 Rel1/bin/../lib/gcc/arm-none-eabi/13.2.1/thumb/v8-m.main+fp/hard\libc.a(libc_a-memset.o)
 .debug_frame   0x00000e9c       0x2c C:/Program Files (x86)/Arm GNU Toolchain arm-none-eabi/13.2 Rel1/bin/../lib/gcc/arm-none-eabi/13.2.1/thumb/v8-m.main+fp/hard\libc.a(libc_a-closer.o)
 .debug_frame   0x00000ec8       0x3c C:/Program Files (x86)/Arm GNU Toolchain arm-none-eabi/13.2 Rel1/bin/../lib/gcc/arm-none-eabi/13.2.1/thumb/v8-m.main+fp/hard\libc.a(libc_a-reent.o)
 .debug_frame   0x00000f04       0x2c C:/Program Files (x86)/Arm GNU Toolchain arm-none-eabi/13.2 Rel1/bin/../lib/gcc/arm-none-eabi/13.2.1/thumb/v8-m.main+fp/hard\libc.a(libc_a-lseekr.o)
 .debug_frame   0x00000f30       0x2c C:/Program Files (x86)/Arm GNU Toolchain arm-none-eabi/13.2 Rel1/bin/../lib/gcc/arm-none-eabi/13.2.1/thumb/v8-m.main+fp/hard\libc.a(libc_a-readr.o)
 .debug_frame   0x00000f5c       0x2c C:/Program Files (x86)/Arm GNU Toolchain arm-none-eabi/13.2 Rel1/bin/../lib/gcc/arm-none-eabi/13.2.1/thumb/v8-m.main+fp/hard\libc.a(libc_a-writer.o)
 .debug_frame   0x00000f88       0x2c C:/Program Files (x86)/Arm GNU Toolchain arm-none-eabi/13.2 Rel1/bin/../lib/gcc/arm-none-eabi/13.2.1/thumb/v8-m.main+fp/hard\libc.a(libc_a-init.o)
 .debug_frame   0x00000fb4       0xb0 C:/Program Files (x86)/Arm GNU Toolchain arm-none-eabi/13.2 Rel1/bin/../lib/gcc/arm-none-eabi/13.2.1/thumb/v8-m.main+fp/hard\libc.a(libc_a-lock.o)
 .debug_frame   0x00001064       0x20 C:/Program Files (x86)/Arm GNU Toolchain arm-none-eabi/13.2 Rel1/bin/../lib/gcc/arm-none-eabi/13.2.1/thumb/v8-m.main+fp/hard\libc.a(libc_a-strlen-stub.o)
 .debug_frame   0x00001084       0x5c C:/Program Files (x86)/Arm GNU Toolchain arm-none-eabi/13.2 Rel1/bin/../lib/gcc/arm-none-eabi/13.2.1/thumb/v8-m.main+fp/hard\libc.a(libc_a-__call_atexit.o)
 .debug_frame   0x000010e0       0x20 C:/Program Files (x86)/Arm GNU Toolchain arm-none-eabi/13.2 Rel1/bin/../lib/gcc/arm-none-eabi/13.2.1/thumb/v8-m.main+fp/hard\libc.a(libc_a-atexit.o)
 .debug_frame   0x00001100       0x78 C:/Program Files (x86)/Arm GNU Toolchain arm-none-eabi/13.2 Rel1/bin/../lib/gcc/arm-none-eabi/13.2.1/thumb/v8-m.main+fp/hard\libc.a(libc_a-freer.o)
 .debug_frame   0x00001178       0x48 C:/Program Files (x86)/Arm GNU Toolchain arm-none-eabi/13.2 Rel1/bin/../lib/gcc/arm-none-eabi/13.2.1/thumb/v8-m.main+fp/hard\libc.a(libc_a-mallocr.o)
 .debug_frame   0x000011c0       0x30 C:/Program Files (x86)/Arm GNU Toolchain arm-none-eabi/13.2 Rel1/bin/../lib/gcc/arm-none-eabi/13.2.1/thumb/v8-m.main+fp/hard\libc.a(libc_a-mlock.o)
 .debug_frame   0x000011f0       0x88 C:/Program Files (x86)/Arm GNU Toolchain arm-none-eabi/13.2 Rel1/bin/../lib/gcc/arm-none-eabi/13.2.1/thumb/v8-m.main+fp/hard\libc.a(libc_a-vfprintf.o)
 .debug_frame   0x00001278       0xd0 C:/Program Files (x86)/Arm GNU Toolchain arm-none-eabi/13.2 Rel1/bin/../lib/gcc/arm-none-eabi/13.2.1/thumb/v8-m.main+fp/hard\libc.a(libc_a-vfiprintf.o)
 .debug_frame   0x00001348       0x3c C:/Program Files (x86)/Arm GNU Toolchain arm-none-eabi/13.2 Rel1/bin/../lib/gcc/arm-none-eabi/13.2.1/thumb/v8-m.main+fp/hard\libc.a(libc_a-fclose.o)
 .debug_frame   0x00001384       0x70 C:/Program Files (x86)/Arm GNU Toolchain arm-none-eabi/13.2 Rel1/bin/../lib/gcc/arm-none-eabi/13.2.1/thumb/v8-m.main+fp/hard\libc.a(libc_a-fflush.o)
 .debug_frame   0x000013f4       0x64 C:/Program Files (x86)/Arm GNU Toolchain arm-none-eabi/13.2 Rel1/bin/../lib/gcc/arm-none-eabi/13.2.1/thumb/v8-m.main+fp/hard\libc.a(libc_a-fvwrite.o)
 .debug_frame   0x00001458       0x48 C:/Program Files (x86)/Arm GNU Toolchain arm-none-eabi/13.2 Rel1/bin/../lib/gcc/arm-none-eabi/13.2.1/thumb/v8-m.main+fp/hard\libc.a(libc_a-putc.o)
 .debug_frame   0x000014a0       0x40 C:/Program Files (x86)/Arm GNU Toolchain arm-none-eabi/13.2 Rel1/bin/../lib/gcc/arm-none-eabi/13.2.1/thumb/v8-m.main+fp/hard\libc.a(libc_a-wbuf.o)
 .debug_frame   0x000014e0       0x2c C:/Program Files (x86)/Arm GNU Toolchain arm-none-eabi/13.2 Rel1/bin/../lib/gcc/arm-none-eabi/13.2.1/thumb/v8-m.main+fp/hard\libc.a(libc_a-wsetup.o)
 .debug_frame   0x0000150c       0x80 C:/Program Files (x86)/Arm GNU Toolchain arm-none-eabi/13.2 Rel1/bin/../lib/gcc/arm-none-eabi/13.2.1/thumb/v8-m.main+fp/hard\libc.a(libc_a-fputwc.o)
 .debug_frame   0x0000158c       0x40 C:/Program Files (x86)/Arm GNU Toolchain arm-none-eabi/13.2 Rel1/bin/../lib/gcc/arm-none-eabi/13.2.1/thumb/v8-m.main+fp/hard\libc.a(libc_a-memmove.o)
 .debug_frame   0x000015cc       0x2c C:/Program Files (x86)/Arm GNU Toolchain arm-none-eabi/13.2 Rel1/bin/../lib/gcc/arm-none-eabi/13.2.1/thumb/v8-m.main+fp/hard\libc.a(libc_a-strncpy.o)
 .debug_frame   0x000015f8       0xdc C:/Program Files (x86)/Arm GNU Toolchain arm-none-eabi/13.2 Rel1/bin/../lib/gcc/arm-none-eabi/13.2.1/thumb/v8-m.main+fp/hard\libc.a(libc_a-locale.o)
 .debug_frame   0x000016d4       0x40 C:/Program Files (x86)/Arm GNU Toolchain arm-none-eabi/13.2 Rel1/bin/../lib/gcc/arm-none-eabi/13.2.1/thumb/v8-m.main+fp/hard\libc.a(libc_a-localeconv.o)
 .debug_frame   0x00001714       0x2c C:/Program Files (x86)/Arm GNU Toolchain arm-none-eabi/13.2 Rel1/bin/../lib/gcc/arm-none-eabi/13.2.1/thumb/v8-m.main+fp/hard\libc.a(libc_a-sbrkr.o)
 .debug_frame   0x00001740       0x34 C:/Program Files (x86)/Arm GNU Toolchain arm-none-eabi/13.2 Rel1/bin/../lib/gcc/arm-none-eabi/13.2.1/thumb/v8-m.main+fp/hard\libc.a(libc_a-fini.o)
 .debug_frame   0x00001774       0x28 C:/Program Files (x86)/Arm GNU Toolchain arm-none-eabi/13.2 Rel1/bin/../lib/gcc/arm-none-eabi/13.2.1/thumb/v8-m.main+fp/hard\libc.a(libc_a-sysconf.o)
 .debug_frame   0x0000179c       0x2c C:/Program Files (x86)/Arm GNU Toolchain arm-none-eabi/13.2 Rel1/bin/../lib/gcc/arm-none-eabi/13.2.1/thumb/v8-m.main+fp/hard\libc.a(libc_a-memchr-stub.o)
 .debug_frame   0x000017c8       0x2c C:/Program Files (x86)/Arm GNU Toolchain arm-none-eabi/13.2 Rel1/bin/../lib/gcc/arm-none-eabi/13.2.1/thumb/v8-m.main+fp/hard\libc.a(libm_a-s_frexp.o)
 .debug_frame   0x000017f4       0x34 C:/Program Files (x86)/Arm GNU Toolchain arm-none-eabi/13.2 Rel1/bin/../lib/gcc/arm-none-eabi/13.2.1/thumb/v8-m.main+fp/hard\libc.a(libc_a-__atexit.o)
 .debug_frame   0x00001828       0x84 C:/Program Files (x86)/Arm GNU Toolchain arm-none-eabi/13.2 Rel1/bin/../lib/gcc/arm-none-eabi/13.2.1/thumb/v8-m.main+fp/hard\libc.a(libc_a-dtoa.o)
 .debug_frame   0x000018ac      0x130 C:/Program Files (x86)/Arm GNU Toolchain arm-none-eabi/13.2 Rel1/bin/../lib/gcc/arm-none-eabi/13.2.1/thumb/v8-m.main+fp/hard\libc.a(libc_a-mbtowc_r.o)
 .debug_frame   0x000019dc      0x28c C:/Program Files (x86)/Arm GNU Toolchain arm-none-eabi/13.2 Rel1/bin/../lib/gcc/arm-none-eabi/13.2.1/thumb/v8-m.main+fp/hard\libc.a(libc_a-mprec.o)
 .debug_frame   0x00001c68       0x58 C:/Program Files (x86)/Arm GNU Toolchain arm-none-eabi/13.2 Rel1/bin/../lib/gcc/arm-none-eabi/13.2.1/thumb/v8-m.main+fp/hard\libc.a(libc_a-reallocr.o)
 .debug_frame   0x00001cc0       0xa4 C:/Program Files (x86)/Arm GNU Toolchain arm-none-eabi/13.2 Rel1/bin/../lib/gcc/arm-none-eabi/13.2.1/thumb/v8-m.main+fp/hard\libc.a(libc_a-wctomb_r.o)
 .debug_frame   0x00001d64       0x60 C:/Program Files (x86)/Arm GNU Toolchain arm-none-eabi/13.2 Rel1/bin/../lib/gcc/arm-none-eabi/13.2.1/thumb/v8-m.main+fp/hard\libc.a(libc_a-wcrtomb.o)