Archive member included to satisfy reference by file (symbol)

C:/Program Files (x86)/Arm GNU Toolchain arm-none-eabi/13.2 Rel1/bin/../lib/gcc/arm-none-eabi/13.2.1/thumb/v8-m.main+fp/hard\libc.a(libc_a-exit.o)
                              C:/Program Files (x86)/Arm GNU Toolchain arm-none-eabi/13.2 Rel1/bin/../lib/gcc/arm-none-eabi/13.2.1/thumb/v8-m.main+fp/hard/crt0.o (exit)
C:/Program Files (x86)/Arm GNU Toolchain arm-none-eabi/13.2 Rel1/bin/../lib/gcc/arm-none-eabi/13.2.1/thumb/v8-m.main+fp/hard\libc.a(libc_a-findfp.o)
                              C:/Program Files (x86)/Arm GNU Toolchain arm-none-eabi/13.2 Rel1/bin/../lib/gcc/arm-none-eabi/13.2.1/thumb/v8-m.main+fp/hard\libc.a(libc_a-exit.o) (__stdio_exit_handler)
C:/Program Files (x86)/Arm GNU Toolchain arm-none-eabi/13.2 Rel1/bin/../lib/gcc/arm-none-eabi/13.2.1/thumb/v8-m.main+fp/hard\libc.a(libc_a-fwalk.o)
                              C:/Program Files (x86)/Arm GNU Toolchain arm-none-eabi/13.2 Rel1/bin/../lib/gcc/arm-none-eabi/13.2.1/thumb/v8-m.main+fp/hard\libc.a(libc_a-findfp.o) (_fwalk_sglue)
C:/Program Files (x86)/Arm GNU Toolchain arm-none-eabi/13.2 Rel1/bin/../lib/gcc/arm-none-eabi/13.2.1/thumb/v8-m.main+fp/hard\libc.a(libc_a-stdio.o)
                              C:/Program Files (x86)/Arm GNU Toolchain arm-none-eabi/13.2 Rel1/bin/../lib/gcc/arm-none-eabi/13.2.1/thumb/v8-m.main+fp/hard\libc.a(libc_a-findfp.o) (__sread)
C:/Program Files (x86)/Arm GNU Toolchain arm-none-eabi/13.2 Rel1/bin/../lib/gcc/arm-none-eabi/13.2.1/thumb/v8-m.main+fp/hard\libc.a(libc_a-memset.o)
                              C:/Program Files (x86)/Arm GNU Toolchain arm-none-eabi/13.2 Rel1/bin/../lib/gcc/arm-none-eabi/13.2.1/thumb/v8-m.main+fp/hard/crt0.o (memset)
C:/Program Files (x86)/Arm GNU Toolchain arm-none-eabi/13.2 Rel1/bin/../lib/gcc/arm-none-eabi/13.2.1/thumb/v8-m.main+fp/hard\libc.a(libc_a-closer.o)
                              C:/Program Files (x86)/Arm GNU Toolchain arm-none-eabi/13.2 Rel1/bin/../lib/gcc/arm-none-eabi/13.2.1/thumb/v8-m.main+fp/hard\libc.a(libc_a-stdio.o) (_close_r)
C:/Program Files (x86)/Arm GNU Toolchain arm-none-eabi/13.2 Rel1/bin/../lib/gcc/arm-none-eabi/13.2.1/thumb/v8-m.main+fp/hard\libc.a(libc_a-reent.o)
                              C:/Program Files (x86)/Arm GNU Toolchain arm-none-eabi/13.2 Rel1/bin/../lib/gcc/arm-none-eabi/13.2.1/thumb/v8-m.main+fp/hard\libc.a(libc_a-closer.o) (errno)
C:/Program Files (x86)/Arm GNU Toolchain arm-none-eabi/13.2 Rel1/bin/../lib/gcc/arm-none-eabi/13.2.1/thumb/v8-m.main+fp/hard\libc.a(libc_a-impure.o)
                              C:/Program Files (x86)/Arm GNU Toolchain arm-none-eabi/13.2 Rel1/bin/../lib/gcc/arm-none-eabi/13.2.1/thumb/v8-m.main+fp/hard\libc.a(libc_a-reent.o) (_impure_ptr)
C:/Program Files (x86)/Arm GNU Toolchain arm-none-eabi/13.2 Rel1/bin/../lib/gcc/arm-none-eabi/13.2.1/thumb/v8-m.main+fp/hard\libc.a(libc_a-lseekr.o)
                              C:/Program Files (x86)/Arm GNU Toolchain arm-none-eabi/13.2 Rel1/bin/../lib/gcc/arm-none-eabi/13.2.1/thumb/v8-m.main+fp/hard\libc.a(libc_a-stdio.o) (_lseek_r)
C:/Program Files (x86)/Arm GNU Toolchain arm-none-eabi/13.2 Rel1/bin/../lib/gcc/arm-none-eabi/13.2.1/thumb/v8-m.main+fp/hard\libc.a(libc_a-readr.o)
                              C:/Program Files (x86)/Arm GNU Toolchain arm-none-eabi/13.2 Rel1/bin/../lib/gcc/arm-none-eabi/13.2.1/thumb/v8-m.main+fp/hard\libc.a(libc_a-stdio.o) (_read_r)
C:/Program Files (x86)/Arm GNU Toolchain arm-none-eabi/13.2 Rel1/bin/../lib/gcc/arm-none-eabi/13.2.1/thumb/v8-m.main+fp/hard\libc.a(libc_a-writer.o)
                              C:/Program Files (x86)/Arm GNU Toolchain arm-none-eabi/13.2 Rel1/bin/../lib/gcc/arm-none-eabi/13.2.1/thumb/v8-m.main+fp/hard\libc.a(libc_a-stdio.o) (_write_r)
C:/Program Files (x86)/Arm GNU Toolchain arm-none-eabi/13.2 Rel1/bin/../lib/gcc/arm-none-eabi/13.2.1/thumb/v8-m.main+fp/hard\libc.a(libc_a-init.o)
                              C:/Program Files (x86)/Arm GNU Toolchain arm-none-eabi/13.2 Rel1/bin/../lib/gcc/arm-none-eabi/13.2.1/thumb/v8-m.main+fp/hard/crt0.o (__libc_init_array)
C:/Program Files (x86)/Arm GNU Toolchain arm-none-eabi/13.2 Rel1/bin/../lib/gcc/arm-none-eabi/13.2.1/thumb/v8-m.main+fp/hard\libc.a(libc_a-lock.o)
                              C:/Program Files (x86)/Arm GNU Toolchain arm-none-eabi/13.2 Rel1/bin/../lib/gcc/arm-none-eabi/13.2.1/thumb/v8-m.main+fp/hard\libc.a(libc_a-findfp.o) (__retarget_lock_init_recursive)
C:/Program Files (x86)/Arm GNU Toolchain arm-none-eabi/13.2 Rel1/bin/../lib/gcc/arm-none-eabi/13.2.1/thumb/v8-m.main+fp/hard\libc.a(libc_a-__call_atexit.o)
                              C:/Program Files (x86)/Arm GNU Toolchain arm-none-eabi/13.2 Rel1/bin/../lib/gcc/arm-none-eabi/13.2.1/thumb/v8-m.main+fp/hard\libc.a(libc_a-exit.o) (__call_exitprocs)
C:/Program Files (x86)/Arm GNU Toolchain arm-none-eabi/13.2 Rel1/bin/../lib/gcc/arm-none-eabi/13.2.1/thumb/v8-m.main+fp/hard\libc.a(libc_a-atexit.o)
[...]
Memory Configuration

Name             Origin             Length             Attributes
FLASH            0x10000000         0x00200000         xr
RAM              0x38000000         0x00200000         xrw
*default*        0x00000000         0xffffffff

Linker script and memory map

LOAD C:/Program Files (x86)/Arm GNU Toolchain arm-none-eabi/13.2 Rel1/bin/../lib/gcc/arm-none-eabi/13.2.1/thumb/v8-m.main+fp/hard/crtfastmath.o
LOAD C:/Program Files (x86)/Arm GNU Toolchain arm-none-eabi/13.2 Rel1/bin/../lib/gcc/arm-none-eabi/13.2.1/thumb/v8-m.main+fp/hard/crti.o
LOAD C:/Program Files (x86)/Arm GNU Toolchain arm-none-eabi/13.2 Rel1/bin/../lib/gcc/arm-none-eabi/13.2.1/thumb/v8-m.main+fp/hard/crtbegin.o
LOAD C:/Program Files (x86)/Arm GNU Toolchain arm-none-eabi/13.2 Rel1/bin/../lib/gcc/arm-none-eabi/13.2.1/thumb/v8-m.main+fp/hard/crt0.o
LOAD ./objects/platform.o
LOAD C:\Users\gabwan01\AppData\Local\Temp\ccFzBKo7.ltrans0.ltrans.o
LOAD C:\Users\gabwan01\AppData\Local\Temp\ccxUKEH8.debug.temp.o
LOAD C:\Users\gabwan01\AppData\Local\Temp\ccUPsYLc.debug.temp.o
LOAD C:\Users\gabwan01\AppData\Local\Temp\cchLaiQg.debug.temp.o
LOAD C:\Users\gabwan01\AppData\Local\Temp\ccEGSBUk.debug.temp.o
LOAD C:\Users\gabwan01\AppData\Local\Temp\cc1BAVYo.debug.temp.o
LOAD C:\Users\gabwan01\AppData\Local\Temp\ccoxif3s.debug.temp.o
LOAD C:\Users\gabwan01\AppData\Local\Temp\ccLs0y7w.debug.temp.o
LOAD C:\Users\gabwan01\AppData\Local\Temp\cc8nISbB.debug.temp.o
LOAD C:\Users\gabwan01\AppData\Local\Temp\ccvjqcgF.debug.temp.o
LOAD C:\Users\gabwan01\AppData\Local\Temp\ccSe8vkJ.debug.temp.o
LOAD C:\Users\gabwan01\AppData\Local\Temp\cc9mGaGQ.debug.temp.o
LOAD C:\Users\gabwan01\AppData\Local\Temp\ccqveP1X.debug.temp.o
LOAD C:\Users\gabwan01\AppData\Local\Temp\ccHDMtn5.debug.temp.o
LOAD ./objects/serial.o
LOAD ./objects/main.o
LOAD ./objects/eventrecorder.o
LOAD ./objects/startup_iotkit_cm33.o
LOAD ./objects/system_iotkit_cm33.o
LOAD ./objects/core_list_join.o
LOAD ./objects/core_matrix.o
LOAD ./objects/core_state.o
LOAD ./objects/core_util.o
LOAD ./objects/core_main.o
LOAD ./objects/perf_counter.o
LOAD ./objects/systick_wrapper_gcc.o
LOAD ./objects/core_portme.o
LOAD C:/Program Files (x86)/Arm GNU Toolchain arm-none-eabi/13.2 Rel1/bin/../lib/gcc/arm-none-eabi/13.2.1/thumb/v8-m.main+fp/hard\libm.a
LOAD C:/Program Files (x86)/Arm GNU Toolchain arm-none-eabi/13.2 Rel1/bin/../lib/gcc/arm-none-eabi/13.2.1/thumb/v8-m.main+fp/hard\libc.a
START GROUP
LOAD C:/Program Files (x86)/Arm GNU Toolchain arm-none-eabi/13.2 Rel1/bin/../lib/gcc/arm-none-eabi/13.2.1/thumb/v8-m.main+fp/hard\libgcc.a
LOAD C:/Program Files (x86)/Arm GNU Toolchain arm-none-eabi/13.2 Rel1/bin/../lib/gcc/arm-none-eabi/13.2.1/thumb/v8-m.main+fp/hard\libc.a
END GROUP
START GROUP
LOAD C:/Program Files (x86)/Arm GNU Toolchain arm-none-eabi/13.2 Rel1/bin/../lib/gcc/arm-none-eabi/13.2.1/thumb/v8-m.main+fp/hard\libgcc.a
LOAD C:/Program Files (x86)/Arm GNU Toolchain arm-none-eabi/13.2 Rel1/bin/../lib/gcc/arm-none-eabi/13.2.1/thumb/v8-m.main+fp/hard\libc.a
LOAD C:/Program Files (x86)/Arm GNU Toolchain arm-none-eabi/13.2 Rel1/bin/../lib/gcc/arm-none-eabi/13.2.1/thumb/v8-m.main+fp/hard\libnosys.a
END GROUP
LOAD C:/Program Files (x86)/Arm GNU Toolchain arm-none-eabi/13.2 Rel1/bin/../lib/gcc/arm-none-eabi/13.2.1/thumb/v8-m.main+fp/hard/crtend.o
LOAD C:/Program Files (x86)/Arm GNU Toolchain arm-none-eabi/13.2 Rel1/bin/../lib/gcc/arm-none-eabi/13.2.1/thumb/v8-m.main+fp/hard/crtn.o
                0x10000000                        __ROM_BASE = 0x10000000
                0x00200000                        __ROM_SIZE = 0x200000
                0x38000000                        __RAM_BASE = 0x38000000
                0x00200000                        __RAM_SIZE = 0x200000
                0x00001000                        __STACK_SIZE = 0x1000
                0x00001000                        __HEAP_SIZE = 0x1000
                0x00000000                        __STACKSEAL_SIZE = 0x0

.text           0x10000000     0xb09c
 *(.vectors)
 .vectors       0x10000000      0x400 C:\Users\gabwan01\AppData\Local\Temp\ccFzBKo7.ltrans0.ltrans.o
                0x10000000                __Vectors
 *(.text*)
 .text.startup.__arm_set_fast_math
                0x10000400       0x10 C:/Program Files (x86)/Arm GNU Toolchain arm-none-eabi/13.2 Rel1/bin/../lib/gcc/arm-none-eabi/13.2.1/thumb/v8-m.main+fp/hard/crtfastmath.o
 .text.deregister_tm_clones
                0x10000410       0x1c C:/Program Files (x86)/Arm GNU Toolchain arm-none-eabi/13.2 Rel1/bin/../lib/gcc/arm-none-eabi/13.2.1/thumb/v8-m.main+fp/hard/crtbegin.o
 .text.register_tm_clones
                0x1000042c       0x28 C:/Program Files (x86)/Arm GNU Toolchain arm-none-eabi/13.2 Rel1/bin/../lib/gcc/arm-none-eabi/13.2.1/thumb/v8-m.main+fp/hard/crtbegin.o
 .text.__do_global_dtors_aux
                0x10000454       0x28 C:/Program Files (x86)/Arm GNU Toolchain arm-none-eabi/13.2 Rel1/bin/../lib/gcc/arm-none-eabi/13.2.1/thumb/v8-m.main+fp/hard/crtbegin.o
 .text.frame_dummy
                0x1000047c       0x24 C:/Program Files (x86)/Arm GNU Toolchain arm-none-eabi/13.2 Rel1/bin/../lib/gcc/arm-none-eabi/13.2.1/thumb/v8-m.main+fp/hard/crtbegin.o
 .text          0x100004a0       0x7c C:/Program Files (x86)/Arm GNU Toolchain arm-none-eabi/13.2 Rel1/bin/../lib/gcc/arm-none-eabi/13.2.1/thumb/v8-m.main+fp/hard/crt0.o
                0x100004a0                _stack_init
                0x100004a8                _start
                0x100004a8                _mainCRTStartup
 .text.SysTick_Handler
                0x1000051c       0x94 C:\Users\gabwan01\AppData\Local\Temp\ccFzBKo7.ltrans0.ltrans.o
                0x1000051c                SysTick_Handler
 .text.crcu16   0x100005b0      0x118 C:\Users\gabwan01\AppData\Local\Temp\ccFzBKo7.ltrans0.ltrans.o
 .text.EventRecordItem
                0x100006c8      0x320 C:\Users\gabwan01\AppData\Local\Temp\ccFzBKo7.ltrans0.ltrans.o
 .text.Default_Handler
                0x100009e8        0x4 C:\Users\gabwan01\AppData\Local\Temp\ccFzBKo7.ltrans0.ltrans.o
 .text.HardFault_Handler
                0x100009ec        0x4 C:\Users\gabwan01\AppData\Local\Temp\ccFzBKo7.ltrans0.ltrans.o
 .text.core_state_transition
                0x100009f0      0x1a4 C:\Users\gabwan01\AppData\Local\Temp\ccFzBKo7.ltrans0.ltrans.o
 .text.calc_func
                0x10000b94     0x1004 C:\Users\gabwan01\AppData\Local\Temp\ccFzBKo7.ltrans0.ltrans.o
 .text.core_bench_list
                0x10001b98      0x5d4 C:\Users\gabwan01\AppData\Local\Temp\ccFzBKo7.ltrans0.ltrans.o
 .text.get_system_ticks
                0x1000216c       0x60 C:\Users\gabwan01\AppData\Local\Temp\ccFzBKo7.ltrans0.ltrans.o
 .text.EventGetTS
                0x100021cc       0x5c C:\Users\gabwan01\AppData\Local\Temp\ccFzBKo7.ltrans0.ltrans.o
 .text.init_cycle_counter
                0x10002228       0xb4 C:\Users\gabwan01\AppData\Local\Temp\ccFzBKo7.ltrans0.ltrans.o
 .text.startup.EventRecorderEnable.part.0.isra.0
                0x100022dc       0x4c C:\Users\gabwan01\AppData\Local\Temp\ccFzBKo7.ltrans0.ltrans.o
 .text.Reset_Handler
                0x10002328       0xcc C:\Users\gabwan01\AppData\Local\Temp\ccFzBKo7.ltrans0.ltrans.o
                0x10002328                Reset_Handler
 .text.startup.app_platform_init
                0x100023f4      0x15c C:\Users\gabwan01\AppData\Local\Temp\ccFzBKo7.ltrans0.ltrans.o
                0x100023f4                app_platform_init
 .text._write   0x10002550       0xd4 C:\Users\gabwan01\AppData\Local\Temp\ccFzBKo7.ltrans0.ltrans.o
                0x10002550                _write
 *fill*         0x10002624        0x4 
 .text.startup.main
                0x10002628      0xed0 C:\Users\gabwan01\AppData\Local\Temp\ccFzBKo7.ltrans0.ltrans.o
                0x10002628                main
 .text.startup.__perf_counter_init
                0x100034f8        0x8 C:\Users\gabwan01\AppData\Local\Temp\ccFzBKo7.ltrans0.ltrans.o
 .text.exit     0x10003500       0x1c C:/Program Files (x86)/Arm GNU Toolchain arm-none-eabi/13.2 Rel1/bin/../lib/gcc/arm-none-eabi/13.2.1/thumb/v8-m.main+fp/hard\libc.a(libc_a-exit.o)
                0x10003500                exit
 .text.stdio_exit_handler
                0x1000351c       0x18 C:/Program Files (x86)/Arm GNU Toolchain arm-none-eabi/13.2 Rel1/bin/../lib/gcc/arm-none-eabi/13.2.1/thumb/v8-m.main+fp/hard\libc.a(libc_a-findfp.o)
 .text.cleanup_stdio
                0x10003534       0x40 C:/Program Files (x86)/Arm GNU Toolchain arm-none-eabi/13.2 Rel1/bin/../lib/gcc/arm-none-eabi/13.2.1/thumb/v8-m.main+fp/hard\libc.a(libc_a-findfp.o)
 .text.global_stdio_init.part.0
                0x10003574       0xf0 C:/Program Files (x86)/Arm GNU Toolchain arm-none-eabi/13.2 Rel1/bin/../lib/gcc/arm-none-eabi/13.2.1/thumb/v8-m.main+fp/hard\libc.a(libc_a-findfp.o)
 .text.__sinit  0x10003664       0x3c C:/Program Files (x86)/Arm GNU Toolchain arm-none-eabi/13.2 Rel1/bin/../lib/gcc/arm-none-eabi/13.2.1/thumb/v8-m.main+fp/hard\libc.a(libc_a-findfp.o)
                0x10003664                __sinit
 .text.__sfp_lock_acquire
                0x100036a0        0xc C:/Program Files (x86)/Arm GNU Toolchain arm-none-eabi/13.2 Rel1/bin/../lib/gcc/arm-none-eabi/13.2.1/thumb/v8-m.main+fp/hard\libc.a(libc_a-findfp.o)
                0x100036a0                __sfp_lock_acquire
 .text.__sfp_lock_release
                0x100036ac        0xc C:/Program Files (x86)/Arm GNU Toolchain arm-none-eabi/13.2 Rel1/bin/../lib/gcc/arm-none-eabi/13.2.1/thumb/v8-m.main+fp/hard\libc.a(libc_a-findfp.o)
                0x100036ac                __sfp_lock_release
 .text._fwalk_sglue
                0x100036b8       0x44 C:/Program Files (x86)/Arm GNU Toolchain arm-none-eabi/13.2 Rel1/bin/../lib/gcc/arm-none-eabi/13.2.1/thumb/v8-m.main+fp/hard\libc.a(libc_a-fwalk.o)
                0x100036b8                _fwalk_sglue
 .text.__sread  0x100036fc       0x24 C:/Program Files (x86)/Arm GNU Toolchain arm-none-eabi/13.2 Rel1/bin/../lib/gcc/arm-none-eabi/13.2.1/thumb/v8-m.main+fp/hard\libc.a(libc_a-stdio.o)
                0x100036fc                __sread
 .text.__swrite
                0x10003720       0x40 C:/Program Files (x86)/Arm GNU Toolchain arm-none-eabi/13.2 Rel1/bin/../lib/gcc/arm-none-eabi/13.2.1/thumb/v8-m.main+fp/hard\libc.a(libc_a-stdio.o)
                0x10003720                __swrite
 .text.__sseek  0x10003760       0x28 C:/Program Files (x86)/Arm GNU Toolchain arm-none-eabi/13.2 Rel1/bin/../lib/gcc/arm-none-eabi/13.2.1/thumb/v8-m.main+fp/hard\libc.a(libc_a-stdio.o)
                0x10003760                __sseek
 .text.__sclose
                0x10003788        0x8 C:/Program Files (x86)/Arm GNU Toolchain arm-none-eabi/13.2 Rel1/bin/../lib/gcc/arm-none-eabi/13.2.1/thumb/v8-m.main+fp/hard\libc.a(libc_a-stdio.o)
                0x10003788                __sclose
 .text.memset   0x10003790       0xa4 C:/Program Files (x86)/Arm GNU Toolchain arm-none-eabi/13.2 Rel1/bin/../lib/gcc/arm-none-eabi/13.2.1/thumb/v8-m.main+fp/hard\libc.a(libc_a-memset.o)
                0x10003790                memset
 .text._close_r
                0x10003834       0x24 C:/Program Files (x86)/Arm GNU Toolchain arm-none-eabi/13.2 Rel1/bin/../lib/gcc/arm-none-eabi/13.2.1/thumb/v8-m.main+fp/hard\libc.a(libc_a-closer.o)
                0x10003834                _close_r
 .text._lseek_r
                0x10003858       0x2c C:/Program Files (x86)/Arm GNU Toolchain arm-none-eabi/13.2 Rel1/bin/../lib/gcc/arm-none-eabi/13.2.1/thumb/v8-m.main+fp/hard\libc.a(libc_a-lseekr.o)
                0x10003858                _lseek_r
 .text._read_r  0x10003884       0x2c C:/Program Files (x86)/Arm GNU Toolchain arm-none-eabi/13.2 Rel1/bin/../lib/gcc/arm-none-eabi/13.2.1/thumb/v8-m.main+fp/hard\libc.a(libc_a-readr.o)
                0x10003884                _read_r
 .text._write_r
                0x100038b0       0x2c C:/Program Files (x86)/Arm GNU Toolchain arm-none-eabi/13.2 Rel1/bin/../lib/gcc/arm-none-eabi/13.2.1/thumb/v8-m.main+fp/hard\libc.a(libc_a-writer.o)
                0x100038b0                _write_r
 .text.__libc_init_array
                0x100038dc       0x50 C:/Program Files (x86)/Arm GNU Toolchain arm-none-eabi/13.2 Rel1/bin/../lib/gcc/arm-none-eabi/13.2.1/thumb/v8-m.main+fp/hard\libc.a(libc_a-init.o)
                0x100038dc                __libc_init_array
 .text.__retarget_lock_init_recursive
                0x1000392c        0x4 C:/Program Files (x86)/Arm GNU Toolchain arm-none-eabi/13.2 Rel1/bin/../lib/gcc/arm-none-eabi/13.2.1/thumb/v8-m.main+fp/hard\libc.a(libc_a-lock.o)
                0x1000392c                __retarget_lock_init_recursive
 .text.__retarget_lock_close_recursive
                0x10003930        0x4 C:/Program Files (x86)/Arm GNU Toolchain arm-none-eabi/13.2 Rel1/bin/../lib/gcc/arm-none-eabi/13.2.1/thumb/v8-m.main+fp/hard\libc.a(libc_a-lock.o)
                0x10003930                __retarget_lock_close_recursive
 .text.__retarget_lock_acquire_recursive
                0x10003934        0x4 C:/Program Files (x86)/Arm GNU Toolchain arm-none-eabi/13.2 Rel1/bin/../lib/gcc/arm-none-eabi/13.2.1/thumb/v8-m.main+fp/hard\libc.a(libc_a-lock.o)
                0x10003934                __retarget_lock_acquire_recursive
 .text.__retarget_lock_release_recursive
                0x10003938        0x4 C:/Program Files (x86)/Arm GNU Toolchain arm-none-eabi/13.2 Rel1/bin/../lib/gcc/arm-none-eabi/13.2.1/thumb/v8-m.main+fp/hard\libc.a(libc_a-lock.o)
                0x10003938                __retarget_lock_release_recursive
 .text.startup.register_fini
                0x1000393c       0x14 C:/Program Files (x86)/Arm GNU Toolchain arm-none-eabi/13.2 Rel1/bin/../lib/gcc/arm-none-eabi/13.2.1/thumb/v8-m.main+fp/hard\libc.a(libc_a-__call_atexit.o)
 .text.__call_exitprocs
                0x10003950       0xbc C:/Program Files (x86)/Arm GNU Toolchain arm-none-eabi/13.2 Rel1/bin/../lib/gcc/arm-none-eabi/13.2.1/thumb/v8-m.main+fp/hard\libc.a(libc_a-__call_atexit.o)
                0x10003950                __call_exitprocs
 .text.atexit   0x10003a0c        0xc C:/Program Files (x86)/Arm GNU Toolchain arm-none-eabi/13.2 Rel1/bin/../lib/gcc/arm-none-eabi/13.2.1/thumb/v8-m.main+fp/hard\libc.a(libc_a-atexit.o)
                0x10003a0c                atexit
 .text._malloc_trim_r
                0x10003a18       0xb8 C:/Program Files (x86)/Arm GNU Toolchain arm-none-eabi/13.2 Rel1/bin/../lib/gcc/arm-none-eabi/13.2.1/thumb/v8-m.main+fp/hard\libc.a(libc_a-freer.o)
                0x10003a18                _malloc_trim_r
 .text._free_r  0x10003ad0      0x1f8 C:/Program Files (x86)/Arm GNU Toolchain arm-none-eabi/13.2 Rel1/bin/../lib/gcc/arm-none-eabi/13.2.1/thumb/v8-m.main+fp/hard\libc.a(libc_a-freer.o)
                0x10003ad0                _free_r
 .text._malloc_r
                0x10003cc8      0x554 C:/Program Files (x86)/Arm GNU Toolchain arm-none-eabi/13.2 Rel1/bin/../lib/gcc/arm-none-eabi/13.2.1/thumb/v8-m.main+fp/hard\libc.a(libc_a-mallocr.o)
                0x10003cc8                _malloc_r
 .text.__malloc_lock
                0x1000421c        0xc C:/Program Files (x86)/Arm GNU Toolchain arm-none-eabi/13.2 Rel1/bin/../lib/gcc/arm-none-eabi/13.2.1/thumb/v8-m.main+fp/hard\libc.a(libc_a-mlock.o)
                0x1000421c                __malloc_lock
 .text.__malloc_unlock
                0x10004228        0xc C:/Program Files (x86)/Arm GNU Toolchain arm-none-eabi/13.2 Rel1/bin/../lib/gcc/arm-none-eabi/13.2.1/thumb/v8-m.main+fp/hard\libc.a(libc_a-mlock.o)
                0x10004228                __malloc_unlock
 .text._fclose_r
                0x10004234       0xc0 C:/Program Files (x86)/Arm GNU Toolchain arm-none-eabi/13.2 Rel1/bin/../lib/gcc/arm-none-eabi/13.2.1/thumb/v8-m.main+fp/hard\libc.a(libc_a-fclose.o)
                0x10004234                _fclose_r
 .text.__sflush_r
                0x100042f4      0x138 C:/Program Files (x86)/Arm GNU Toolchain arm-none-eabi/13.2 Rel1/bin/../lib/gcc/arm-none-eabi/13.2.1/thumb/v8-m.main+fp/hard\libc.a(libc_a-fflush.o)
                0x100042f4                __sflush_r
 .text._fflush_r
                0x1000442c       0x54 C:/Program Files (x86)/Arm GNU Toolchain arm-none-eabi/13.2 Rel1/bin/../lib/gcc/arm-none-eabi/13.2.1/thumb/v8-m.main+fp/hard\libc.a(libc_a-fflush.o)
                0x1000442c                _fflush_r
 .text._sbrk_r  0x10004480       0x24 C:/Program Files (x86)/Arm GNU Toolchain arm-none-eabi/13.2 Rel1/bin/../lib/gcc/arm-none-eabi/13.2.1/thumb/v8-m.main+fp/hard\libc.a(libc_a-sbrkr.o)
                0x10004480                _sbrk_r
 .text.__libc_fini_array
                0x100044a4       0x28 C:/Program Files (x86)/Arm GNU Toolchain arm-none-eabi/13.2 Rel1/bin/../lib/gcc/arm-none-eabi/13.2.1/thumb/v8-m.main+fp/hard\libc.a(libc_a-fini.o)
                0x100044a4                __libc_fini_array
 .text.sysconf  0x100044cc       0x1c C:/Program Files (x86)/Arm GNU Toolchain arm-none-eabi/13.2 Rel1/bin/../lib/gcc/arm-none-eabi/13.2.1/thumb/v8-m.main+fp/hard\libc.a(libc_a-sysconf.o)
                0x100044cc                sysconf
 .text.__register_exitproc
                0x100044e8       0x84 C:/Program Files (x86)/Arm GNU Toolchain arm-none-eabi/13.2 Rel1/bin/../lib/gcc/arm-none-eabi/13.2.1/thumb/v8-m.main+fp/hard\libc.a(libc_a-__atexit.o)
                0x100044e8                __register_exitproc
 .text.__errno  0x1000456c        0xc C:/Program Files (x86)/Arm GNU Toolchain arm-none-eabi/13.2 Rel1/bin/../lib/gcc/arm-none-eabi/13.2.1/thumb/v8-m.main+fp/hard\libc.a(libc_a-errno.o)
                0x1000456c                __errno
 .text.printf   0x10004578       0x28 C:/Program Files (x86)/Arm GNU Toolchain arm-none-eabi/13.2 Rel1/bin/../lib/gcc/arm-none-eabi/13.2.1/thumb/v8-m.main+fp/hard\libc.a(libc_a-printf.o)
                0x10004578                printf
 .text.putchar  0x100045a0       0x10 C:/Program Files (x86)/Arm GNU Toolchain arm-none-eabi/13.2 Rel1/bin/../lib/gcc/arm-none-eabi/13.2.1/thumb/v8-m.main+fp/hard\libc.a(libc_a-putchar.o)
                0x100045a0                putchar
 .text._puts_r  0x100045b0       0x98 C:/Program Files (x86)/Arm GNU Toolchain arm-none-eabi/13.2 Rel1/bin/../lib/gcc/arm-none-eabi/13.2.1/thumb/v8-m.main+fp/hard\libc.a(libc_a-puts.o)
                0x100045b0                _puts_r
 .text.puts     0x10004648       0x10 C:/Program Files (x86)/Arm GNU Toolchain arm-none-eabi/13.2 Rel1/bin/../lib/gcc/arm-none-eabi/13.2.1/thumb/v8-m.main+fp/hard\libc.a(libc_a-puts.o)
                0x10004648                puts
 .text          0x10004658       0xec C:/Program Files (x86)/Arm GNU Toolchain arm-none-eabi/13.2 Rel1/bin/../lib/gcc/arm-none-eabi/13.2.1/thumb/v8-m.main+fp/hard\libc.a(libc_a-memcpy.o)
                0x10004658                memcpy
 .text.strlen   0x10004744       0x5c C:/Program Files (x86)/Arm GNU Toolchain arm-none-eabi/13.2 Rel1/bin/../lib/gcc/arm-none-eabi/13.2.1/thumb/v8-m.main+fp/hard\libc.a(libc_a-strlen-stub.o)
                0x10004744                strlen
 .text._vfprintf_r
                0x100047a0     0x1c50 C:/Program Files (x86)/Arm GNU Toolchain arm-none-eabi/13.2 Rel1/bin/../lib/gcc/arm-none-eabi/13.2.1/thumb/v8-m.main+fp/hard\libc.a(libc_a-vfprintf.o)
                0x100047a0                _vfprintf_r
 .text.__sbprintf
                0x100063f0       0x80 C:/Program Files (x86)/Arm GNU Toolchain arm-none-eabi/13.2 Rel1/bin/../lib/gcc/arm-none-eabi/13.2.1/thumb/v8-m.main+fp/hard\libc.a(libc_a-vfprintf.o)
 .text.__sprint_r.part.0
                0x10006470       0x78 C:/Program Files (x86)/Arm GNU Toolchain arm-none-eabi/13.2 Rel1/bin/../lib/gcc/arm-none-eabi/13.2.1/thumb/v8-m.main+fp/hard\libc.a(libc_a-vfiprintf.o)
 .text.__sprint_r
                0x100064e8       0x18 C:/Program Files (x86)/Arm GNU Toolchain arm-none-eabi/13.2 Rel1/bin/../lib/gcc/arm-none-eabi/13.2.1/thumb/v8-m.main+fp/hard\libc.a(libc_a-vfiprintf.o)
                0x100064e8                __sprint_r
 .text._vfiprintf_r
                0x10006500      0xfc0 C:/Program Files (x86)/Arm GNU Toolchain arm-none-eabi/13.2 Rel1/bin/../lib/gcc/arm-none-eabi/13.2.1/thumb/v8-m.main+fp/hard\libc.a(libc_a-vfiprintf.o)
                0x10006500                _vfiprintf_r
 .text.__sbprintf
                0x100074c0       0x80 C:/Program Files (x86)/Arm GNU Toolchain arm-none-eabi/13.2 Rel1/bin/../lib/gcc/arm-none-eabi/13.2.1/thumb/v8-m.main+fp/hard\libc.a(libc_a-vfiprintf.o)
 .text.__sfvwrite_r
                0x10007540      0x300 C:/Program Files (x86)/Arm GNU Toolchain arm-none-eabi/13.2 Rel1/bin/../lib/gcc/arm-none-eabi/13.2.1/thumb/v8-m.main+fp/hard\libc.a(libc_a-fvwrite.o)
                0x10007540                __sfvwrite_r
 .text._putc_r  0x10007840       0x78 C:/Program Files (x86)/Arm GNU Toolchain arm-none-eabi/13.2 Rel1/bin/../lib/gcc/arm-none-eabi/13.2.1/thumb/v8-m.main+fp/hard\libc.a(libc_a-putc.o)
                0x10007840                _putc_r
 .text.__swbuf_r
                0x100078b8       0xac C:/Program Files (x86)/Arm GNU Toolchain arm-none-eabi/13.2 Rel1/bin/../lib/gcc/arm-none-eabi/13.2.1/thumb/v8-m.main+fp/hard\libc.a(libc_a-wbuf.o)
                0x100078b8                __swbuf_r
 .text.__swsetup_r
                0x10007964       0xc4 C:/Program Files (x86)/Arm GNU Toolchain arm-none-eabi/13.2 Rel1/bin/../lib/gcc/arm-none-eabi/13.2.1/thumb/v8-m.main+fp/hard\libc.a(libc_a-wsetup.o)
                0x10007964                __swsetup_r
 .text.__fputwc
                0x10007a28       0x78 C:/Program Files (x86)/Arm GNU Toolchain arm-none-eabi/13.2 Rel1/bin/../lib/gcc/arm-none-eabi/13.2.1/thumb/v8-m.main+fp/hard\libc.a(libc_a-fputwc.o)
                0x10007a28                __fputwc
 .text._fputwc_r
                0x10007aa0       0x60 C:/Program Files (x86)/Arm GNU Toolchain arm-none-eabi/13.2 Rel1/bin/../lib/gcc/arm-none-eabi/13.2.1/thumb/v8-m.main+fp/hard\libc.a(libc_a-fputwc.o)
                0x10007aa0                _fputwc_r
 .text.memmove  0x10007b00      0x100 C:/Program Files (x86)/Arm GNU Toolchain arm-none-eabi/13.2 Rel1/bin/../lib/gcc/arm-none-eabi/13.2.1/thumb/v8-m.main+fp/hard\libc.a(libc_a-memmove.o)
                0x10007b00                memmove
 .text.strncpy  0x10007c00       0x64 C:/Program Files (x86)/Arm GNU Toolchain arm-none-eabi/13.2 Rel1/bin/../lib/gcc/arm-none-eabi/13.2.1/thumb/v8-m.main+fp/hard\libc.a(libc_a-strncpy.o)
                0x10007c00                strncpy
 .text.__locale_mb_cur_max
                0x10007c64        0xc C:/Program Files (x86)/Arm GNU Toolchain arm-none-eabi/13.2 Rel1/bin/../lib/gcc/arm-none-eabi/13.2.1/thumb/v8-m.main+fp/hard\libc.a(libc_a-locale.o)
                0x10007c64                __locale_mb_cur_max
 .text._localeconv_r
                0x10007c70        0x8 C:/Program Files (x86)/Arm GNU Toolchain arm-none-eabi/13.2 Rel1/bin/../lib/gcc/arm-none-eabi/13.2.1/thumb/v8-m.main+fp/hard\libc.a(libc_a-localeconv.o)
                0x10007c70                _localeconv_r
 .text.memchr   0x10007c78       0x98 C:/Program Files (x86)/Arm GNU Toolchain arm-none-eabi/13.2 Rel1/bin/../lib/gcc/arm-none-eabi/13.2.1/thumb/v8-m.main+fp/hard\libc.a(libc_a-memchr-stub.o)
                0x10007c78                memchr
 .text.frexp    0x10007d10       0x64 C:/Program Files (x86)/Arm GNU Toolchain arm-none-eabi/13.2 Rel1/bin/../lib/gcc/arm-none-eabi/13.2.1/thumb/v8-m.main+fp/hard\libc.a(libm_a-s_frexp.o)
                0x10007d10                frexp
 .text.quorem   0x10007d74      0x138 C:/Program Files (x86)/Arm GNU Toolchain arm-none-eabi/13.2 Rel1/bin/../lib/gcc/arm-none-eabi/13.2.1/thumb/v8-m.main+fp/hard\libc.a(libc_a-dtoa.o)
 *fill*         0x10007eac        0x4 
 .text._dtoa_r  0x10007eb0      0xedc C:/Program Files (x86)/Arm GNU Toolchain arm-none-eabi/13.2 Rel1/bin/../lib/gcc/arm-none-eabi/13.2.1/thumb/v8-m.main+fp/hard\libc.a(libc_a-dtoa.o)
                0x10007eb0                _dtoa_r
 .text.__ascii_mbtowc
                0x10008d8c       0x2c C:/Program Files (x86)/Arm GNU Toolchain arm-none-eabi/13.2 Rel1/bin/../lib/gcc/arm-none-eabi/13.2.1/thumb/v8-m.main+fp/hard\libc.a(libc_a-mbtowc_r.o)
                0x10008d8c                __ascii_mbtowc
 .text._Balloc  0x10008db8       0x4c C:/Program Files (x86)/Arm GNU Toolchain arm-none-eabi/13.2 Rel1/bin/../lib/gcc/arm-none-eabi/13.2.1/thumb/v8-m.main+fp/hard\libc.a(libc_a-mprec.o)
                0x10008db8                _Balloc
 .text._Bfree   0x10008e04       0x14 C:/Program Files (x86)/Arm GNU Toolchain arm-none-eabi/13.2 Rel1/bin/../lib/gcc/arm-none-eabi/13.2.1/thumb/v8-m.main+fp/hard\libc.a(libc_a-mprec.o)
                0x10008e04                _Bfree
 .text.__multadd
                0x10008e18       0xa4 C:/Program Files (x86)/Arm GNU Toolchain arm-none-eabi/13.2 Rel1/bin/../lib/gcc/arm-none-eabi/13.2.1/thumb/v8-m.main+fp/hard\libc.a(libc_a-mprec.o)
                0x10008e18                __multadd
 .text.__hi0bits
                0x10008ebc       0x48 C:/Program Files (x86)/Arm GNU Toolchain arm-none-eabi/13.2 Rel1/bin/../lib/gcc/arm-none-eabi/13.2.1/thumb/v8-m.main+fp/hard\libc.a(libc_a-mprec.o)
                0x10008ebc                __hi0bits
 .text.__lo0bits
                0x10008f04       0x60 C:/Program Files (x86)/Arm GNU Toolchain arm-none-eabi/13.2 Rel1/bin/../lib/gcc/arm-none-eabi/13.2.1/thumb/v8-m.main+fp/hard\libc.a(libc_a-mprec.o)
                0x10008f04                __lo0bits
 .text.__i2b    0x10008f64       0x5c C:/Program Files (x86)/Arm GNU Toolchain arm-none-eabi/13.2 Rel1/bin/../lib/gcc/arm-none-eabi/13.2.1/thumb/v8-m.main+fp/hard\libc.a(libc_a-mprec.o)
                0x10008f64                __i2b
 .text.__multiply
                0x10008fc0      0x164 C:/Program Files (x86)/Arm GNU Toolchain arm-none-eabi/13.2 Rel1/bin/../lib/gcc/arm-none-eabi/13.2.1/thumb/v8-m.main+fp/hard\libc.a(libc_a-mprec.o)
                0x10008fc0                __multiply
 .text.__pow5mult
                0x10009124       0xb4 C:/Program Files (x86)/Arm GNU Toolchain arm-none-eabi/13.2 Rel1/bin/../lib/gcc/arm-none-eabi/13.2.1/thumb/v8-m.main+fp/hard\libc.a(libc_a-mprec.o)
                0x10009124                __pow5mult
 .text.__lshift
                0x100091d8       0xe8 C:/Program Files (x86)/Arm GNU Toolchain arm-none-eabi/13.2 Rel1/bin/../lib/gcc/arm-none-eabi/13.2.1/thumb/v8-m.main+fp/hard\libc.a(libc_a-mprec.o)
                0x100091d8                __lshift
 .text.__mcmp   0x100092c0       0x44 C:/Program Files (x86)/Arm GNU Toolchain arm-none-eabi/13.2 Rel1/bin/../lib/gcc/arm-none-eabi/13.2.1/thumb/v8-m.main+fp/hard\libc.a(libc_a-mprec.o)
                0x100092c0                __mcmp
 .text.__mdiff  0x10009304      0x180 C:/Program Files (x86)/Arm GNU Toolchain arm-none-eabi/13.2 Rel1/bin/../lib/gcc/arm-none-eabi/13.2.1/thumb/v8-m.main+fp/hard\libc.a(libc_a-mprec.o)
                0x10009304                __mdiff
 .text.__d2b    0x10009484       0xc0 C:/Program Files (x86)/Arm GNU Toolchain arm-none-eabi/13.2 Rel1/bin/../lib/gcc/arm-none-eabi/13.2.1/thumb/v8-m.main+fp/hard\libc.a(libc_a-mprec.o)
                0x10009484                __d2b
 .text._realloc_r
                0x10009544      0x370 C:/Program Files (x86)/Arm GNU Toolchain arm-none-eabi/13.2 Rel1/bin/../lib/gcc/arm-none-eabi/13.2.1/thumb/v8-m.main+fp/hard\libc.a(libc_a-reallocr.o)
                0x10009544                _realloc_r
 .text.__ascii_wctomb
                0x100098b4       0x1c C:/Program Files (x86)/Arm GNU Toolchain arm-none-eabi/13.2 Rel1/bin/../lib/gcc/arm-none-eabi/13.2.1/thumb/v8-m.main+fp/hard\libc.a(libc_a-wctomb_r.o)
                0x100098b4                __ascii_wctomb
 .text._wcrtomb_r
                0x100098d0       0x4c C:/Program Files (x86)/Arm GNU Toolchain arm-none-eabi/13.2 Rel1/bin/../lib/gcc/arm-none-eabi/13.2.1/thumb/v8-m.main+fp/hard\libc.a(libc_a-wcrtomb.o)
                0x100098d0                _wcrtomb_r
 .text._wcsrtombs_r
                0x1000991c       0x18 C:/Program Files (x86)/Arm GNU Toolchain arm-none-eabi/13.2 Rel1/bin/../lib/gcc/arm-none-eabi/13.2.1/thumb/v8-m.main+fp/hard\libc.a(libc_a-wcsrtombs.o)
                0x1000991c                _wcsrtombs_r
 .text.__smakebuf_r
                0x10009934       0xdc C:/Program Files (x86)/Arm GNU Toolchain arm-none-eabi/13.2 Rel1/bin/../lib/gcc/arm-none-eabi/13.2.1/thumb/v8-m.main+fp/hard\libc.a(libc_a-makebuf.o)
                0x10009934                __smakebuf_r
 .text._fstat_r
                0x10009a10       0x2c C:/Program Files (x86)/Arm GNU Toolchain arm-none-eabi/13.2 Rel1/bin/../lib/gcc/arm-none-eabi/13.2.1/thumb/v8-m.main+fp/hard\libc.a(libc_a-fstatr.o)
                0x10009a10                _fstat_r
 .text._isatty_r
                0x10009a3c       0x24 C:/Program Files (x86)/Arm GNU Toolchain arm-none-eabi/13.2 Rel1/bin/../lib/gcc/arm-none-eabi/13.2.1/thumb/v8-m.main+fp/hard\libc.a(libc_a-isattyr.o)
                0x10009a3c                _isatty_r
 .text.__assert_func
                0x10009a60       0x3c C:/Program Files (x86)/Arm GNU Toolchain arm-none-eabi/13.2 Rel1/bin/../lib/gcc/arm-none-eabi/13.2.1/thumb/v8-m.main+fp/hard\libc.a(libc_a-assert.o)
                0x10009a60                __assert_func
 .text._calloc_r
                0x10009a9c       0x70 C:/Program Files (x86)/Arm GNU Toolchain arm-none-eabi/13.2 Rel1/bin/../lib/gcc/arm-none-eabi/13.2.1/thumb/v8-m.main+fp/hard\libc.a(libc_a-callocr.o)
                0x10009a9c                _calloc_r
 .text._wcsnrtombs_l
                0x10009b0c       0xfc C:/Program Files (x86)/Arm GNU Toolchain arm-none-eabi/13.2 Rel1/bin/../lib/gcc/arm-none-eabi/13.2.1/thumb/v8-m.main+fp/hard\libc.a(libc_a-wcsnrtombs.o)
                0x10009b0c                _wcsnrtombs_l
 .text._wcsnrtombs_r
                0x10009c08       0x24 C:/Program Files (x86)/Arm GNU Toolchain arm-none-eabi/13.2 Rel1/bin/../lib/gcc/arm-none-eabi/13.2.1/thumb/v8-m.main+fp/hard\libc.a(libc_a-wcsnrtombs.o)
                0x10009c08                _wcsnrtombs_r
 .text.fiprintf
                0x10009c2c       0x28 C:/Program Files (x86)/Arm GNU Toolchain arm-none-eabi/13.2 Rel1/bin/../lib/gcc/arm-none-eabi/13.2.1/thumb/v8-m.main+fp/hard\libc.a(libc_a-fiprintf.o)
                0x10009c2c                fiprintf
 .text.abort    0x10009c54       0x10 C:/Program Files (x86)/Arm GNU Toolchain arm-none-eabi/13.2 Rel1/bin/../lib/gcc/arm-none-eabi/13.2.1/thumb/v8-m.main+fp/hard\libc.a(libc_a-abort.o)
                0x10009c54                abort
 .text.raise    0x10009c64       0x58 C:/Program Files (x86)/Arm GNU Toolchain arm-none-eabi/13.2 Rel1/bin/../lib/gcc/arm-none-eabi/13.2.1/thumb/v8-m.main+fp/hard\libc.a(libc_a-signal.o)
                0x10009c64                raise
 .text._kill_r  0x10009cbc       0x2c C:/Program Files (x86)/Arm GNU Toolchain arm-none-eabi/13.2 Rel1/bin/../lib/gcc/arm-none-eabi/13.2.1/thumb/v8-m.main+fp/hard\libc.a(libc_a-signalr.o)
                0x10009cbc                _kill_r
 .text._getpid_r
                0x10009ce8        0x4 C:/Program Files (x86)/Arm GNU Toolchain arm-none-eabi/13.2 Rel1/bin/../lib/gcc/arm-none-eabi/13.2.1/thumb/v8-m.main+fp/hard\libc.a(libc_a-signalr.o)
                0x10009ce8                _getpid_r
 .text._close   0x10009cec       0x10 C:/Program Files (x86)/Arm GNU Toolchain arm-none-eabi/13.2 Rel1/bin/../lib/gcc/arm-none-eabi/13.2.1/thumb/v8-m.main+fp/hard\libnosys.a(close.o)
                0x10009cec                _close
 .text._lseek   0x10009cfc       0x10 C:/Program Files (x86)/Arm GNU Toolchain arm-none-eabi/13.2 Rel1/bin/../lib/gcc/arm-none-eabi/13.2.1/thumb/v8-m.main+fp/hard\libnosys.a(lseek.o)
                0x10009cfc                _lseek
 .text._read    0x10009d0c       0x10 C:/Program Files (x86)/Arm GNU Toolchain arm-none-eabi/13.2 Rel1/bin/../lib/gcc/arm-none-eabi/13.2.1/thumb/v8-m.main+fp/hard\libnosys.a(read.o)
                0x10009d0c                _read
 .text._sbrk    0x10009d1c       0x20 C:/Program Files (x86)/Arm GNU Toolchain arm-none-eabi/13.2 Rel1/bin/../lib/gcc/arm-none-eabi/13.2.1/thumb/v8-m.main+fp/hard\libnosys.a(sbrk.o)
                0x10009d1c                _sbrk
 .text._exit    0x10009d3c        0x4 C:/Program Files (x86)/Arm GNU Toolchain arm-none-eabi/13.2 Rel1/bin/../lib/gcc/arm-none-eabi/13.2.1/thumb/v8-m.main+fp/hard\libnosys.a(_exit.o)
                0x10009d3c                _exit
 .text._fstat   0x10009d40       0x10 C:/Program Files (x86)/Arm GNU Toolchain arm-none-eabi/13.2 Rel1/bin/../lib/gcc/arm-none-eabi/13.2.1/thumb/v8-m.main+fp/hard\libnosys.a(fstat.o)
                0x10009d40                _fstat
 .text._getpid  0x10009d50       0x10 C:/Program Files (x86)/Arm GNU Toolchain arm-none-eabi/13.2 Rel1/bin/../lib/gcc/arm-none-eabi/13.2.1/thumb/v8-m.main+fp/hard\libnosys.a(getpid.o)
                0x10009d50                _getpid
 .text._isatty  0x10009d60       0x10 C:/Program Files (x86)/Arm GNU Toolchain arm-none-eabi/13.2 Rel1/bin/../lib/gcc/arm-none-eabi/13.2.1/thumb/v8-m.main+fp/hard\libnosys.a(isatty.o)
                0x10009d60                _isatty
 .text._kill    0x10009d70       0x10 C:/Program Files (x86)/Arm GNU Toolchain arm-none-eabi/13.2 Rel1/bin/../lib/gcc/arm-none-eabi/13.2.1/thumb/v8-m.main+fp/hard\libnosys.a(kill.o)
                0x10009d70                _kill
 .text          0x10009d80      0x378 C:/Program Files (x86)/Arm GNU Toolchain arm-none-eabi/13.2 Rel1/bin/../lib/gcc/arm-none-eabi/13.2.1/thumb/v8-m.main+fp/hard\libgcc.a(_arm_addsubdf3.o)
                0x10009d80                __aeabi_drsub
                0x10009d88                __aeabi_dsub
                0x10009d88                __subdf3
                0x10009d8c                __aeabi_dadd
                0x10009d8c                __adddf3
                0x1000a004                __floatunsidf
                0x1000a004                __aeabi_ui2d
                0x1000a024                __floatsidf
                0x1000a024                __aeabi_i2d
                0x1000a048                __aeabi_f2d
                0x1000a048                __extendsfdf2
                0x1000a08c                __floatundidf
                0x1000a08c                __aeabi_ul2d
                0x1000a09c                __floatdidf
                0x1000a09c                __aeabi_l2d
 .text          0x1000a0f8      0x424 C:/Program Files (x86)/Arm GNU Toolchain arm-none-eabi/13.2 Rel1/bin/../lib/gcc/arm-none-eabi/13.2.1/thumb/v8-m.main+fp/hard\libgcc.a(_arm_muldivdf3.o)
                0x1000a0f8                __aeabi_dmul
                0x1000a0f8                __muldf3
                0x1000a34c                __divdf3
                0x1000a34c                __aeabi_ddiv
 .text          0x1000a51c      0x110 C:/Program Files (x86)/Arm GNU Toolchain arm-none-eabi/13.2 Rel1/bin/../lib/gcc/arm-none-eabi/13.2.1/thumb/v8-m.main+fp/hard\libgcc.a(_arm_cmpdf2.o)
                0x1000a51c                __gtdf2
                0x1000a51c                __gedf2
                0x1000a524                __ltdf2
                0x1000a524                __ledf2
                0x1000a52c                __nedf2
                0x1000a52c                __eqdf2
                0x1000a52c                __cmpdf2
                0x1000a5a8                __aeabi_cdrcmple
                0x1000a5b8                __aeabi_cdcmpeq
                0x1000a5b8                __aeabi_cdcmple
                0x1000a5c8                __aeabi_dcmpeq
                0x1000a5dc                __aeabi_dcmplt
                0x1000a5f0                __aeabi_dcmple
                0x1000a604                __aeabi_dcmpge
                0x1000a618                __aeabi_dcmpgt
 .text          0x1000a62c       0x2c C:/Program Files (x86)/Arm GNU Toolchain arm-none-eabi/13.2 Rel1/bin/../lib/gcc/arm-none-eabi/13.2.1/thumb/v8-m.main+fp/hard\libgcc.a(_arm_unorddf2.o)
                0x1000a62c                __unorddf2
                0x1000a62c                __aeabi_dcmpun
 .text          0x1000a658       0x50 C:/Program Files (x86)/Arm GNU Toolchain arm-none-eabi/13.2 Rel1/bin/../lib/gcc/arm-none-eabi/13.2.1/thumb/v8-m.main+fp/hard\libgcc.a(_arm_fixdfsi.o)
                0x1000a658                __aeabi_d2iz
                0x1000a658                __fixdfsi
 .text          0x1000a6a8       0x40 C:/Program Files (x86)/Arm GNU Toolchain arm-none-eabi/13.2 Rel1/bin/../lib/gcc/arm-none-eabi/13.2.1/thumb/v8-m.main+fp/hard\libgcc.a(_arm_fixunsdfsi.o)
                0x1000a6a8                __aeabi_d2uiz
                0x1000a6a8                __fixunsdfsi
 *(.init)
 .init          0x1000a6e8        0x4 C:/Program Files (x86)/Arm GNU Toolchain arm-none-eabi/13.2 Rel1/bin/../lib/gcc/arm-none-eabi/13.2.1/thumb/v8-m.main+fp/hard/crti.o
                0x1000a6e8                _init
 .init          0x1000a6ec        0x8 C:/Program Files (x86)/Arm GNU Toolchain arm-none-eabi/13.2 Rel1/bin/../lib/gcc/arm-none-eabi/13.2.1/thumb/v8-m.main+fp/hard/crtn.o
 *(.fini)
 .fini          0x1000a6f4        0x4 C:/Program Files (x86)/Arm GNU Toolchain arm-none-eabi/13.2 Rel1/bin/../lib/gcc/arm-none-eabi/13.2.1/thumb/v8-m.main+fp/hard/crti.o
                0x1000a6f4                _fini
 .fini          0x1000a6f8        0x8 C:/Program Files (x86)/Arm GNU Toolchain arm-none-eabi/13.2 Rel1/bin/../lib/gcc/arm-none-eabi/13.2.1/thumb/v8-m.main+fp/hard/crtn.o
 *crtbegin.o(.ctors)
 *crtbegin?.o(.ctors)
 *(EXCLUDE_FILE(*crtend.o *crtend?.o) .ctors)
 *(SORT_BY_NAME(.ctors.*))
 *(.ctors)
 *crtbegin.o(.dtors)
 *crtbegin?.o(.dtors)
 *(EXCLUDE_FILE(*crtend.o *crtend?.o) .dtors)
 *(SORT_BY_NAME(.dtors.*))
 *(.dtors)
 *(.rodata*)
 .rodata.main.str1.4
                0x1000a700      0x6cf C:\Users\gabwan01\AppData\Local\Temp\ccFzBKo7.ltrans0.ltrans.o
                                0x47c (size before relaxing)
 .rodata.str1.4
                0x1000adcf       0xad C:\Users\gabwan01\AppData\Local\Temp\ccFzBKo7.ltrans0.ltrans.o
 *fill*         0x1000adcf        0x1 
 .rodata.errpat
                0x1000add0       0x10 C:\Users\gabwan01\AppData\Local\Temp\ccFzBKo7.ltrans0.ltrans.o
 .rodata.scipat
                0x1000ade0       0x10 C:\Users\gabwan01\AppData\Local\Temp\ccFzBKo7.ltrans0.ltrans.o
 .rodata.floatpat
                0x1000adf0       0x10 C:\Users\gabwan01\AppData\Local\Temp\ccFzBKo7.ltrans0.ltrans.o
 .rodata.intpat
                0x1000ae00       0x10 C:\Users\gabwan01\AppData\Local\Temp\ccFzBKo7.ltrans0.ltrans.o
 .rodata.EventRecorderInfo
                0x1000ae10       0x18 C:\Users\gabwan01\AppData\Local\Temp\ccFzBKo7.ltrans0.ltrans.o
                0x1000ae10                EventRecorderInfo
 .rodata._puts_r.str1.4
                0x1000ae28        0x2 C:/Program Files (x86)/Arm GNU Toolchain arm-none-eabi/13.2 Rel1/bin/../lib/gcc/arm-none-eabi/13.2.1/thumb/v8-m.main+fp/hard\libc.a(libc_a-puts.o)
 .rodata._vfprintf_r.str1.4
                0x1000ae28       0x42 C:/Program Files (x86)/Arm GNU Toolchain arm-none-eabi/13.2 Rel1/bin/../lib/gcc/arm-none-eabi/13.2.1/thumb/v8-m.main+fp/hard\libc.a(libc_a-vfprintf.o)
 .rodata.zeroes.0
                0x1000ae28       0x10 C:/Program Files (x86)/Arm GNU Toolchain arm-none-eabi/13.2 Rel1/bin/../lib/gcc/arm-none-eabi/13.2.1/thumb/v8-m.main+fp/hard\libc.a(libc_a-vfprintf.o)
 .rodata.blanks.1
                0x1000ae38       0x10 C:/Program Files (x86)/Arm GNU Toolchain arm-none-eabi/13.2 Rel1/bin/../lib/gcc/arm-none-eabi/13.2.1/thumb/v8-m.main+fp/hard\libc.a(libc_a-vfprintf.o)
 .rodata._vfiprintf_r.str1.4
                0x1000ae48       0x2f C:/Program Files (x86)/Arm GNU Toolchain arm-none-eabi/13.2 Rel1/bin/../lib/gcc/arm-none-eabi/13.2.1/thumb/v8-m.main+fp/hard\libc.a(libc_a-vfiprintf.o)
 .rodata.zeroes.0
                0x1000ae48       0x10 C:/Program Files (x86)/Arm GNU Toolchain arm-none-eabi/13.2 Rel1/bin/../lib/gcc/arm-none-eabi/13.2.1/thumb/v8-m.main+fp/hard\libc.a(libc_a-vfiprintf.o)
 .rodata.blanks.1
                0x1000ae58       0x10 C:/Program Files (x86)/Arm GNU Toolchain arm-none-eabi/13.2 Rel1/bin/../lib/gcc/arm-none-eabi/13.2.1/thumb/v8-m.main+fp/hard\libc.a(libc_a-vfiprintf.o)
 .rodata.str1.4
                0x1000ae68       0x4c C:/Program Files (x86)/Arm GNU Toolchain arm-none-eabi/13.2 Rel1/bin/../lib/gcc/arm-none-eabi/13.2.1/thumb/v8-m.main+fp/hard\libc.a(libc_a-locale.o)
 .rodata._dtoa_r.str1.4
                0x1000ae68       0x81 C:/Program Files (x86)/Arm GNU Toolchain arm-none-eabi/13.2 Rel1/bin/../lib/gcc/arm-none-eabi/13.2.1/thumb/v8-m.main+fp/hard\libc.a(libc_a-dtoa.o)
 .rodata.__multadd.str1.4
                0x1000ae68       0x6e C:/Program Files (x86)/Arm GNU Toolchain arm-none-eabi/13.2 Rel1/bin/../lib/gcc/arm-none-eabi/13.2.1/thumb/v8-m.main+fp/hard\libc.a(libc_a-mprec.o)
 .rodata.p05.0  0x1000ae68        0xc C:/Program Files (x86)/Arm GNU Toolchain arm-none-eabi/13.2 Rel1/bin/../lib/gcc/arm-none-eabi/13.2.1/thumb/v8-m.main+fp/hard\libc.a(libc_a-mprec.o)
 *fill*         0x1000ae74        0x4 
 .rodata.__mprec_bigtens
                0x1000ae78       0x28 C:/Program Files (x86)/Arm GNU Toolchain arm-none-eabi/13.2 Rel1/bin/../lib/gcc/arm-none-eabi/13.2.1/thumb/v8-m.main+fp/hard\libc.a(libc_a-mprec.o)
                0x1000ae78                __mprec_bigtens
 .rodata.__mprec_tens
                0x1000aea0       0xc8 C:/Program Files (x86)/Arm GNU Toolchain arm-none-eabi/13.2 Rel1/bin/../lib/gcc/arm-none-eabi/13.2.1/thumb/v8-m.main+fp/hard\libc.a(libc_a-mprec.o)
                0x1000aea0                __mprec_tens
 .rodata._ctype_
                0x1000af68      0x101 C:/Program Files (x86)/Arm GNU Toolchain arm-none-eabi/13.2 Rel1/bin/../lib/gcc/arm-none-eabi/13.2.1/thumb/v8-m.main+fp/hard\libc.a(libc_a-ctype_.o)
                0x1000af68                _ctype_
 .rodata.__assert_func.str1.4
                0x1000b069       0x43 C:/Program Files (x86)/Arm GNU Toolchain arm-none-eabi/13.2 Rel1/bin/../lib/gcc/arm-none-eabi/13.2.1/thumb/v8-m.main+fp/hard\libc.a(libc_a-assert.o)
 *(.eh_frame*)
 *fill*         0x1000b069        0x3 
 .eh_frame      0x1000b06c        0x0 C:/Program Files (x86)/Arm GNU Toolchain arm-none-eabi/13.2 Rel1/bin/../lib/gcc/arm-none-eabi/13.2.1/thumb/v8-m.main+fp/hard/crtbegin.o
 .eh_frame      0x1000b06c       0x2c C:/Program Files (x86)/Arm GNU Toolchain arm-none-eabi/13.2 Rel1/bin/../lib/gcc/arm-none-eabi/13.2.1/thumb/v8-m.main+fp/hard\libc.a(libc_a-memcpy.o)
 .eh_frame      0x1000b098        0x4 C:/Program Files (x86)/Arm GNU Toolchain arm-none-eabi/13.2 Rel1/bin/../lib/gcc/arm-none-eabi/13.2.1/thumb/v8-m.main+fp/hard/crtend.o
 *(.text._write)
 *(SysTick_Handler)

.glue_7         0x1000b09c        0x0
 .glue_7        0x1000b09c        0x0 linker stubs

.glue_7t        0x1000b09c        0x0
 .glue_7t       0x1000b09c        0x0 linker stubs

.vfp11_veneer   0x1000b09c        0x0
 .vfp11_veneer  0x1000b09c        0x0 linker stubs

.v4_bx          0x1000b09c        0x0
 .v4_bx         0x1000b09c        0x0 linker stubs

.iplt           0x1000b09c        0x0
 .iplt          0x1000b09c        0x0 C:/Program Files (x86)/Arm GNU Toolchain arm-none-eabi/13.2 Rel1/bin/../lib/gcc/arm-none-eabi/13.2.1/thumb/v8-m.main+fp/hard/crtfastmath.o

.ARM.extab
 *(.ARM.extab* .gnu.linkonce.armextab.*)
                0x1000b09c                        __exidx_start = .

.ARM.exidx      0x1000b09c        0x8
 *(.ARM.exidx* .gnu.linkonce.armexidx.*)
 .ARM.exidx     0x1000b09c        0x8 C:/Program Files (x86)/Arm GNU Toolchain arm-none-eabi/13.2 Rel1/bin/../lib/gcc/arm-none-eabi/13.2.1/thumb/v8-m.main+fp/hard/crt0.o
                                 0x10 (size before relaxing)
 .ARM.exidx     0x1000b0a4        0x0 C:/Program Files (x86)/Arm GNU Toolchain arm-none-eabi/13.2 Rel1/bin/../lib/gcc/arm-none-eabi/13.2.1/thumb/v8-m.main+fp/hard\libc.a(libc_a-memcpy.o)
                                  0x8 (size before relaxing)
                0x1000b0a4                        __exidx_end = .

.rel.dyn        0x1000b0a4        0x0
 .rel.iplt      0x1000b0a4        0x0 C:/Program Files (x86)/Arm GNU Toolchain arm-none-eabi/13.2 Rel1/bin/../lib/gcc/arm-none-eabi/13.2.1/thumb/v8-m.main+fp/hard/crtfastmath.o

.copy.table     0x1000b0a4        0xc
                0x1000b0a4                        . = ALIGN (0x4)
                0x1000b0a4                        __copy_table_start__ = .
                0x1000b0a4        0x4 LONG 0x1000b0b0 __etext
                0x1000b0a8        0x4 LONG 0x38000000 __data_start__
                0x1000b0ac        0x4 LONG 0x1b9 ((__data_end__ - __data_start__) / 0x4)
                0x1000b0b0                        __copy_table_end__ = .

.zero.table     0x1000b0b0        0x0
                0x1000b0b0                        . = ALIGN (0x4)
                0x1000b0b0                        __zero_table_start__ = .
                0x1000b0b0                        __zero_table_end__ = .
                0x1000b0b0                        __etext = ALIGN (0x4)

.data           0x38000000      0x6e4 load address 0x1000b0b0
                0x38000000                        __data_start__ = .
 *(vtable)
 *(.data)
 *(.data.*)
 .data.seed4_volatile
                0x38000000        0x4 C:\Users\gabwan01\AppData\Local\Temp\ccFzBKo7.ltrans0.ltrans.o
 .data.seed3_volatile
                0x38000004        0x4 C:\Users\gabwan01\AppData\Local\Temp\ccFzBKo7.ltrans0.ltrans.o
 .data.SystemCoreClock
                0x38000008        0x4 C:\Users\gabwan01\AppData\Local\Temp\ccFzBKo7.ltrans0.ltrans.o
 .data.s_nUSUnit
                0x3800000c        0x4 C:\Users\gabwan01\AppData\Local\Temp\ccFzBKo7.ltrans0.ltrans.o
 .data.s_nMSUnit
                0x38000010        0x4 C:\Users\gabwan01\AppData\Local\Temp\ccFzBKo7.ltrans0.ltrans.o
 .data.__sglue  0x38000014        0xc C:/Program Files (x86)/Arm GNU Toolchain arm-none-eabi/13.2 Rel1/bin/../lib/gcc/arm-none-eabi/13.2.1/thumb/v8-m.main+fp/hard\libc.a(libc_a-findfp.o)
                0x38000014                __sglue
 .data._impure_ptr
                0x38000020        0x4 C:/Program Files (x86)/Arm GNU Toolchain arm-none-eabi/13.2 Rel1/bin/../lib/gcc/arm-none-eabi/13.2.1/thumb/v8-m.main+fp/hard\libc.a(libc_a-impure.o)
                0x38000020                _impure_ptr
 *fill*         0x38000024        0x4 
 .data._impure_data
                0x38000028      0x120 C:/Program Files (x86)/Arm GNU Toolchain arm-none-eabi/13.2 Rel1/bin/../lib/gcc/arm-none-eabi/13.2.1/thumb/v8-m.main+fp/hard\libc.a(libc_a-impure.o)
                0x38000028                _impure_data
 .data.__atexit_recursive_mutex
                0x38000148        0x4 C:/Program Files (x86)/Arm GNU Toolchain arm-none-eabi/13.2 Rel1/bin/../lib/gcc/arm-none-eabi/13.2.1/thumb/v8-m.main+fp/hard\libc.a(libc_a-__call_atexit.o)
                0x38000148                __atexit_recursive_mutex
 .data.__malloc_sbrk_base
                0x3800014c        0x4 C:/Program Files (x86)/Arm GNU Toolchain arm-none-eabi/13.2 Rel1/bin/../lib/gcc/arm-none-eabi/13.2.1/thumb/v8-m.main+fp/hard\libc.a(libc_a-mallocr.o)
                0x3800014c                __malloc_sbrk_base
 .data.__malloc_trim_threshold
                0x38000150        0x4 C:/Program Files (x86)/Arm GNU Toolchain arm-none-eabi/13.2 Rel1/bin/../lib/gcc/arm-none-eabi/13.2.1/thumb/v8-m.main+fp/hard\libc.a(libc_a-mallocr.o)
                0x38000150                __malloc_trim_threshold
 *fill*         0x38000154        0x4 
 .data.__malloc_av_
                0x38000158      0x408 C:/Program Files (x86)/Arm GNU Toolchain arm-none-eabi/13.2 Rel1/bin/../lib/gcc/arm-none-eabi/13.2.1/thumb/v8-m.main+fp/hard\libc.a(libc_a-mallocr.o)
                0x38000158                __malloc_av_
 .data.__global_locale
                0x38000560      0x16c C:/Program Files (x86)/Arm GNU Toolchain arm-none-eabi/13.2 Rel1/bin/../lib/gcc/arm-none-eabi/13.2.1/thumb/v8-m.main+fp/hard\libc.a(libc_a-locale.o)
                0x38000560                __global_locale
                0x380006cc                        . = ALIGN (0x4)
                0x380006cc                        PROVIDE (__preinit_array_start = .)
 *(.preinit_array)
                0x380006cc                        PROVIDE (__preinit_array_end = .)
                0x380006cc                        . = ALIGN (0x4)
                0x380006cc                        PROVIDE (__init_array_start = .)
 *(SORT_BY_NAME(.init_array.*))
 .init_array.00000
                0x380006cc        0x4 C:/Program Files (x86)/Arm GNU Toolchain arm-none-eabi/13.2 Rel1/bin/../lib/gcc/arm-none-eabi/13.2.1/thumb/v8-m.main+fp/hard\libc.a(libc_a-__call_atexit.o)
 .init_array.00101
                0x380006d0        0x4 C:\Users\gabwan01\AppData\Local\Temp\ccFzBKo7.ltrans0.ltrans.o
 *(.init_array)
 .init_array    0x380006d4        0x4 C:/Program Files (x86)/Arm GNU Toolchain arm-none-eabi/13.2 Rel1/bin/../lib/gcc/arm-none-eabi/13.2.1/thumb/v8-m.main+fp/hard/crtfastmath.o
 .init_array    0x380006d8        0x4 C:/Program Files (x86)/Arm GNU Toolchain arm-none-eabi/13.2 Rel1/bin/../lib/gcc/arm-none-eabi/13.2.1/thumb/v8-m.main+fp/hard/crtbegin.o
 .init_array    0x380006dc        0x4 C:\Users\gabwan01\AppData\Local\Temp\ccFzBKo7.ltrans0.ltrans.o
                0x380006e0                        PROVIDE (__init_array_end = .)
                0x380006e0                        . = ALIGN (0x4)
                0x380006e0                        PROVIDE (__fini_array_start = .)
 *(SORT_BY_NAME(.fini_array.*))
 *(.fini_array)
 .fini_array    0x380006e0        0x4 C:/Program Files (x86)/Arm GNU Toolchain arm-none-eabi/13.2 Rel1/bin/../lib/gcc/arm-none-eabi/13.2.1/thumb/v8-m.main+fp/hard/crtbegin.o
                0x380006e4                        PROVIDE (__fini_array_end = .)
 *(.jcr*)
                0x380006e4                        . = ALIGN (0x4)
                0x380006e4                        __data_end__ = .

.igot.plt       0x380006e4        0x0 load address 0x1000b794
 .igot.plt      0x380006e4        0x0 C:/Program Files (x86)/Arm GNU Toolchain arm-none-eabi/13.2 Rel1/bin/../lib/gcc/arm-none-eabi/13.2.1/thumb/v8-m.main+fp/hard/crtfastmath.o

.tm_clone_table
                0x380006e4        0x0 load address 0x1000b794
 .tm_clone_table
                0x380006e4        0x0 C:/Program Files (x86)/Arm GNU Toolchain arm-none-eabi/13.2 Rel1/bin/../lib/gcc/arm-none-eabi/13.2.1/thumb/v8-m.main+fp/hard/crtbegin.o
 .tm_clone_table
                0x380006e4        0x0 C:/Program Files (x86)/Arm GNU Toolchain arm-none-eabi/13.2 Rel1/bin/../lib/gcc/arm-none-eabi/13.2.1/thumb/v8-m.main+fp/hard/crtend.o

.bss            0x38000700     0x1c18
                0x38000700                        . = ALIGN (0x4)
                0x38000700                        __bss_start__ = .
 *(.bss)
 *(.bss.*)
 .bss.completed.1
                0x38000700        0x1 C:/Program Files (x86)/Arm GNU Toolchain arm-none-eabi/13.2 Rel1/bin/../lib/gcc/arm-none-eabi/13.2.1/thumb/v8-m.main+fp/hard/crtbegin.o
 *fill*         0x38000701        0x3 
 .bss.object.0  0x38000704       0x18 C:/Program Files (x86)/Arm GNU Toolchain arm-none-eabi/13.2 Rel1/bin/../lib/gcc/arm-none-eabi/13.2.1/thumb/v8-m.main+fp/hard/crtbegin.o
 *fill*         0x3800071c        0x4 
 .bss.s_lOldTimestamp
                0x38000720        0x8 C:\Users\gabwan01\AppData\Local\Temp\ccFzBKo7.ltrans0.ltrans.o
 .bss.seed5_volatile
                0x38000728        0x4 C:\Users\gabwan01\AppData\Local\Temp\ccFzBKo7.ltrans0.ltrans.o
 .bss.seed2_volatile
                0x3800072c        0x4 C:\Users\gabwan01\AppData\Local\Temp\ccFzBKo7.ltrans0.ltrans.o
 .bss.seed1_volatile
                0x38000730        0x4 C:\Users\gabwan01\AppData\Local\Temp\ccFzBKo7.ltrans0.ltrans.o
 *fill*         0x38000734        0x4 
 .bss.g_lLastTimeStamp
                0x38000738        0x8 C:\Users\gabwan01\AppData\Local\Temp\ccFzBKo7.ltrans0.ltrans.o
 .bss.s_tCycleElapsed
                0x38000740        0x8 C:\Users\gabwan01\AppData\Local\Temp\ccFzBKo7.ltrans0.ltrans.o
 .bss.static_memblk
                0x38000748      0x7d0 C:\Users\gabwan01\AppData\Local\Temp\ccFzBKo7.ltrans0.ltrans.o
 .bss.g_nOffset
                0x38000f18        0x4 C:\Users\gabwan01\AppData\Local\Temp\ccFzBKo7.ltrans0.ltrans.o
 .bss.buffer.0  0x38000f1c        0x8 C:\Users\gabwan01\AppData\Local\Temp\ccFzBKo7.ltrans0.ltrans.o
 .bss.index.1   0x38000f24        0x4 C:\Users\gabwan01\AppData\Local\Temp\ccFzBKo7.ltrans0.ltrans.o
 .bss.TS_OverflowLock
                0x38000f28        0x1 C:\Users\gabwan01\AppData\Local\Temp\ccFzBKo7.ltrans0.ltrans.o
 *fill*         0x38000f29       0x17 
 .bss.noinit    0x38000f40     0x10a4 C:\Users\gabwan01\AppData\Local\Temp\ccFzBKo7.ltrans0.ltrans.o
 .bss.s_nSystemUS
                0x38001fe4        0x4 C:\Users\gabwan01\AppData\Local\Temp\ccFzBKo7.ltrans0.ltrans.o
 .bss.s_nUSResidule
                0x38001fe8        0x4 C:\Users\gabwan01\AppData\Local\Temp\ccFzBKo7.ltrans0.ltrans.o
 .bss.s_nSystemMS
                0x38001fec        0x4 C:\Users\gabwan01\AppData\Local\Temp\ccFzBKo7.ltrans0.ltrans.o
 .bss.s_nMSResidule
                0x38001ff0        0x4 C:\Users\gabwan01\AppData\Local\Temp\ccFzBKo7.ltrans0.ltrans.o
 *fill*         0x38001ff4        0x4 
 .bss.s_lSystemClockCounts
                0x38001ff8        0x8 C:\Users\gabwan01\AppData\Local\Temp\ccFzBKo7.ltrans0.ltrans.o
 .bss.__sf      0x38002000      0x138 C:/Program Files (x86)/Arm GNU Toolchain arm-none-eabi/13.2 Rel1/bin/../lib/gcc/arm-none-eabi/13.2.1/thumb/v8-m.main+fp/hard\libc.a(libc_a-findfp.o)
                0x38002000                __sf
 .bss.__stdio_exit_handler
                0x38002138        0x4 C:/Program Files (x86)/Arm GNU Toolchain arm-none-eabi/13.2 Rel1/bin/../lib/gcc/arm-none-eabi/13.2.1/thumb/v8-m.main+fp/hard\libc.a(libc_a-findfp.o)
                0x38002138                __stdio_exit_handler
 .bss.errno     0x3800213c        0x4 C:/Program Files (x86)/Arm GNU Toolchain arm-none-eabi/13.2 Rel1/bin/../lib/gcc/arm-none-eabi/13.2.1/thumb/v8-m.main+fp/hard\libc.a(libc_a-reent.o)
                0x3800213c                errno
 .bss.__lock___malloc_recursive_mutex
                0x38002140        0x1 C:/Program Files (x86)/Arm GNU Toolchain arm-none-eabi/13.2 Rel1/bin/../lib/gcc/arm-none-eabi/13.2.1/thumb/v8-m.main+fp/hard\libc.a(libc_a-lock.o)
                0x38002140                __lock___malloc_recursive_mutex
 *fill*         0x38002141        0x3 
 .bss.__lock___atexit_recursive_mutex
                0x38002144        0x1 C:/Program Files (x86)/Arm GNU Toolchain arm-none-eabi/13.2 Rel1/bin/../lib/gcc/arm-none-eabi/13.2.1/thumb/v8-m.main+fp/hard\libc.a(libc_a-lock.o)
                0x38002144                __lock___atexit_recursive_mutex
 *fill*         0x38002145        0x3 
 .bss.__lock___sfp_recursive_mutex
                0x38002148        0x1 C:/Program Files (x86)/Arm GNU Toolchain arm-none-eabi/13.2 Rel1/bin/../lib/gcc/arm-none-eabi/13.2.1/thumb/v8-m.main+fp/hard\libc.a(libc_a-lock.o)
                0x38002148                __lock___sfp_recursive_mutex
 *fill*         0x38002149        0x3 
 .bss.__atexit  0x3800214c        0x4 C:/Program Files (x86)/Arm GNU Toolchain arm-none-eabi/13.2 Rel1/bin/../lib/gcc/arm-none-eabi/13.2.1/thumb/v8-m.main+fp/hard\libc.a(libc_a-__call_atexit.o)
                0x3800214c                __atexit
 .bss.__malloc_current_mallinfo
                0x38002150       0x28 C:/Program Files (x86)/Arm GNU Toolchain arm-none-eabi/13.2 Rel1/bin/../lib/gcc/arm-none-eabi/13.2.1/thumb/v8-m.main+fp/hard\libc.a(libc_a-mallocr.o)
                0x38002150                __malloc_current_mallinfo
 .bss.__malloc_max_total_mem
                0x38002178        0x4 C:/Program Files (x86)/Arm GNU Toolchain arm-none-eabi/13.2 Rel1/bin/../lib/gcc/arm-none-eabi/13.2.1/thumb/v8-m.main+fp/hard\libc.a(libc_a-mallocr.o)
                0x38002178                __malloc_max_total_mem
 .bss.__malloc_max_sbrked_mem
                0x3800217c        0x4 C:/Program Files (x86)/Arm GNU Toolchain arm-none-eabi/13.2 Rel1/bin/../lib/gcc/arm-none-eabi/13.2.1/thumb/v8-m.main+fp/hard\libc.a(libc_a-mallocr.o)
                0x3800217c                __malloc_max_sbrked_mem
 .bss.__malloc_top_pad
                0x38002180        0x4 C:/Program Files (x86)/Arm GNU Toolchain arm-none-eabi/13.2 Rel1/bin/../lib/gcc/arm-none-eabi/13.2.1/thumb/v8-m.main+fp/hard\libc.a(libc_a-mallocr.o)
                0x38002180                __malloc_top_pad
 .bss.__atexit0
                0x38002184      0x190 C:/Program Files (x86)/Arm GNU Toolchain arm-none-eabi/13.2 Rel1/bin/../lib/gcc/arm-none-eabi/13.2.1/thumb/v8-m.main+fp/hard\libc.a(libc_a-__atexit.o)
                0x38002184                __atexit0
 .bss.heap_end.0
                0x38002314        0x4 C:/Program Files (x86)/Arm GNU Toolchain arm-none-eabi/13.2 Rel1/bin/../lib/gcc/arm-none-eabi/13.2.1/thumb/v8-m.main+fp/hard\libnosys.a(sbrk.o)
 *(COMMON)
                0x38002318                        . = ALIGN (0x4)
                0x38002318                        __bss_end__ = .

.heap           0x38002318     0x1000
                0x38002318                        . = ALIGN (0x8)
                0x38002318                        __end__ = .
                0x38002318                        PROVIDE (end = .)
                0x38003318                        . = (. + __HEAP_SIZE)
 *fill*         0x38002318     0x1000 
                0x38003318                        . = ALIGN (0x8)
                0x38003318                        __HeapLimit = .

.stack          0x381ff000     0x1000
                0x381ff000                        . = ALIGN (0x8)
                0x381ff000                        __StackLimit = .
                0x38200000                        . = (. + __STACK_SIZE)
 *fill*         0x381ff000     0x1000 
                0x38200000                        . = ALIGN (0x8)
                0x38200000                        __StackTop = .
                0x38200000                        PROVIDE (__stack = __StackTop)
                0x00000001                        ASSERT ((__StackLimit >= __HeapLimit), region RAM overflowed with stack)
OUTPUT(./Objects/gcc_template.elf elf32-littlearm)
LOAD linker stubs

.ARM.attributes
                0x00000000       0x36
 .ARM.attributes
                0x00000000       0x38 C:/Program Files (x86)/Arm GNU Toolchain arm-none-eabi/13.2 Rel1/bin/../lib/gcc/arm-none-eabi/13.2.1/thumb/v8-m.main+fp/hard/crtfastmath.o
 .ARM.attributes
                0x00000038       0x26 C:/Program Files (x86)/Arm GNU Toolchain arm-none-eabi/13.2 Rel1/bin/../lib/gcc/arm-none-eabi/13.2.1/thumb/v8-m.main+fp/hard/crti.o
 .ARM.attributes
                0x0000005e       0x38 C:/Program Files (x86)/Arm GNU Toolchain arm-none-eabi/13.2 Rel1/bin/../lib/gcc/arm-none-eabi/13.2.1/thumb/v8-m.main+fp/hard/crtbegin.o
 .ARM.attributes
                0x00000096       0x24 C:/Program Files (x86)/Arm GNU Toolchain arm-none-eabi/13.2 Rel1/bin/../lib/gcc/arm-none-eabi/13.2.1/thumb/v8-m.main+fp/hard/crt0.o
 .ARM.attributes
                0x000000ba       0x32 C:\Users\gabwan01\AppData\Local\Temp\ccFzBKo7.ltrans0.ltrans.o
 .ARM.attributes
                0x000000ec       0x38 C:/Program Files (x86)/Arm GNU Toolchain arm-none-eabi/13.2 Rel1/bin/../lib/gcc/arm-none-eabi/13.2.1/thumb/v8-m.main+fp/hard\libc.a(libc_a-exit.o)
 .ARM.attributes
                0x00000124       0x38 C:/Program Files (x86)/Arm GNU Toolchain arm-none-eabi/13.2 Rel1/bin/../lib/gcc/arm-none-eabi/13.2.1/thumb/v8-m.main+fp/hard\libc.a(libc_a-findfp.o)
 .ARM.attributes
                0x0000015c       0x38 C:/Program Files (x86)/Arm GNU Toolchain arm-none-eabi/13.2 Rel1/bin/../lib/gcc/arm-none-eabi/13.2.1/thumb/v8-m.main+fp/hard\libc.a(libc_a-fwalk.o)
 .ARM.attributes
                0x00000194       0x38 C:/Program Files (x86)/Arm GNU Toolchain arm-none-eabi/13.2 Rel1/bin/../lib/gcc/arm-none-eabi/13.2.1/thumb/v8-m.main+fp/hard\libc.a(libc_a-stdio.o)
 .ARM.attributes
                0x000001cc       0x38 C:/Program Files (x86)/Arm GNU Toolchain arm-none-eabi/13.2 Rel1/bin/../lib/gcc/arm-none-eabi/13.2.1/thumb/v8-m.main+fp/hard\libc.a(libc_a-memset.o)
 .ARM.attributes
                0x00000204       0x38 C:/Program Files (x86)/Arm GNU Toolchain arm-none-eabi/13.2 Rel1/bin/../lib/gcc/arm-none-eabi/13.2.1/thumb/v8-m.main+fp/hard\libc.a(libc_a-closer.o)
 .ARM.attributes
                0x0000023c       0x38 C:/Program Files (x86)/Arm GNU Toolchain arm-none-eabi/13.2 Rel1/bin/../lib/gcc/arm-none-eabi/13.2.1/thumb/v8-m.main+fp/hard\libc.a(libc_a-reent.o)
 .ARM.attributes
                0x00000274       0x38 C:/Program Files (x86)/Arm GNU Toolchain arm-none-eabi/13.2 Rel1/bin/../lib/gcc/arm-none-eabi/13.2.1/thumb/v8-m.main+fp/hard\libc.a(libc_a-impure.o)
 .ARM.attributes
                0x000002ac       0x38 C:/Program Files (x86)/Arm GNU Toolchain arm-none-eabi/13.2 Rel1/bin/../lib/gcc/arm-none-eabi/13.2.1/thumb/v8-m.main+fp/hard\libc.a(libc_a-lseekr.o)
 .ARM.attributes
                0x000002e4       0x38 C:/Program Files (x86)/Arm GNU Toolchain arm-none-eabi/13.2 Rel1/bin/../lib/gcc/arm-none-eabi/13.2.1/thumb/v8-m.main+fp/hard\libc.a(libc_a-readr.o)
 .ARM.attributes
                0x0000031c       0x38 C:/Program Files (x86)/Arm GNU Toolchain arm-none-eabi/13.2 Rel1/bin/../lib/gcc/arm-none-eabi/13.2.1/thumb/v8-m.main+fp/hard\libc.a(libc_a-writer.o)
 .ARM.attributes
                0x00000354       0x38 C:/Program Files (x86)/Arm GNU Toolchain arm-none-eabi/13.2 Rel1/bin/../lib/gcc/arm-none-eabi/13.2.1/thumb/v8-m.main+fp/hard\libc.a(libc_a-init.o)
 .ARM.attributes
                0x0000038c       0x38 C:/Program Files (x86)/Arm GNU Toolchain arm-none-eabi/13.2 Rel1/bin/../lib/gcc/arm-none-eabi/13.2.1/thumb/v8-m.main+fp/hard\libc.a(libc_a-lock.o)
 .ARM.attributes
                0x000003c4       0x38 C:/Program Files (x86)/Arm GNU Toolchain arm-none-eabi/13.2 Rel1/bin/../lib/gcc/arm-none-eabi/13.2.1/thumb/v8-m.main+fp/hard\libc.a(libc_a-__call_atexit.o)
 .ARM.attributes
                0x000003fc       0x38 C:/Program Files (x86)/Arm GNU Toolchain arm-none-eabi/13.2 Rel1/bin/../lib/gcc/arm-none-eabi/13.2.1/thumb/v8-m.main+fp/hard\libc.a(libc_a-atexit.o)
 .ARM.attributes
                0x00000434       0x38 C:/Program Files (x86)/Arm GNU Toolchain arm-none-eabi/13.2 Rel1/bin/../lib/gcc/arm-none-eabi/13.2.1/thumb/v8-m.main+fp/hard\libc.a(libc_a-freer.o)
 .ARM.attributes
                0x0000046c       0x38 C:/Program Files (x86)/Arm GNU Toolchain arm-none-eabi/13.2 Rel1/bin/../lib/gcc/arm-none-eabi/13.2.1/thumb/v8-m.main+fp/hard\libc.a(libc_a-mallocr.o)
 .ARM.attributes
                0x000004a4       0x38 C:/Program Files (x86)/Arm GNU Toolchain arm-none-eabi/13.2 Rel1/bin/../lib/gcc/arm-none-eabi/13.2.1/thumb/v8-m.main+fp/hard\libc.a(libc_a-mlock.o)
 .ARM.attributes
                0x000004dc       0x38 C:/Program Files (x86)/Arm GNU Toolchain arm-none-eabi/13.2 Rel1/bin/../lib/gcc/arm-none-eabi/13.2.1/thumb/v8-m.main+fp/hard\libc.a(libc_a-fclose.o)
 .ARM.attributes
                0x00000514       0x38 C:/Program Files (x86)/Arm GNU Toolchain arm-none-eabi/13.2 Rel1/bin/../lib/gcc/arm-none-eabi/13.2.1/thumb/v8-m.main+fp/hard\libc.a(libc_a-fflush.o)
 .ARM.attributes
                0x0000054c       0x38 C:/Program Files (x86)/Arm GNU Toolchain arm-none-eabi/13.2 Rel1/bin/../lib/gcc/arm-none-eabi/13.2.1/thumb/v8-m.main+fp/hard\libc.a(libc_a-sbrkr.o)
 .ARM.attributes
                0x00000584       0x38 C:/Program Files (x86)/Arm GNU Toolchain arm-none-eabi/13.2 Rel1/bin/../lib/gcc/arm-none-eabi/13.2.1/thumb/v8-m.main+fp/hard\libc.a(libc_a-fini.o)
 .ARM.attributes
                0x000005bc       0x38 C:/Program Files (x86)/Arm GNU Toolchain arm-none-eabi/13.2 Rel1/bin/../lib/gcc/arm-none-eabi/13.2.1/thumb/v8-m.main+fp/hard\libc.a(libc_a-sysconf.o)
 .ARM.attributes
                0x000005f4       0x38 C:/Program Files (x86)/Arm GNU Toolchain arm-none-eabi/13.2 Rel1/bin/../lib/gcc/arm-none-eabi/13.2.1/thumb/v8-m.main+fp/hard\libc.a(libc_a-__atexit.o)
 .ARM.attributes
                0x0000062c       0x38 C:/Program Files (x86)/Arm GNU Toolchain arm-none-eabi/13.2 Rel1/bin/../lib/gcc/arm-none-eabi/13.2.1/thumb/v8-m.main+fp/hard\libc.a(libc_a-errno.o)
 .ARM.attributes
                0x00000664       0x38 C:/Program Files (x86)/Arm GNU Toolchain arm-none-eabi/13.2 Rel1/bin/../lib/gcc/arm-none-eabi/13.2.1/thumb/v8-m.main+fp/hard\libc.a(libc_a-printf.o)
 .ARM.attributes
                0x0000069c       0x38 C:/Program Files (x86)/Arm GNU Toolchain arm-none-eabi/13.2 Rel1/bin/../lib/gcc/arm-none-eabi/13.2.1/thumb/v8-m.main+fp/hard\libc.a(libc_a-putchar.o)
 .ARM.attributes
                0x000006d4       0x38 C:/Program Files (x86)/Arm GNU Toolchain arm-none-eabi/13.2 Rel1/bin/../lib/gcc/arm-none-eabi/13.2.1/thumb/v8-m.main+fp/hard\libc.a(libc_a-puts.o)
 .ARM.attributes
                0x0000070c       0x24 C:/Program Files (x86)/Arm GNU Toolchain arm-none-eabi/13.2 Rel1/bin/../lib/gcc/arm-none-eabi/13.2.1/thumb/v8-m.main+fp/hard\libc.a(libc_a-memcpy.o)
 .ARM.attributes
                0x00000730       0x38 C:/Program Files (x86)/Arm GNU Toolchain arm-none-eabi/13.2 Rel1/bin/../lib/gcc/arm-none-eabi/13.2.1/thumb/v8-m.main+fp/hard\libc.a(libc_a-strlen-stub.o)
 .ARM.attributes
                0x00000768       0x38 C:/Program Files (x86)/Arm GNU Toolchain arm-none-eabi/13.2 Rel1/bin/../lib/gcc/arm-none-eabi/13.2.1/thumb/v8-m.main+fp/hard\libc.a(libc_a-vfprintf.o)
 .ARM.attributes
                0x000007a0       0x38 C:/Program Files (x86)/Arm GNU Toolchain arm-none-eabi/13.2 Rel1/bin/../lib/gcc/arm-none-eabi/13.2.1/thumb/v8-m.main+fp/hard\libc.a(libc_a-vfiprintf.o)
 .ARM.attributes
                0x000007d8       0x38 C:/Program Files (x86)/Arm GNU Toolchain arm-none-eabi/13.2 Rel1/bin/../lib/gcc/arm-none-eabi/13.2.1/thumb/v8-m.main+fp/hard\libc.a(libc_a-fvwrite.o)
 .ARM.attributes
                0x00000810       0x38 C:/Program Files (x86)/Arm GNU Toolchain arm-none-eabi/13.2 Rel1/bin/../lib/gcc/arm-none-eabi/13.2.1/thumb/v8-m.main+fp/hard\libc.a(libc_a-putc.o)
 .ARM.attributes
                0x00000848       0x38 C:/Program Files (x86)/Arm GNU Toolchain arm-none-eabi/13.2 Rel1/bin/../lib/gcc/arm-none-eabi/13.2.1/thumb/v8-m.main+fp/hard\libc.a(libc_a-wbuf.o)
 .ARM.attributes
                0x00000880       0x38 C:/Program Files (x86)/Arm GNU Toolchain arm-none-eabi/13.2 Rel1/bin/../lib/gcc/arm-none-eabi/13.2.1/thumb/v8-m.main+fp/hard\libc.a(libc_a-wsetup.o)
 .ARM.attributes
                0x000008b8       0x38 C:/Program Files (x86)/Arm GNU Toolchain arm-none-eabi/13.2 Rel1/bin/../lib/gcc/arm-none-eabi/13.2.1/thumb/v8-m.main+fp/hard\libc.a(libc_a-fputwc.o)
 .ARM.attributes
                0x000008f0       0x38 C:/Program Files (x86)/Arm GNU Toolchain arm-none-eabi/13.2 Rel1/bin/../lib/gcc/arm-none-eabi/13.2.1/thumb/v8-m.main+fp/hard\libc.a(libc_a-memmove.o)
 .ARM.attributes
                0x00000928       0x38 C:/Program Files (x86)/Arm GNU Toolchain arm-none-eabi/13.2 Rel1/bin/../lib/gcc/arm-none-eabi/13.2.1/thumb/v8-m.main+fp/hard\libc.a(libc_a-strncpy.o)
 .ARM.attributes
                0x00000960       0x38 C:/Program Files (x86)/Arm GNU Toolchain arm-none-eabi/13.2 Rel1/bin/../lib/gcc/arm-none-eabi/13.2.1/thumb/v8-m.main+fp/hard\libc.a(libc_a-locale.o)
 .ARM.attributes
                0x00000998       0x38 C:/Program Files (x86)/Arm GNU Toolchain arm-none-eabi/13.2 Rel1/bin/../lib/gcc/arm-none-eabi/13.2.1/thumb/v8-m.main+fp/hard\libc.a(libc_a-localeconv.o)
 .ARM.attributes
                0x000009d0       0x38 C:/Program Files (x86)/Arm GNU Toolchain arm-none-eabi/13.2 Rel1/bin/../lib/gcc/arm-none-eabi/13.2.1/thumb/v8-m.main+fp/hard\libc.a(libc_a-memchr-stub.o)
 .ARM.attributes
                0x00000a08       0x38 C:/Program Files (x86)/Arm GNU Toolchain arm-none-eabi/13.2 Rel1/bin/../lib/gcc/arm-none-eabi/13.2.1/thumb/v8-m.main+fp/hard\libc.a(libm_a-s_frexp.o)
 .ARM.attributes
                0x00000a40       0x38 C:/Program Files (x86)/Arm GNU Toolchain arm-none-eabi/13.2 Rel1/bin/../lib/gcc/arm-none-eabi/13.2.1/thumb/v8-m.main+fp/hard\libc.a(libc_a-dtoa.o)
 .ARM.attributes
                0x00000a78       0x38 C:/Program Files (x86)/Arm GNU Toolchain arm-none-eabi/13.2 Rel1/bin/../lib/gcc/arm-none-eabi/13.2.1/thumb/v8-m.main+fp/hard\libc.a(libc_a-mbtowc_r.o)
 .ARM.attributes
                0x00000ab0       0x38 C:/Program Files (x86)/Arm GNU Toolchain arm-none-eabi/13.2 Rel1/bin/../lib/gcc/arm-none-eabi/13.2.1/thumb/v8-m.main+fp/hard\libc.a(libc_a-mprec.o)
 .ARM.attributes
                0x00000ae8       0x38 C:/Program Files (x86)/Arm GNU Toolchain arm-none-eabi/13.2 Rel1/bin/../lib/gcc/arm-none-eabi/13.2.1/thumb/v8-m.main+fp/hard\libc.a(libc_a-reallocr.o)
 .ARM.attributes
                0x00000b20       0x38 C:/Program Files (x86)/Arm GNU Toolchain arm-none-eabi/13.2 Rel1/bin/../lib/gcc/arm-none-eabi/13.2.1/thumb/v8-m.main+fp/hard\libc.a(libc_a-wctomb_r.o)
 .ARM.attributes
                0x00000b58       0x38 C:/Program Files (x86)/Arm GNU Toolchain arm-none-eabi/13.2 Rel1/bin/../lib/gcc/arm-none-eabi/13.2.1/thumb/v8-m.main+fp/hard\libc.a(libc_a-wcrtomb.o)
 .ARM.attributes
                0x00000b90       0x38 C:/Program Files (x86)/Arm GNU Toolchain arm-none-eabi/13.2 Rel1/bin/../lib/gcc/arm-none-eabi/13.2.1/thumb/v8-m.main+fp/hard\libc.a(libc_a-wcsrtombs.o)
 .ARM.attributes
                0x00000bc8       0x38 C:/Program Files (x86)/Arm GNU Toolchain arm-none-eabi/13.2 Rel1/bin/../lib/gcc/arm-none-eabi/13.2.1/thumb/v8-m.main+fp/hard\libc.a(libc_a-ctype_.o)
 .ARM.attributes
                0x00000c00       0x38 C:/Program Files (x86)/Arm GNU Toolchain arm-none-eabi/13.2 Rel1/bin/../lib/gcc/arm-none-eabi/13.2.1/thumb/v8-m.main+fp/hard\libc.a(libc_a-makebuf.o)
 .ARM.attributes
                0x00000c38       0x38 C:/Program Files (x86)/Arm GNU Toolchain arm-none-eabi/13.2 Rel1/bin/../lib/gcc/arm-none-eabi/13.2.1/thumb/v8-m.main+fp/hard\libc.a(libc_a-fstatr.o)
 .ARM.attributes
                0x00000c70       0x38 C:/Program Files (x86)/Arm GNU Toolchain arm-none-eabi/13.2 Rel1/bin/../lib/gcc/arm-none-eabi/13.2.1/thumb/v8-m.main+fp/hard\libc.a(libc_a-isattyr.o)
 .ARM.attributes
                0x00000ca8       0x38 C:/Program Files (x86)/Arm GNU Toolchain arm-none-eabi/13.2 Rel1/bin/../lib/gcc/arm-none-eabi/13.2.1/thumb/v8-m.main+fp/hard\libc.a(libc_a-assert.o)
 .ARM.attributes
                0x00000ce0       0x38 C:/Program Files (x86)/Arm GNU Toolchain arm-none-eabi/13.2 Rel1/bin/../lib/gcc/arm-none-eabi/13.2.1/thumb/v8-m.main+fp/hard\libc.a(libc_a-callocr.o)
 .ARM.attributes
                0x00000d18       0x38 C:/Program Files (x86)/Arm GNU Toolchain arm-none-eabi/13.2 Rel1/bin/../lib/gcc/arm-none-eabi/13.2.1/thumb/v8-m.main+fp/hard\libc.a(libc_a-wcsnrtombs.o)
 .ARM.attributes
                0x00000d50       0x38 C:/Program Files (x86)/Arm GNU Toolchain arm-none-eabi/13.2 Rel1/bin/../lib/gcc/arm-none-eabi/13.2.1/thumb/v8-m.main+fp/hard\libc.a(libc_a-fiprintf.o)
 .ARM.attributes
                0x00000d88       0x38 C:/Program Files (x86)/Arm GNU Toolchain arm-none-eabi/13.2 Rel1/bin/../lib/gcc/arm-none-eabi/13.2.1/thumb/v8-m.main+fp/hard\libc.a(libc_a-abort.o)
 .ARM.attributes
                0x00000dc0       0x38 C:/Program Files (x86)/Arm GNU Toolchain arm-none-eabi/13.2 Rel1/bin/../lib/gcc/arm-none-eabi/13.2.1/thumb/v8-m.main+fp/hard\libc.a(libc_a-signal.o)
 .ARM.attributes
                0x00000df8       0x38 C:/Program Files (x86)/Arm GNU Toolchain arm-none-eabi/13.2 Rel1/bin/../lib/gcc/arm-none-eabi/13.2.1/thumb/v8-m.main+fp/hard\libc.a(libc_a-signalr.o)
 .ARM.attributes
                0x00000e30       0x38 C:/Program Files (x86)/Arm GNU Toolchain arm-none-eabi/13.2 Rel1/bin/../lib/gcc/arm-none-eabi/13.2.1/thumb/v8-m.main+fp/hard\libnosys.a(close.o)
 .ARM.attributes
                0x00000e68       0x38 C:/Program Files (x86)/Arm GNU Toolchain arm-none-eabi/13.2 Rel1/bin/../lib/gcc/arm-none-eabi/13.2.1/thumb/v8-m.main+fp/hard\libnosys.a(lseek.o)
 .ARM.attributes
                0x00000ea0       0x38 C:/Program Files (x86)/Arm GNU Toolchain arm-none-eabi/13.2 Rel1/bin/../lib/gcc/arm-none-eabi/13.2.1/thumb/v8-m.main+fp/hard\libnosys.a(read.o)
 .ARM.attributes
                0x00000ed8       0x38 C:/Program Files (x86)/Arm GNU Toolchain arm-none-eabi/13.2 Rel1/bin/../lib/gcc/arm-none-eabi/13.2.1/thumb/v8-m.main+fp/hard\libnosys.a(sbrk.o)
 .ARM.attributes
                0x00000f10       0x38 C:/Program Files (x86)/Arm GNU Toolchain arm-none-eabi/13.2 Rel1/bin/../lib/gcc/arm-none-eabi/13.2.1/thumb/v8-m.main+fp/hard\libnosys.a(_exit.o)
 .ARM.attributes
                0x00000f48       0x38 C:/Program Files (x86)/Arm GNU Toolchain arm-none-eabi/13.2 Rel1/bin/../lib/gcc/arm-none-eabi/13.2.1/thumb/v8-m.main+fp/hard\libnosys.a(fstat.o)
 .ARM.attributes
                0x00000f80       0x38 C:/Program Files (x86)/Arm GNU Toolchain arm-none-eabi/13.2 Rel1/bin/../lib/gcc/arm-none-eabi/13.2.1/thumb/v8-m.main+fp/hard\libnosys.a(getpid.o)
 .ARM.attributes
                0x00000fb8       0x38 C:/Program Files (x86)/Arm GNU Toolchain arm-none-eabi/13.2 Rel1/bin/../lib/gcc/arm-none-eabi/13.2.1/thumb/v8-m.main+fp/hard\libnosys.a(isatty.o)
 .ARM.attributes
                0x00000ff0       0x38 C:/Program Files (x86)/Arm GNU Toolchain arm-none-eabi/13.2 Rel1/bin/../lib/gcc/arm-none-eabi/13.2.1/thumb/v8-m.main+fp/hard\libnosys.a(kill.o)
 .ARM.attributes
                0x00001028       0x26 C:/Program Files (x86)/Arm GNU Toolchain arm-none-eabi/13.2 Rel1/bin/../lib/gcc/arm-none-eabi/13.2.1/thumb/v8-m.main+fp/hard\libgcc.a(_arm_addsubdf3.o)
 .ARM.attributes
                0x0000104e       0x26 C:/Program Files (x86)/Arm GNU Toolchain arm-none-eabi/13.2 Rel1/bin/../lib/gcc/arm-none-eabi/13.2.1/thumb/v8-m.main+fp/hard\libgcc.a(_arm_muldivdf3.o)
 .ARM.attributes
                0x00001074       0x26 C:/Program Files (x86)/Arm GNU Toolchain arm-none-eabi/13.2 Rel1/bin/../lib/gcc/arm-none-eabi/13.2.1/thumb/v8-m.main+fp/hard\libgcc.a(_arm_cmpdf2.o)
 .ARM.attributes
                0x0000109a       0x26 C:/Program Files (x86)/Arm GNU Toolchain arm-none-eabi/13.2 Rel1/bin/../lib/gcc/arm-none-eabi/13.2.1/thumb/v8-m.main+fp/hard\libgcc.a(_arm_unorddf2.o)
 .ARM.attributes
                0x000010c0       0x26 C:/Program Files (x86)/Arm GNU Toolchain arm-none-eabi/13.2 Rel1/bin/../lib/gcc/arm-none-eabi/13.2.1/thumb/v8-m.main+fp/hard\libgcc.a(_arm_fixdfsi.o)
 .ARM.attributes
                0x000010e6       0x26 C:/Program Files (x86)/Arm GNU Toolchain arm-none-eabi/13.2 Rel1/bin/../lib/gcc/arm-none-eabi/13.2.1/thumb/v8-m.main+fp/hard\libgcc.a(_arm_fixunsdfsi.o)
 .ARM.attributes
                0x0000110c       0x38 C:/Program Files (x86)/Arm GNU Toolchain arm-none-eabi/13.2 Rel1/bin/../lib/gcc/arm-none-eabi/13.2.1/thumb/v8-m.main+fp/hard/crtend.o
 .ARM.attributes
                0x00001144       0x26 C:/Program Files (x86)/Arm GNU Toolchain arm-none-eabi/13.2 Rel1/bin/../lib/gcc/arm-none-eabi/13.2.1/thumb/v8-m.main+fp/hard/crtn.o

.comment        0x00000000       0x44
 .comment       0x00000000       0x44 C:\Users\gabwan01\AppData\Local\Temp\ccFzBKo7.ltrans0.ltrans.o
                                 0x45 (size before relaxing)

.debug_frame    0x00000000     0x1c8c
 .debug_frame   0x00000000       0x20 C:/Program Files (x86)/Arm GNU Toolchain arm-none-eabi/13.2 Rel1/bin/../lib/gcc/arm-none-eabi/13.2.1/thumb/v8-m.main+fp/hard/crtfastmath.o
 .debug_frame   0x00000020      0x284 C:\Users\gabwan01\AppData\Local\Temp\ccFzBKo7.ltrans0.ltrans.o
 .debug_frame   0x000002a4       0x28 C:/Program Files (x86)/Arm GNU Toolchain arm-none-eabi/13.2 Rel1/bin/../lib/gcc/arm-none-eabi/13.2.1/thumb/v8-m.main+fp/hard\libc.a(libc_a-exit.o)
 .debug_frame   0x000002cc      0x13c C:/Program Files (x86)/Arm GNU Toolchain arm-none-eabi/13.2 Rel1/bin/../lib/gcc/arm-none-eabi/13.2.1/thumb/v8-m.main+fp/hard\libc.a(libc_a-findfp.o)
 .debug_frame   0x00000408       0x34 C:/Program Files (x86)/Arm GNU Toolchain arm-none-eabi/13.2 Rel1/bin/../lib/gcc/arm-none-eabi/13.2.1/thumb/v8-m.main+fp/hard\libc.a(libc_a-fwalk.o)
 .debug_frame   0x0000043c       0x8c C:/Program Files (x86)/Arm GNU Toolchain arm-none-eabi/13.2 Rel1/bin/../lib/gcc/arm-none-eabi/13.2.1/thumb/v8-m.main+fp/hard\libc.a(libc_a-stdio.o)
 .debug_frame   0x000004c8       0x2c C:/Program Files (x86)/Arm GNU Toolchain arm-none-eabi/13.2 Rel1/bin/../lib/gcc/arm-none-eabi/13.2.1/thumb/v8-m.main+fp/hard\libc.a(libc_a-memset.o)
 .debug_frame   0x000004f4       0x2c C:/Program Files (x86)/Arm GNU Toolchain arm-none-eabi/13.2 Rel1/bin/../lib/gcc/arm-none-eabi/13.2.1/thumb/v8-m.main+fp/hard\libc.a(libc_a-closer.o)
 .debug_frame   0x00000520       0x3c C:/Program Files (x86)/Arm GNU Toolchain arm-none-eabi/13.2 Rel1/bin/../lib/gcc/arm-none-eabi/13.2.1/thumb/v8-m.main+fp/hard\libc.a(libc_a-reent.o)
 .debug_frame   0x0000055c       0x2c C:/Program Files (x86)/Arm GNU Toolchain arm-none-eabi/13.2 Rel1/bin/../lib/gcc/arm-none-eabi/13.2.1/thumb/v8-m.main+fp/hard\libc.a(libc_a-lseekr.o)
 .debug_frame   0x00000588       0x2c C:/Program Files (x86)/Arm GNU Toolchain arm-none-eabi/13.2 Rel1/bin/../lib/gcc/arm-none-eabi/13.2.1/thumb/v8-m.main+fp/hard\libc.a(libc_a-readr.o)
 .debug_frame   0x000005b4       0x2c C:/Program Files (x86)/Arm GNU Toolchain arm-none-eabi/13.2 Rel1/bin/../lib/gcc/arm-none-eabi/13.2.1/thumb/v8-m.main+fp/hard\libc.a(libc_a-writer.o)
 .debug_frame   0x000005e0       0x2c C:/Program Files (x86)/Arm GNU Toolchain arm-none-eabi/13.2 Rel1/bin/../lib/gcc/arm-none-eabi/13.2.1/thumb/v8-m.main+fp/hard\libc.a(libc_a-init.o)
 .debug_frame   0x0000060c       0xb0 C:/Program Files (x86)/Arm GNU Toolchain arm-none-eabi/13.2 Rel1/bin/../lib/gcc/arm-none-eabi/13.2.1/thumb/v8-m.main+fp/hard\libc.a(libc_a-lock.o)
 .debug_frame   0x000006bc       0x5c C:/Program Files (x86)/Arm GNU Toolchain arm-none-eabi/13.2 Rel1/bin/../lib/gcc/arm-none-eabi/13.2.1/thumb/v8-m.main+fp/hard\libc.a(libc_a-__call_atexit.o)
 .debug_frame   0x00000718       0x20 C:/Program Files (x86)/Arm GNU Toolchain arm-none-eabi/13.2 Rel1/bin/../lib/gcc/arm-none-eabi/13.2.1/thumb/v8-m.main+fp/hard\libc.a(libc_a-atexit.o)
 .debug_frame   0x00000738       0x78 C:/Program Files (x86)/Arm GNU Toolchain arm-none-eabi/13.2 Rel1/bin/../lib/gcc/arm-none-eabi/13.2.1/thumb/v8-m.main+fp/hard\libc.a(libc_a-freer.o)
 .debug_frame   0x000007b0       0x48 C:/Program Files (x86)/Arm GNU Toolchain arm-none-eabi/13.2 Rel1/bin/../lib/gcc/arm-none-eabi/13.2.1/thumb/v8-m.main+fp/hard\libc.a(libc_a-mallocr.o)
 .debug_frame   0x000007f8       0x30 C:/Program Files (x86)/Arm GNU Toolchain arm-none-eabi/13.2 Rel1/bin/../lib/gcc/arm-none-eabi/13.2.1/thumb/v8-m.main+fp/hard\libc.a(libc_a-mlock.o)
 .debug_frame   0x00000828       0x3c C:/Program Files (x86)/Arm GNU Toolchain arm-none-eabi/13.2 Rel1/bin/../lib/gcc/arm-none-eabi/13.2.1/thumb/v8-m.main+fp/hard\libc.a(libc_a-fclose.o)
 .debug_frame   0x00000864       0x70 C:/Program Files (x86)/Arm GNU Toolchain arm-none-eabi/13.2 Rel1/bin/../lib/gcc/arm-none-eabi/13.2.1/thumb/v8-m.main+fp/hard\libc.a(libc_a-fflush.o)
 .debug_frame   0x000008d4       0x2c C:/Program Files (x86)/Arm GNU Toolchain arm-none-eabi/13.2 Rel1/bin/../lib/gcc/arm-none-eabi/13.2.1/thumb/v8-m.main+fp/hard\libc.a(libc_a-sbrkr.o)
 .debug_frame   0x00000900       0x34 C:/Program Files (x86)/Arm GNU Toolchain arm-none-eabi/13.2 Rel1/bin/../lib/gcc/arm-none-eabi/13.2.1/thumb/v8-m.main+fp/hard\libc.a(libc_a-fini.o)
 .debug_frame   0x00000934       0x28 C:/Program Files (x86)/Arm GNU Toolchain arm-none-eabi/13.2 Rel1/bin/../lib/gcc/arm-none-eabi/13.2.1/thumb/v8-m.main+fp/hard\libc.a(libc_a-sysconf.o)
 .debug_frame   0x0000095c       0x34 C:/Program Files (x86)/Arm GNU Toolchain arm-none-eabi/13.2 Rel1/bin/../lib/gcc/arm-none-eabi/13.2.1/thumb/v8-m.main+fp/hard\libc.a(libc_a-__atexit.o)
 .debug_frame   0x00000990       0x20 C:/Program Files (x86)/Arm GNU Toolchain arm-none-eabi/13.2 Rel1/bin/../lib/gcc/arm-none-eabi/13.2.1/thumb/v8-m.main+fp/hard\libc.a(libc_a-errno.o)
 .debug_frame   0x000009b0       0x74 C:/Program Files (x86)/Arm GNU Toolchain arm-none-eabi/13.2 Rel1/bin/../lib/gcc/arm-none-eabi/13.2.1/thumb/v8-m.main+fp/hard\libc.a(libc_a-printf.o)
 .debug_frame   0x00000a24       0x30 C:/Program Files (x86)/Arm GNU Toolchain arm-none-eabi/13.2 Rel1/bin/../lib/gcc/arm-none-eabi/13.2.1/thumb/v8-m.main+fp/hard\libc.a(libc_a-putchar.o)
 .debug_frame   0x00000a54       0x48 C:/Program Files (x86)/Arm GNU Toolchain arm-none-eabi/13.2 Rel1/bin/../lib/gcc/arm-none-eabi/13.2.1/thumb/v8-m.main+fp/hard\libc.a(libc_a-puts.o)
 .debug_frame   0x00000a9c       0x20 C:/Program Files (x86)/Arm GNU Toolchain arm-none-eabi/13.2 Rel1/bin/../lib/gcc/arm-none-eabi/13.2.1/thumb/v8-m.main+fp/hard\libc.a(libc_a-strlen-stub.o)
 .debug_frame   0x00000abc       0x88 C:/Program Files (x86)/Arm GNU Toolchain arm-none-eabi/13.2 Rel1/bin/../lib/gcc/arm-none-eabi/13.2.1/thumb/v8-m.main+fp/hard\libc.a(libc_a-vfprintf.o)
 .debug_frame   0x00000b44       0xd0 C:/Program Files (x86)/Arm GNU Toolchain arm-none-eabi/13.2 Rel1/bin/../lib/gcc/arm-none-eabi/13.2.1/thumb/v8-m.main+fp/hard\libc.a(libc_a-vfiprintf.o)
 .debug_frame   0x00000c14       0x64 C:/Program Files (x86)/Arm GNU Toolchain arm-none-eabi/13.2 Rel1/bin/../lib/gcc/arm-none-eabi/13.2.1/thumb/v8-m.main+fp/hard\libc.a(libc_a-fvwrite.o)
 .debug_frame   0x00000c78       0x48 C:/Program Files (x86)/Arm GNU Toolchain arm-none-eabi/13.2 Rel1/bin/../lib/gcc/arm-none-eabi/13.2.1/thumb/v8-m.main+fp/hard\libc.a(libc_a-putc.o)
 .debug_frame   0x00000cc0       0x40 C:/Program Files (x86)/Arm GNU Toolchain arm-none-eabi/13.2 Rel1/bin/../lib/gcc/arm-none-eabi/13.2.1/thumb/v8-m.main+fp/hard\libc.a(libc_a-wbuf.o)
 .debug_frame   0x00000d00       0x2c C:/Program Files (x86)/Arm GNU Toolchain arm-none-eabi/13.2 Rel1/bin/../lib/gcc/arm-none-eabi/13.2.1/thumb/v8-m.main+fp/hard\libc.a(libc_a-wsetup.o)
 .debug_frame   0x00000d2c       0x80 C:/Program Files (x86)/Arm GNU Toolchain arm-none-eabi/13.2 Rel1/bin/../lib/gcc/arm-none-eabi/13.2.1/thumb/v8-m.main+fp/hard\libc.a(libc_a-fputwc.o)
 .debug_frame   0x00000dac       0x40 C:/Program Files (x86)/Arm GNU Toolchain arm-none-eabi/13.2 Rel1/bin/../lib/gcc/arm-none-eabi/13.2.1/thumb/v8-m.main+fp/hard\libc.a(libc_a-memmove.o)
 .debug_frame   0x00000dec       0x2c C:/Program Files (x86)/Arm GNU Toolchain arm-none-eabi/13.2 Rel1/bin/../lib/gcc/arm-none-eabi/13.2.1/thumb/v8-m.main+fp/hard\libc.a(libc_a-strncpy.o)
 .debug_frame   0x00000e18       0xdc C:/Program Files (x86)/Arm GNU Toolchain arm-none-eabi/13.2 Rel1/bin/../lib/gcc/arm-none-eabi/13.2.1/thumb/v8-m.main+fp/hard\libc.a(libc_a-locale.o)
 .debug_frame   0x00000ef4       0x40 C:/Program Files (x86)/Arm GNU Toolchain arm-none-eabi/13.2 Rel1/bin/../lib/gcc/arm-none-eabi/13.2.1/thumb/v8-m.main+fp/hard\libc.a(libc_a-localeconv.o)
 .debug_frame   0x00000f34       0x2c C:/Program Files (x86)/Arm GNU Toolchain arm-none-eabi/13.2 Rel1/bin/../lib/gcc/arm-none-eabi/13.2.1/thumb/v8-m.main+fp/hard\libc.a(libc_a-memchr-stub.o)
 .debug_frame   0x00000f60       0x2c C:/Program Files (x86)/Arm GNU Toolchain arm-none-eabi/13.2 Rel1/bin/../lib/gcc/arm-none-eabi/13.2.1/thumb/v8-m.main+fp/hard\libc.a(libm_a-s_frexp.o)
 .debug_frame   0x00000f8c       0x84 C:/Program Files (x86)/Arm GNU Toolchain arm-none-eabi/13.2 Rel1/bin/../lib/gcc/arm-none-eabi/13.2.1/thumb/v8-m.main+fp/hard\libc.a(libc_a-dtoa.o)
 .debug_frame   0x00001010      0x130 C:/Program Files (x86)/Arm GNU Toolchain arm-none-eabi/13.2 Rel1/bin/../lib/gcc/arm-none-eabi/13.2.1/thumb/v8-m.main+fp/hard\libc.a(libc_a-mbtowc_r.o)
 .debug_frame   0x00001140      0x28c C:/Program Files (x86)/Arm GNU Toolchain arm-none-eabi/13.2 Rel1/bin/../lib/gcc/arm-none-eabi/13.2.1/thumb/v8-m.main+fp/hard\libc.a(libc_a-mprec.o)
 .debug_frame   0x000013cc       0x58 C:/Program Files (x86)/Arm GNU Toolchain arm-none-eabi/13.2 Rel1/bin/../lib/gcc/arm-none-eabi/13.2.1/thumb/v8-m.main+fp/hard\libc.a(libc_a-reallocr.o)
 .debug_frame   0x00001424       0xa4 C:/Program Files (x86)/Arm GNU Toolchain arm-none-eabi/13.2 Rel1/bin/../lib/gcc/arm-none-eabi/13.2.1/thumb/v8-m.main+fp/hard\libc.a(libc_a-wctomb_r.o)
 .debug_frame   0x000014c8       0x60 C:/Program Files (x86)/Arm GNU Toolchain arm-none-eabi/13.2 Rel1/bin/../lib/gcc/arm-none-eabi/13.2.1/thumb/v8-m.main+fp/hard\libc.a(libc_a-wcrtomb.o)
 .debug_frame   0x00001528       0x50 C:/Program Files (x86)/Arm GNU Toolchain arm-none-eabi/13.2 Rel1/bin/../lib/gcc/arm-none-eabi/13.2.1/thumb/v8-m.main+fp/hard\libc.a(libc_a-wcsrtombs.o)
 .debug_frame   0x00001578       0x20 C:/Program Files (x86)/Arm GNU Toolchain arm-none-eabi/13.2 Rel1/bin/../lib/gcc/arm-none-eabi/13.2.1/thumb/v8-m.main+fp/hard\libc.a(libc_a-ctype_.o)
 .debug_frame   0x00001598       0x70 C:/Program Files (x86)/Arm GNU Toolchain arm-none-eabi/13.2 Rel1/bin/../lib/gcc/arm-none-eabi/13.2.1/thumb/v8-m.main+fp/hard\libc.a(libc_a-makebuf.o)
 .debug_frame   0x00001608       0x2c C:/Program Files (x86)/Arm GNU Toolchain arm-none-eabi/13.2 Rel1/bin/../lib/gcc/arm-none-eabi/13.2.1/thumb/v8-m.main+fp/hard\libc.a(libc_a-fstatr.o)
 .debug_frame   0x00001634       0x2c C:/Program Files (x86)/Arm GNU Toolchain arm-none-eabi/13.2 Rel1/bin/../lib/gcc/arm-none-eabi/13.2.1/thumb/v8-m.main+fp/hard\libc.a(libc_a-isattyr.o)
 .debug_frame   0x00001660       0x40 C:/Program Files (x86)/Arm GNU Toolchain arm-none-eabi/13.2 Rel1/bin/../lib/gcc/arm-none-eabi/13.2.1/thumb/v8-m.main+fp/hard\libc.a(libc_a-assert.o)
 .debug_frame   0x000016a0       0x2c C:/Program Files (x86)/Arm GNU Toolchain arm-none-eabi/13.2 Rel1/bin/../lib/gcc/arm-none-eabi/13.2.1/thumb/v8-m.main+fp/hard\libc.a(libc_a-callocr.o)
 .debug_frame   0x000016cc       0x8c C:/Program Files (x86)/Arm GNU Toolchain arm-none-eabi/13.2 Rel1/bin/../lib/gcc/arm-none-eabi/13.2.1/thumb/v8-m.main+fp/hard\libc.a(libc_a-wcsnrtombs.o)
 .debug_frame   0x00001758       0x70 C:/Program Files (x86)/Arm GNU Toolchain arm-none-eabi/13.2 Rel1/bin/../lib/gcc/arm-none-eabi/13.2.1/thumb/v8-m.main+fp/hard\libc.a(libc_a-fiprintf.o)
 .debug_frame   0x000017c8       0x28 C:/Program Files (x86)/Arm GNU Toolchain arm-none-eabi/13.2 Rel1/bin/../lib/gcc/arm-none-eabi/13.2.1/thumb/v8-m.main+fp/hard\libc.a(libc_a-abort.o)
 .debug_frame   0x000017f0      0x118 C:/Program Files (x86)/Arm GNU Toolchain arm-none-eabi/13.2 Rel1/bin/../lib/gcc/arm-none-eabi/13.2.1/thumb/v8-m.main+fp/hard\libc.a(libc_a-signal.o)
 .debug_frame   0x00001908       0x3c C:/Program Files (x86)/Arm GNU Toolchain arm-none-eabi/13.2 Rel1/bin/../lib/gcc/arm-none-eabi/13.2.1/thumb/v8-m.main+fp/hard\libc.a(libc_a-signalr.o)
 .debug_frame   0x00001944       0x20 C:/Program Files (x86)/Arm GNU Toolchain arm-none-eabi/13.2 Rel1/bin/../lib/gcc/arm-none-eabi/13.2.1/thumb/v8-m.main+fp/hard\libnosys.a(close.o)
 .debug_frame   0x00001964       0x20 C:/Program Files (x86)/Arm GNU Toolchain arm-none-eabi/13.2 Rel1/bin/../lib/gcc/arm-none-eabi/13.2.1/thumb/v8-m.main+fp/hard\libnosys.a(lseek.o)
 .debug_frame   0x00001984       0x20 C:/Program Files (x86)/Arm GNU Toolchain arm-none-eabi/13.2 Rel1/bin/../lib/gcc/arm-none-eabi/13.2.1/thumb/v8-m.main+fp/hard\libnosys.a(read.o)
 .debug_frame   0x000019a4       0x20 C:/Program Files (x86)/Arm GNU Toolchain arm-none-eabi/13.2 Rel1/bin/../lib/gcc/arm-none-eabi/13.2.1/thumb/v8-m.main+fp/hard\libnosys.a(sbrk.o)
 .debug_frame   0x000019c4       0x20 C:/Program Files (x86)/Arm GNU Toolchain arm-none-eabi/13.2 Rel1/bin/../lib/gcc/arm-none-eabi/13.2.1/thumb/v8-m.main+fp/hard\libnosys.a(_exit.o)
 .debug_frame   0x000019e4       0x20 C:/Program Files (x86)/Arm GNU Toolchain arm-none-eabi/13.2 Rel1/bin/../lib/gcc/arm-none-eabi/13.2.1/thumb/v8-m.main+fp/hard\libnosys.a(fstat.o)
 .debug_frame   0x00001a04       0x20 C:/Program Files (x86)/Arm GNU Toolchain arm-none-eabi/13.2 Rel1/bin/../lib/gcc/arm-none-eabi/13.2.1/thumb/v8-m.main+fp/hard\libnosys.a(getpid.o)
 .debug_frame   0x00001a24       0x20 C:/Program Files (x86)/Arm GNU Toolchain arm-none-eabi/13.2 Rel1/bin/../lib/gcc/arm-none-eabi/13.2.1/thumb/v8-m.main+fp/hard\libnosys.a(isatty.o)
 .debug_frame   0x00001a44       0x20 C:/Program Files (x86)/Arm GNU Toolchain arm-none-eabi/13.2 Rel1/bin/../lib/gcc/arm-none-eabi/13.2.1/thumb/v8-m.main+fp/hard\libnosys.a(kill.o)
 .debug_frame   0x00001a64       0xac C:/Program Files (x86)/Arm GNU Toolchain arm-none-eabi/13.2 Rel1/bin/../lib/gcc/arm-none-eabi/13.2.1/thumb/v8-m.main+fp/hard\libgcc.a(_arm_addsubdf3.o)
 .debug_frame   0x00001b10       0x50 C:/Program Files (x86)/Arm GNU Toolchain arm-none-eabi/13.2 Rel1/bin/../lib/gcc/arm-none-eabi/13.2.1/thumb/v8-m.main+fp/hard\libgcc.a(_arm_muldivdf3.o)
 .debug_frame   0x00001b60       0xc4 C:/Program Files (x86)/Arm GNU Toolchain arm-none-eabi/13.2 Rel1/bin/../lib/gcc/arm-none-eabi/13.2.1/thumb/v8-m.main+fp/hard\libgcc.a(_arm_cmpdf2.o)
 .debug_frame   0x00001c24       0x20 C:/Program Files (x86)/Arm GNU Toolchain arm-none-eabi/13.2 Rel1/bin/../lib/gcc/arm-none-eabi/13.2.1/thumb/v8-m.main+fp/hard\libgcc.a(_arm_unorddf2.o)
 .debug_frame   0x00001c44       0x24 C:/Program Files (x86)/Arm GNU Toolchain arm-none-eabi/13.2 Rel1/bin/../lib/gcc/arm-none-eabi/13.2.1/thumb/v8-m.main+fp/hard\libgcc.a(_arm_fixdfsi.o)
 .debug_frame   0x00001c68       0x24 C:/Program Files (x86)/Arm GNU Toolchain arm-none-eabi/13.2 Rel1/bin/../lib/gcc/arm-none-eabi/13.2.1/thumb/v8-m.main+fp/hard\libgcc.a(_arm_fixunsdfsi.o)

.debug_line_str
                0x00000000      0x293
 .debug_line_str
                0x00000000      0x293 C:/Program Files (x86)/Arm GNU Toolchain arm-none-eabi/13.2 Rel1/bin/../lib/gcc/arm-none-eabi/13.2.1/thumb/v8-m.main+fp/hard/crt0.o
                                 0xda (size before relaxing)
 .debug_line_str
                0x00000293       0xe7 C:/Program Files (x86)/Arm GNU Toolchain arm-none-eabi/13.2 Rel1/bin/../lib/gcc/arm-none-eabi/13.2.1/thumb/v8-m.main+fp/hard\libc.a(libc_a-memcpy.o)
 .debug_line_str
                0x00000293       0xd2 C:/Program Files (x86)/Arm GNU Toolchain arm-none-eabi/13.2 Rel1/bin/../lib/gcc/arm-none-eabi/13.2.1/thumb/v8-m.main+fp/hard\libgcc.a(_arm_addsubdf3.o)
 .debug_line_str
                0x00000293       0xd2 C:/Program Files (x86)/Arm GNU Toolchain arm-none-eabi/13.2 Rel1/bin/../lib/gcc/arm-none-eabi/13.2.1/thumb/v8-m.main+fp/hard\libgcc.a(_arm_muldivdf3.o)
 .debug_line_str
                0x00000293       0xd2 C:/Program Files (x86)/Arm GNU Toolchain arm-none-eabi/13.2 Rel1/bin/../lib/gcc/arm-none-eabi/13.2.1/thumb/v8-m.main+fp/hard\libgcc.a(_arm_cmpdf2.o)
 .debug_line_str
                0x00000293       0xd2 C:/Program Files (x86)/Arm GNU Toolchain arm-none-eabi/13.2 Rel1/bin/../lib/gcc/arm-none-eabi/13.2.1/thumb/v8-m.main+fp/hard\libgcc.a(_arm_unorddf2.o)
 .debug_line_str
                0x00000293       0xd2 C:/Program Files (x86)/Arm GNU Toolchain arm-none-eabi/13.2 Rel1/bin/../lib/gcc/arm-none-eabi/13.2.1/thumb/v8-m.main+fp/hard\libgcc.a(_arm_fixdfsi.o)
 .debug_line_str
                0x00000293       0xd2 C:/Program Files (x86)/Arm GNU Toolchain arm-none-eabi/13.2 Rel1/bin/../lib/gcc/arm-none-eabi/13.2.1/thumb/v8-m.main+fp/hard\libgcc.a(_arm_fixunsdfsi.o)

.debug_info     0x00000000     0x75e4
 .debug_info    0x00000000     0x396c C:\Users\gabwan01\AppData\Local\Temp\ccFzBKo7.ltrans0.ltrans.o
 .debug_info    0x0000396c       0xfd C:\Users\gabwan01\AppData\Local\Temp\ccxUKEH8.debug.temp.o
                0x0000396c                platform.c.41e772b4
 .debug_info    0x00003a69      0x149 C:\Users\gabwan01\AppData\Local\Temp\ccUPsYLc.debug.temp.o
                0x00003a69                serial.c.b1f6427d
 .debug_info    0x00003bb2      0x134 C:\Users\gabwan01\AppData\Local\Temp\cchLaiQg.debug.temp.o
                0x00003bb2                main.c.4f46de23
 .debug_info    0x00003ce6      0x9f9 C:\Users\gabwan01\AppData\Local\Temp\ccEGSBUk.debug.temp.o
                0x00003ce6                EventRecorder.c.60a5903a
 .debug_info    0x000046df      0x297 C:\Users\gabwan01\AppData\Local\Temp\cc1BAVYo.debug.temp.o
                0x000046df                startup_IOTKit_CM33.c.64e1cca0
 .debug_info    0x00004976      0x4c5 C:\Users\gabwan01\AppData\Local\Temp\ccoxif3s.debug.temp.o
                0x00004976                system_IOTKit_CM33.c.6b12b53b
 .debug_info    0x00004e3b      0x841 C:\Users\gabwan01\AppData\Local\Temp\ccLs0y7w.debug.temp.o
                0x00004e3b                core_list_join.c.7c21ea43
 .debug_info    0x0000567c      0x4cb C:\Users\gabwan01\AppData\Local\Temp\cc8nISbB.debug.temp.o
                0x0000567c                core_matrix.c.73edc5a4
 .debug_info    0x00005b47      0x2eb C:\Users\gabwan01\AppData\Local\Temp\ccvjqcgF.debug.temp.o
                0x00005b47                core_state.c.216b4f62
 .debug_info    0x00005e32      0x212 C:\Users\gabwan01\AppData\Local\Temp\ccSe8vkJ.debug.temp.o
                0x00005e32                core_util.c.0b20e8de
 .debug_info    0x00006044      0x658 C:\Users\gabwan01\AppData\Local\Temp\cc9mGaGQ.debug.temp.o
                0x00006044                core_main.c.3fd4620b
 .debug_info    0x0000669c      0xc79 C:\Users\gabwan01\AppData\Local\Temp\ccqveP1X.debug.temp.o
                0x0000669c                perf_counter.c.ddd597fe
 .debug_info    0x00007315      0x2cf C:\Users\gabwan01\AppData\Local\Temp\ccHDMtn5.debug.temp.o
                0x00007315                core_portme.c.bad72eb3

.debug_abbrev   0x00000000     0x125a
 .debug_abbrev  0x00000000      0x283 C:\Users\gabwan01\AppData\Local\Temp\ccFzBKo7.ltrans0.ltrans.o
 .debug_abbrev  0x00000283       0x9f C:\Users\gabwan01\AppData\Local\Temp\ccxUKEH8.debug.temp.o
 .debug_abbrev  0x00000322       0xb7 C:\Users\gabwan01\AppData\Local\Temp\ccUPsYLc.debug.temp.o
 .debug_abbrev  0x000003d9       0xe2 C:\Users\gabwan01\AppData\Local\Temp\cchLaiQg.debug.temp.o
 .debug_abbrev  0x000004bb      0x18a C:\Users\gabwan01\AppData\Local\Temp\ccEGSBUk.debug.temp.o
 .debug_abbrev  0x00000645      0x157 C:\Users\gabwan01\AppData\Local\Temp\cc1BAVYo.debug.temp.o
 .debug_abbrev  0x0000079c       0xd6 C:\Users\gabwan01\AppData\Local\Temp\ccoxif3s.debug.temp.o
 .debug_abbrev  0x00000872      0x174 C:\Users\gabwan01\AppData\Local\Temp\ccLs0y7w.debug.temp.o
 .debug_abbrev  0x000009e6      0x11f C:\Users\gabwan01\AppData\Local\Temp\cc8nISbB.debug.temp.o
 .debug_abbrev  0x00000b05      0x116 C:\Users\gabwan01\AppData\Local\Temp\ccvjqcgF.debug.temp.o
 .debug_abbrev  0x00000c1b       0xb3 C:\Users\gabwan01\AppData\Local\Temp\ccSe8vkJ.debug.temp.o
 .debug_abbrev  0x00000cce      0x18c C:\Users\gabwan01\AppData\Local\Temp\cc9mGaGQ.debug.temp.o
 .debug_abbrev  0x00000e5a      0x27a C:\Users\gabwan01\AppData\Local\Temp\ccqveP1X.debug.temp.o
 .debug_abbrev  0x000010d4      0x186 C:\Users\gabwan01\AppData\Local\Temp\ccHDMtn5.debug.temp.o

.debug_loclists
                0x00000000     0x706e
 .debug_loclists
                0x00000000     0x706e C:\Users\gabwan01\AppData\Local\Temp\ccFzBKo7.ltrans0.ltrans.o

.debug_aranges  0x00000000       0xa8
 .debug_aranges